Archive member included to satisfy reference by file (symbol)

c:/st/stm32cubeide_1.5.0/stm32cubeide/plugins/com.st.stm32cube.ide.mcu.externaltools.gnu-tools-for-stm32.9-2020-q2-update.win32_1.5.0.202011040924/tools/bin/../lib/gcc/arm-none-eabi/9.3.1/../../../../arm-none-eabi/lib/thumb/v7e-m+fp/hard\libc_nano.a(lib_a-errno.o)
                              Core/Src/syscalls.o (__errno)
c:/st/stm32cubeide_1.5.0/stm32cubeide/plugins/com.st.stm32cube.ide.mcu.externaltools.gnu-tools-for-stm32.9-2020-q2-update.win32_1.5.0.202011040924/tools/bin/../lib/gcc/arm-none-eabi/9.3.1/../../../../arm-none-eabi/lib/thumb/v7e-m+fp/hard\libc_nano.a(lib_a-exit.o)
                              c:/st/stm32cubeide_1.5.0/stm32cubeide/plugins/com.st.stm32cube.ide.mcu.externaltools.gnu-tools-for-stm32.9-2020-q2-update.win32_1.5.0.202011040924/tools/bin/../lib/gcc/arm-none-eabi/9.3.1/../../../../arm-none-eabi/lib/thumb/v7e-m+fp/hard/crt0.o (exit)
c:/st/stm32cubeide_1.5.0/stm32cubeide/plugins/com.st.stm32cube.ide.mcu.externaltools.gnu-tools-for-stm32.9-2020-q2-update.win32_1.5.0.202011040924/tools/bin/../lib/gcc/arm-none-eabi/9.3.1/../../../../arm-none-eabi/lib/thumb/v7e-m+fp/hard\libc_nano.a(lib_a-impure.o)
                              c:/st/stm32cubeide_1.5.0/stm32cubeide/plugins/com.st.stm32cube.ide.mcu.externaltools.gnu-tools-for-stm32.9-2020-q2-update.win32_1.5.0.202011040924/tools/bin/../lib/gcc/arm-none-eabi/9.3.1/../../../../arm-none-eabi/lib/thumb/v7e-m+fp/hard\libc_nano.a(lib_a-exit.o) (_global_impure_ptr)
c:/st/stm32cubeide_1.5.0/stm32cubeide/plugins/com.st.stm32cube.ide.mcu.externaltools.gnu-tools-for-stm32.9-2020-q2-update.win32_1.5.0.202011040924/tools/bin/../lib/gcc/arm-none-eabi/9.3.1/../../../../arm-none-eabi/lib/thumb/v7e-m+fp/hard\libc_nano.a(lib_a-init.o)
                              c:/st/stm32cubeide_1.5.0/stm32cubeide/plugins/com.st.stm32cube.ide.mcu.externaltools.gnu-tools-for-stm32.9-2020-q2-update.win32_1.5.0.202011040924/tools/bin/../lib/gcc/arm-none-eabi/9.3.1/../../../../arm-none-eabi/lib/thumb/v7e-m+fp/hard/crt0.o (__libc_init_array)
c:/st/stm32cubeide_1.5.0/stm32cubeide/plugins/com.st.stm32cube.ide.mcu.externaltools.gnu-tools-for-stm32.9-2020-q2-update.win32_1.5.0.202011040924/tools/bin/../lib/gcc/arm-none-eabi/9.3.1/../../../../arm-none-eabi/lib/thumb/v7e-m+fp/hard\libc_nano.a(lib_a-memset.o)
                              c:/st/stm32cubeide_1.5.0/stm32cubeide/plugins/com.st.stm32cube.ide.mcu.externaltools.gnu-tools-for-stm32.9-2020-q2-update.win32_1.5.0.202011040924/tools/bin/../lib/gcc/arm-none-eabi/9.3.1/../../../../arm-none-eabi/lib/thumb/v7e-m+fp/hard/crt0.o (memset)
c:/st/stm32cubeide_1.5.0/stm32cubeide/plugins/com.st.stm32cube.ide.mcu.externaltools.gnu-tools-for-stm32.9-2020-q2-update.win32_1.5.0.202011040924/tools/bin/../lib/gcc/arm-none-eabi/9.3.1/../../../../arm-none-eabi/lib/thumb/v7e-m+fp/hard\libc_nano.a(lib_a-nano-vfprintf_float.o)
                              (_printf_float)
c:/st/stm32cubeide_1.5.0/stm32cubeide/plugins/com.st.stm32cube.ide.mcu.externaltools.gnu-tools-for-stm32.9-2020-q2-update.win32_1.5.0.202011040924/tools/bin/../lib/gcc/arm-none-eabi/9.3.1/../../../../arm-none-eabi/lib/thumb/v7e-m+fp/hard\libc_nano.a(lib_a-nano-vfprintf_i.o)
                              c:/st/stm32cubeide_1.5.0/stm32cubeide/plugins/com.st.stm32cube.ide.mcu.externaltools.gnu-tools-for-stm32.9-2020-q2-update.win32_1.5.0.202011040924/tools/bin/../lib/gcc/arm-none-eabi/9.3.1/../../../../arm-none-eabi/lib/thumb/v7e-m+fp/hard\libc_nano.a(lib_a-nano-vfprintf_float.o) (_printf_common)
c:/st/stm32cubeide_1.5.0/stm32cubeide/plugins/com.st.stm32cube.ide.mcu.externaltools.gnu-tools-for-stm32.9-2020-q2-update.win32_1.5.0.202011040924/tools/bin/../lib/gcc/arm-none-eabi/9.3.1/../../../../arm-none-eabi/lib/thumb/v7e-m+fp/hard\libc_nano.a(lib_a-printf.o)
                              Core/Src/SR04.o (printf)
c:/st/stm32cubeide_1.5.0/stm32cubeide/plugins/com.st.stm32cube.ide.mcu.externaltools.gnu-tools-for-stm32.9-2020-q2-update.win32_1.5.0.202011040924/tools/bin/../lib/gcc/arm-none-eabi/9.3.1/../../../../arm-none-eabi/lib/thumb/v7e-m+fp/hard\libc_nano.a(lib_a-puts.o)
                              Core/Src/main.o (puts)
c:/st/stm32cubeide_1.5.0/stm32cubeide/plugins/com.st.stm32cube.ide.mcu.externaltools.gnu-tools-for-stm32.9-2020-q2-update.win32_1.5.0.202011040924/tools/bin/../lib/gcc/arm-none-eabi/9.3.1/../../../../arm-none-eabi/lib/thumb/v7e-m+fp/hard\libc_nano.a(lib_a-sprintf.o)
                              Core/Src/main.o (sprintf)
c:/st/stm32cubeide_1.5.0/stm32cubeide/plugins/com.st.stm32cube.ide.mcu.externaltools.gnu-tools-for-stm32.9-2020-q2-update.win32_1.5.0.202011040924/tools/bin/../lib/gcc/arm-none-eabi/9.3.1/../../../../arm-none-eabi/lib/thumb/v7e-m+fp/hard\libc_nano.a(lib_a-strlen.o)
[...]
Memory Configuration

Name             Origin             Length             Attributes
RAM              0x0000000020000000 0x0000000000018000 xrw
FLASH            0x0000000008000000 0x0000000000080000 xr
*default*        0x0000000000000000 0xffffffffffffffff

Linker script and memory map

LOAD c:/st/stm32cubeide_1.5.0/stm32cubeide/plugins/com.st.stm32cube.ide.mcu.externaltools.gnu-tools-for-stm32.9-2020-q2-update.win32_1.5.0.202011040924/tools/bin/../lib/gcc/arm-none-eabi/9.3.1/thumb/v7e-m+fp/hard/crti.o
LOAD c:/st/stm32cubeide_1.5.0/stm32cubeide/plugins/com.st.stm32cube.ide.mcu.externaltools.gnu-tools-for-stm32.9-2020-q2-update.win32_1.5.0.202011040924/tools/bin/../lib/gcc/arm-none-eabi/9.3.1/thumb/v7e-m+fp/hard/crtbegin.o
LOAD c:/st/stm32cubeide_1.5.0/stm32cubeide/plugins/com.st.stm32cube.ide.mcu.externaltools.gnu-tools-for-stm32.9-2020-q2-update.win32_1.5.0.202011040924/tools/bin/../lib/gcc/arm-none-eabi/9.3.1/../../../../arm-none-eabi/lib/thumb/v7e-m+fp/hard/crt0.o
LOAD Core/Src/I2C_LCD1602.o
LOAD Core/Src/SR04.o
LOAD Core/Src/Zeus_define.o
LOAD Core/Src/adc.o
LOAD Core/Src/dma.o
LOAD Core/Src/gpio.o
LOAD Core/Src/i2c.o
LOAD Core/Src/main.o
LOAD Core/Src/stm32f4xx_hal_msp.o
LOAD Core/Src/stm32f4xx_it.o
LOAD Core/Src/syscalls.o
LOAD Core/Src/sysmem.o
LOAD Core/Src/system_stm32f4xx.o
LOAD Core/Src/tim.o
LOAD Core/Src/usart.o
LOAD Core/Src/u8g/chessengine.o
LOAD Core/Src/u8g/u8g_arm.o
LOAD Core/Src/u8g/u8g_bitmap.o
LOAD Core/Src/u8g/u8g_circle.o
LOAD Core/Src/u8g/u8g_clip.o
LOAD Core/Src/u8g/u8g_com_api.o
LOAD Core/Src/u8g/u8g_com_api_16gr.o
LOAD Core/Src/u8g/u8g_com_i2c.o
LOAD Core/Src/u8g/u8g_com_io.o
LOAD Core/Src/u8g/u8g_com_null.o
LOAD Core/Src/u8g/u8g_com_std_sw_spi.o
LOAD Core/Src/u8g/u8g_cursor.o
LOAD Core/Src/u8g/u8g_delay.o
LOAD Core/Src/u8g/u8g_dev_a2_micro_printer.o
LOAD Core/Src/u8g/u8g_dev_flipdisc_2x7.o
LOAD Core/Src/u8g/u8g_dev_gprof.o
LOAD Core/Src/u8g/u8g_dev_ht1632.o
LOAD Core/Src/u8g/u8g_dev_ssd1306_128x32.o
LOAD Core/Src/u8g/u8g_dev_ssd1306_128x64.o
LOAD Core/Src/u8g/u8g_dev_ssd1306_64x48.o
LOAD Core/Src/u8g/u8g_ellipse.o
LOAD Core/Src/u8g/u8g_font.o
LOAD Core/Src/u8g/u8g_font_data.o
LOAD Core/Src/u8g/u8g_line.o
LOAD Core/Src/u8g/u8g_ll_api.o
LOAD Core/Src/u8g/u8g_page.o
LOAD Core/Src/u8g/u8g_pb.o
LOAD Core/Src/u8g/u8g_pb14v1.o
LOAD Core/Src/u8g/u8g_pb16h1.o
LOAD Core/Src/u8g/u8g_pb16h2.o
LOAD Core/Src/u8g/u8g_pb16v1.o
LOAD Core/Src/u8g/u8g_pb16v2.o
LOAD Core/Src/u8g/u8g_pb32h1.o
LOAD Core/Src/u8g/u8g_pb8h1.o
LOAD Core/Src/u8g/u8g_pb8h1f.o
LOAD Core/Src/u8g/u8g_pb8h2.o
LOAD Core/Src/u8g/u8g_pb8h8.o
LOAD Core/Src/u8g/u8g_pb8v1.o
LOAD Core/Src/u8g/u8g_pb8v2.o
LOAD Core/Src/u8g/u8g_pbxh16.o
LOAD Core/Src/u8g/u8g_pbxh24.o
LOAD Core/Src/u8g/u8g_polygon.o
LOAD Core/Src/u8g/u8g_rect.o
LOAD Core/Src/u8g/u8g_rot.o
LOAD Core/Src/u8g/u8g_scale.o
LOAD Core/Src/u8g/u8g_state.o
LOAD Core/Src/u8g/u8g_u16toa.o
LOAD Core/Src/u8g/u8g_u8toa.o
LOAD Core/Src/u8g/u8g_virtual_screen.o
LOAD Core/Startup/startup_stm32f401retx.o
LOAD Drivers/STM32F4xx_HAL_Driver/Src/stm32f4xx_hal.o
LOAD Drivers/STM32F4xx_HAL_Driver/Src/stm32f4xx_hal_adc.o
LOAD Drivers/STM32F4xx_HAL_Driver/Src/stm32f4xx_hal_adc_ex.o
LOAD Drivers/STM32F4xx_HAL_Driver/Src/stm32f4xx_hal_cortex.o
LOAD Drivers/STM32F4xx_HAL_Driver/Src/stm32f4xx_hal_dma.o
LOAD Drivers/STM32F4xx_HAL_Driver/Src/stm32f4xx_hal_dma_ex.o
LOAD Drivers/STM32F4xx_HAL_Driver/Src/stm32f4xx_hal_exti.o
LOAD Drivers/STM32F4xx_HAL_Driver/Src/stm32f4xx_hal_flash.o
LOAD Drivers/STM32F4xx_HAL_Driver/Src/stm32f4xx_hal_flash_ex.o
LOAD Drivers/STM32F4xx_HAL_Driver/Src/stm32f4xx_hal_flash_ramfunc.o
LOAD Drivers/STM32F4xx_HAL_Driver/Src/stm32f4xx_hal_gpio.o
LOAD Drivers/STM32F4xx_HAL_Driver/Src/stm32f4xx_hal_i2c.o
LOAD Drivers/STM32F4xx_HAL_Driver/Src/stm32f4xx_hal_i2c_ex.o
LOAD Drivers/STM32F4xx_HAL_Driver/Src/stm32f4xx_hal_pwr.o
LOAD Drivers/STM32F4xx_HAL_Driver/Src/stm32f4xx_hal_pwr_ex.o
LOAD Drivers/STM32F4xx_HAL_Driver/Src/stm32f4xx_hal_rcc.o
LOAD Drivers/STM32F4xx_HAL_Driver/Src/stm32f4xx_hal_rcc_ex.o
LOAD Drivers/STM32F4xx_HAL_Driver/Src/stm32f4xx_hal_tim.o
LOAD Drivers/STM32F4xx_HAL_Driver/Src/stm32f4xx_hal_tim_ex.o
LOAD Drivers/STM32F4xx_HAL_Driver/Src/stm32f4xx_hal_uart.o
LOAD Drivers/STM32F4xx_HAL_Driver/Src/stm32f4xx_ll_adc.o
START GROUP
LOAD c:/st/stm32cubeide_1.5.0/stm32cubeide/plugins/com.st.stm32cube.ide.mcu.externaltools.gnu-tools-for-stm32.9-2020-q2-update.win32_1.5.0.202011040924/tools/bin/../lib/gcc/arm-none-eabi/9.3.1/../../../../arm-none-eabi/lib/thumb/v7e-m+fp/hard\libc_nano.a
LOAD c:/st/stm32cubeide_1.5.0/stm32cubeide/plugins/com.st.stm32cube.ide.mcu.externaltools.gnu-tools-for-stm32.9-2020-q2-update.win32_1.5.0.202011040924/tools/bin/../lib/gcc/arm-none-eabi/9.3.1/../../../../arm-none-eabi/lib/thumb/v7e-m+fp/hard\libm.a
END GROUP
START GROUP
LOAD c:/st/stm32cubeide_1.5.0/stm32cubeide/plugins/com.st.stm32cube.ide.mcu.externaltools.gnu-tools-for-stm32.9-2020-q2-update.win32_1.5.0.202011040924/tools/bin/../lib/gcc/arm-none-eabi/9.3.1/thumb/v7e-m+fp/hard\libgcc.a
LOAD c:/st/stm32cubeide_1.5.0/stm32cubeide/plugins/com.st.stm32cube.ide.mcu.externaltools.gnu-tools-for-stm32.9-2020-q2-update.win32_1.5.0.202011040924/tools/bin/../lib/gcc/arm-none-eabi/9.3.1/../../../../arm-none-eabi/lib/thumb/v7e-m+fp/hard\libc_nano.a
END GROUP
START GROUP
LOAD c:/st/stm32cubeide_1.5.0/stm32cubeide/plugins/com.st.stm32cube.ide.mcu.externaltools.gnu-tools-for-stm32.9-2020-q2-update.win32_1.5.0.202011040924/tools/bin/../lib/gcc/arm-none-eabi/9.3.1/thumb/v7e-m+fp/hard\libgcc.a
LOAD c:/st/stm32cubeide_1.5.0/stm32cubeide/plugins/com.st.stm32cube.ide.mcu.externaltools.gnu-tools-for-stm32.9-2020-q2-update.win32_1.5.0.202011040924/tools/bin/../lib/gcc/arm-none-eabi/9.3.1/../../../../arm-none-eabi/lib/thumb/v7e-m+fp/hard\libc_nano.a
LOAD c:/st/stm32cubeide_1.5.0/stm32cubeide/plugins/com.st.stm32cube.ide.mcu.externaltools.gnu-tools-for-stm32.9-2020-q2-update.win32_1.5.0.202011040924/tools/bin/../lib/gcc/arm-none-eabi/9.3.1/../../../../arm-none-eabi/lib/thumb/v7e-m+fp/hard\libnosys.a
END GROUP
START GROUP
LOAD c:/st/stm32cubeide_1.5.0/stm32cubeide/plugins/com.st.stm32cube.ide.mcu.externaltools.gnu-tools-for-stm32.9-2020-q2-update.win32_1.5.0.202011040924/tools/bin/../lib/gcc/arm-none-eabi/9.3.1/thumb/v7e-m+fp/hard\libgcc.a
LOAD c:/st/stm32cubeide_1.5.0/stm32cubeide/plugins/com.st.stm32cube.ide.mcu.externaltools.gnu-tools-for-stm32.9-2020-q2-update.win32_1.5.0.202011040924/tools/bin/../lib/gcc/arm-none-eabi/9.3.1/../../../../arm-none-eabi/lib/thumb/v7e-m+fp/hard\libc_nano.a
LOAD c:/st/stm32cubeide_1.5.0/stm32cubeide/plugins/com.st.stm32cube.ide.mcu.externaltools.gnu-tools-for-stm32.9-2020-q2-update.win32_1.5.0.202011040924/tools/bin/../lib/gcc/arm-none-eabi/9.3.1/../../../../arm-none-eabi/lib/thumb/v7e-m+fp/hard\libnosys.a
END GROUP
LOAD c:/st/stm32cubeide_1.5.0/stm32cubeide/plugins/com.st.stm32cube.ide.mcu.externaltools.gnu-tools-for-stm32.9-2020-q2-update.win32_1.5.0.202011040924/tools/bin/../lib/gcc/arm-none-eabi/9.3.1/thumb/v7e-m+fp/hard/crtend.o
LOAD c:/st/stm32cubeide_1.5.0/stm32cubeide/plugins/com.st.stm32cube.ide.mcu.externaltools.gnu-tools-for-stm32.9-2020-q2-update.win32_1.5.0.202011040924/tools/bin/../lib/gcc/arm-none-eabi/9.3.1/thumb/v7e-m+fp/hard/crtn.o
                0x0000000020018000                _estack = (ORIGIN (RAM) + LENGTH (RAM))
                0x0000000000000200                _Min_Heap_Size = 0x200
                0x0000000000000400                _Min_Stack_Size = 0x400

.isr_vector     0x0000000008000000      0x194
                0x0000000008000000                . = ALIGN (0x4)
 *(.isr_vector)
 .isr_vector    0x0000000008000000      0x194 Core/Startup/startup_stm32f401retx.o
                0x0000000008000000                g_pfnVectors
                0x0000000008000194                . = ALIGN (0x4)

.text           0x00000000080001a0     0x9b5c
                0x00000000080001a0                . = ALIGN (0x4)
 *(.text)
 .text          0x00000000080001a0       0x40 c:/st/stm32cubeide_1.5.0/stm32cubeide/plugins/com.st.stm32cube.ide.mcu.externaltools.gnu-tools-for-stm32.9-2020-q2-update.win32_1.5.0.202011040924/tools/bin/../lib/gcc/arm-none-eabi/9.3.1/thumb/v7e-m+fp/hard/crtbegin.o
 .text          0x00000000080001e0       0x10 c:/st/stm32cubeide_1.5.0/stm32cubeide/plugins/com.st.stm32cube.ide.mcu.externaltools.gnu-tools-for-stm32.9-2020-q2-update.win32_1.5.0.202011040924/tools/bin/../lib/gcc/arm-none-eabi/9.3.1/../../../../arm-none-eabi/lib/thumb/v7e-m+fp/hard\libc_nano.a(lib_a-strlen.o)
                0x00000000080001e0                strlen
 .text          0x00000000080001f0       0xa0 c:/st/stm32cubeide_1.5.0/stm32cubeide/plugins/com.st.stm32cube.ide.mcu.externaltools.gnu-tools-for-stm32.9-2020-q2-update.win32_1.5.0.202011040924/tools/bin/../lib/gcc/arm-none-eabi/9.3.1/../../../../arm-none-eabi/lib/thumb/v7e-m+fp/hard\libc_nano.a(lib_a-memchr.o)
                0x00000000080001f0                memchr
 .text          0x0000000008000290      0x378 c:/st/stm32cubeide_1.5.0/stm32cubeide/plugins/com.st.stm32cube.ide.mcu.externaltools.gnu-tools-for-stm32.9-2020-q2-update.win32_1.5.0.202011040924/tools/bin/../lib/gcc/arm-none-eabi/9.3.1/thumb/v7e-m+fp/hard\libgcc.a(_arm_addsubdf3.o)
                0x0000000008000290                __aeabi_drsub
                0x0000000008000298                __aeabi_dsub
                0x0000000008000298                __subdf3
                0x000000000800029c                __aeabi_dadd
                0x000000000800029c                __adddf3
                0x0000000008000514                __floatunsidf
                0x0000000008000514                __aeabi_ui2d
                0x0000000008000534                __floatsidf
                0x0000000008000534                __aeabi_i2d
                0x0000000008000558                __aeabi_f2d
                0x0000000008000558                __extendsfdf2
                0x000000000800059c                __floatundidf
                0x000000000800059c                __aeabi_ul2d
                0x00000000080005ac                __floatdidf
                0x00000000080005ac                __aeabi_l2d
 .text          0x0000000008000608      0x424 c:/st/stm32cubeide_1.5.0/stm32cubeide/plugins/com.st.stm32cube.ide.mcu.externaltools.gnu-tools-for-stm32.9-2020-q2-update.win32_1.5.0.202011040924/tools/bin/../lib/gcc/arm-none-eabi/9.3.1/thumb/v7e-m+fp/hard\libgcc.a(_arm_muldivdf3.o)
                0x0000000008000608                __aeabi_dmul
                0x0000000008000608                __muldf3
                0x000000000800085c                __divdf3
                0x000000000800085c                __aeabi_ddiv
 .text          0x0000000008000a2c      0x110 c:/st/stm32cubeide_1.5.0/stm32cubeide/plugins/com.st.stm32cube.ide.mcu.externaltools.gnu-tools-for-stm32.9-2020-q2-update.win32_1.5.0.202011040924/tools/bin/../lib/gcc/arm-none-eabi/9.3.1/thumb/v7e-m+fp/hard\libgcc.a(_arm_cmpdf2.o)
                0x0000000008000a2c                __gtdf2
                0x0000000008000a2c                __gedf2
                0x0000000008000a34                __ltdf2
                0x0000000008000a34                __ledf2
                0x0000000008000a3c                __nedf2
                0x0000000008000a3c                __eqdf2
                0x0000000008000a3c                __cmpdf2
                0x0000000008000ab8                __aeabi_cdrcmple
                0x0000000008000ac8                __aeabi_cdcmpeq
                0x0000000008000ac8                __aeabi_cdcmple
                0x0000000008000ad8                __aeabi_dcmpeq
                0x0000000008000aec                __aeabi_dcmplt
                0x0000000008000b00                __aeabi_dcmple
                0x0000000008000b14                __aeabi_dcmpge
                0x0000000008000b28                __aeabi_dcmpgt
 .text          0x0000000008000b3c       0x2c c:/st/stm32cubeide_1.5.0/stm32cubeide/plugins/com.st.stm32cube.ide.mcu.externaltools.gnu-tools-for-stm32.9-2020-q2-update.win32_1.5.0.202011040924/tools/bin/../lib/gcc/arm-none-eabi/9.3.1/thumb/v7e-m+fp/hard\libgcc.a(_arm_unorddf2.o)
                0x0000000008000b3c                __unorddf2
                0x0000000008000b3c                __aeabi_dcmpun
 .text          0x0000000008000b68       0x50 c:/st/stm32cubeide_1.5.0/stm32cubeide/plugins/com.st.stm32cube.ide.mcu.externaltools.gnu-tools-for-stm32.9-2020-q2-update.win32_1.5.0.202011040924/tools/bin/../lib/gcc/arm-none-eabi/9.3.1/thumb/v7e-m+fp/hard\libgcc.a(_arm_fixdfsi.o)
                0x0000000008000b68                __aeabi_d2iz
                0x0000000008000b68                __fixdfsi
 .text          0x0000000008000bb8       0xa0 c:/st/stm32cubeide_1.5.0/stm32cubeide/plugins/com.st.stm32cube.ide.mcu.externaltools.gnu-tools-for-stm32.9-2020-q2-update.win32_1.5.0.202011040924/tools/bin/../lib/gcc/arm-none-eabi/9.3.1/thumb/v7e-m+fp/hard\libgcc.a(_arm_truncdfsf2.o)
                0x0000000008000bb8                __truncdfsf2
                0x0000000008000bb8                __aeabi_d2f
 .text          0x0000000008000c58       0x30 c:/st/stm32cubeide_1.5.0/stm32cubeide/plugins/com.st.stm32cube.ide.mcu.externaltools.gnu-tools-for-stm32.9-2020-q2-update.win32_1.5.0.202011040924/tools/bin/../lib/gcc/arm-none-eabi/9.3.1/thumb/v7e-m+fp/hard\libgcc.a(_aeabi_uldivmod.o)
                0x0000000008000c58                __aeabi_uldivmod
 .text          0x0000000008000c88      0x2c4 c:/st/stm32cubeide_1.5.0/stm32cubeide/plugins/com.st.stm32cube.ide.mcu.externaltools.gnu-tools-for-stm32.9-2020-q2-update.win32_1.5.0.202011040924/tools/bin/../lib/gcc/arm-none-eabi/9.3.1/thumb/v7e-m+fp/hard\libgcc.a(_udivmoddi4.o)
                0x0000000008000c88                __udivmoddi4
 .text          0x0000000008000f4c        0x4 c:/st/stm32cubeide_1.5.0/stm32cubeide/plugins/com.st.stm32cube.ide.mcu.externaltools.gnu-tools-for-stm32.9-2020-q2-update.win32_1.5.0.202011040924/tools/bin/../lib/gcc/arm-none-eabi/9.3.1/thumb/v7e-m+fp/hard\libgcc.a(_dvmd_tls.o)
                0x0000000008000f4c                __aeabi_idiv0
                0x0000000008000f4c                __aeabi_ldiv0
 *(.text*)
 .text.I2C_LCD1602_Send_Command
                0x0000000008000f50       0x60 Core/Src/I2C_LCD1602.o
                0x0000000008000f50                I2C_LCD1602_Send_Command
 .text.I2C_LCD1602_Send_Data
                0x0000000008000fb0       0x60 Core/Src/I2C_LCD1602.o
                0x0000000008000fb0                I2C_LCD1602_Send_Data
 .text.I2C_LCD1602_Init
                0x0000000008001010       0x6e Core/Src/I2C_LCD1602.o
                0x0000000008001010                I2C_LCD1602_Init
 .text.I2C_LCD1602_Send_string
                0x000000000800107e       0x2a Core/Src/I2C_LCD1602.o
                0x000000000800107e                I2C_LCD1602_Send_string
 .text.I2C_LCD1602_GotoXY
                0x00000000080010a8       0x3c Core/Src/I2C_LCD1602.o
                0x00000000080010a8                I2C_LCD1602_GotoXY
 .text.I2C_LCD1602_Send_String_XY
                0x00000000080010e4       0x2a Core/Src/I2C_LCD1602.o
                0x00000000080010e4                I2C_LCD1602_Send_String_XY
 .text.I2C_LCD1602_Clear
                0x000000000800110e       0x20 Core/Src/I2C_LCD1602.o
                0x000000000800110e                I2C_LCD1602_Clear
 *fill*         0x000000000800112e        0x2 
 .text.HAL_TIM_PeriodElapsedCallback
                0x0000000008001130       0x28 Core/Src/SR04.o
                0x0000000008001130                HAL_TIM_PeriodElapsedCallback
 .text.HAL_GPIO_EXTI_Callback
                0x0000000008001158       0x4c Core/Src/SR04.o
                0x0000000008001158                HAL_GPIO_EXTI_Callback
 *fill*         0x00000000080011a4        0x4 
 .text.SR04_Trigger_out
                0x00000000080011a8       0xa8 Core/Src/SR04.o
                0x00000000080011a8                SR04_Trigger_out
 .text._write   0x0000000008001250       0x38 Core/Src/Zeus_define.o
                0x0000000008001250                _write
 .text.Buzzer_OnOff
                0x0000000008001288       0x4c Core/Src/Zeus_define.o
                0x0000000008001288                Buzzer_OnOff
 .text.Key_input
                0x00000000080012d4       0x60 Core/Src/Zeus_define.o
                0x00000000080012d4                Key_input
 .text.MX_ADC1_Init
                0x0000000008001334       0xa4 Core/Src/adc.o
                0x0000000008001334                MX_ADC1_Init
 .text.HAL_ADC_MspInit
                0x00000000080013d8       0xf0 Core/Src/adc.o
                0x00000000080013d8                HAL_ADC_MspInit
 .text.MX_DMA_Init
                0x00000000080014c8       0x40 Core/Src/dma.o
                0x00000000080014c8                MX_DMA_Init
 .text.MX_GPIO_Init
                0x0000000008001508      0x174 Core/Src/gpio.o
                0x0000000008001508                MX_GPIO_Init
 .text.MX_I2C1_Init
                0x000000000800167c       0x5c Core/Src/i2c.o
                0x000000000800167c                MX_I2C1_Init
 .text.HAL_I2C_MspInit
                0x00000000080016d8       0x90 Core/Src/i2c.o
                0x00000000080016d8                HAL_I2C_MspInit
 .text.Time_count
                0x0000000008001768       0x68 Core/Src/main.o
                0x0000000008001768                Time_count
 .text.main     0x00000000080017d0      0x180 Core/Src/main.o
                0x00000000080017d0                main
 .text.SystemClock_Config
                0x0000000008001950       0xd4 Core/Src/main.o
                0x0000000008001950                SystemClock_Config
 .text.u8g_battery_status
                0x0000000008001a24      0x25c Core/Src/main.o
                0x0000000008001a24                u8g_battery_status
 .text.u8g_xyputs
                0x0000000008001c80       0xe8 Core/Src/main.o
                0x0000000008001c80                u8g_xyputs
 .text.Error_Handler
                0x0000000008001d68        0xe Core/Src/main.o
                0x0000000008001d68                Error_Handler
 *fill*         0x0000000008001d76        0x2 
 .text.HAL_MspInit
                0x0000000008001d78       0x50 Core/Src/stm32f4xx_hal_msp.o
                0x0000000008001d78                HAL_MspInit
 .text.NMI_Handler
                0x0000000008001dc8        0xe Core/Src/stm32f4xx_it.o
                0x0000000008001dc8                NMI_Handler
 .text.HardFault_Handler
                0x0000000008001dd6        0x6 Core/Src/stm32f4xx_it.o
                0x0000000008001dd6                HardFault_Handler
 .text.MemManage_Handler
                0x0000000008001ddc        0x6 Core/Src/stm32f4xx_it.o
                0x0000000008001ddc                MemManage_Handler
 .text.BusFault_Handler
                0x0000000008001de2        0x6 Core/Src/stm32f4xx_it.o
                0x0000000008001de2                BusFault_Handler
 .text.UsageFault_Handler
                0x0000000008001de8        0x6 Core/Src/stm32f4xx_it.o
                0x0000000008001de8                UsageFault_Handler
 .text.SVC_Handler
                0x0000000008001dee        0xe Core/Src/stm32f4xx_it.o
                0x0000000008001dee                SVC_Handler
 .text.DebugMon_Handler
                0x0000000008001dfc        0xe Core/Src/stm32f4xx_it.o
                0x0000000008001dfc                DebugMon_Handler
 .text.PendSV_Handler
                0x0000000008001e0a        0xe Core/Src/stm32f4xx_it.o
                0x0000000008001e0a                PendSV_Handler
 .text.SysTick_Handler
                0x0000000008001e18        0xc Core/Src/stm32f4xx_it.o
                0x0000000008001e18                SysTick_Handler
 .text.EXTI4_IRQHandler
                0x0000000008001e24        0xe Core/Src/stm32f4xx_it.o
                0x0000000008001e24                EXTI4_IRQHandler
 *fill*         0x0000000008001e32        0x2 
 .text.TIM1_UP_TIM10_IRQHandler
                0x0000000008001e34       0x14 Core/Src/stm32f4xx_it.o
                0x0000000008001e34                TIM1_UP_TIM10_IRQHandler
 .text.DMA2_Stream0_IRQHandler
                0x0000000008001e48       0x14 Core/Src/stm32f4xx_it.o
                0x0000000008001e48                DMA2_Stream0_IRQHandler
 .text._getpid  0x0000000008001e5c       0x10 Core/Src/syscalls.o
                0x0000000008001e5c                _getpid
 .text._kill    0x0000000008001e6c       0x20 Core/Src/syscalls.o
                0x0000000008001e6c                _kill
 .text._exit    0x0000000008001e8c       0x14 Core/Src/syscalls.o
                0x0000000008001e8c                _exit
 .text._read    0x0000000008001ea0       0x3a Core/Src/syscalls.o
                0x0000000008001ea0                _read
 .text._close   0x0000000008001eda       0x18 Core/Src/syscalls.o
                0x0000000008001eda                _close
 .text._fstat   0x0000000008001ef2       0x20 Core/Src/syscalls.o
                0x0000000008001ef2                _fstat
 .text._isatty  0x0000000008001f12       0x16 Core/Src/syscalls.o
                0x0000000008001f12                _isatty
 .text._lseek   0x0000000008001f28       0x1a Core/Src/syscalls.o
                0x0000000008001f28                _lseek
 *fill*         0x0000000008001f42        0x2 
 .text._sbrk    0x0000000008001f44       0x6c Core/Src/sysmem.o
                0x0000000008001f44                _sbrk
 .text.SystemInit
                0x0000000008001fb0       0x2c Core/Src/system_stm32f4xx.o
                0x0000000008001fb0                SystemInit
 .text.MX_TIM1_Init
                0x0000000008001fdc       0xa0 Core/Src/tim.o
                0x0000000008001fdc                MX_TIM1_Init
 .text.HAL_TIM_Base_MspInit
                0x000000000800207c       0x50 Core/Src/tim.o
                0x000000000800207c                HAL_TIM_Base_MspInit
 .text.MX_USART2_UART_Init
                0x00000000080020cc       0x54 Core/Src/usart.o
                0x00000000080020cc                MX_USART2_UART_Init
 .text.HAL_UART_MspInit
                0x0000000008002120       0x90 Core/Src/usart.o
                0x0000000008002120                HAL_UART_MspInit
 .text.u8g_com_hw_i2c_fn
                0x00000000080021b0      0x11c Core/Src/u8g/u8g_arm.o
                0x00000000080021b0                u8g_com_hw_i2c_fn
 .text.u8g_IsBBXIntersection
                0x00000000080022cc       0xf6 Core/Src/u8g/u8g_clip.o
                0x00000000080022cc                u8g_IsBBXIntersection
 .text.u8g_InitCom
                0x00000000080023c2       0x26 Core/Src/u8g/u8g_com_api.o
                0x00000000080023c2                u8g_InitCom
 .text.u8g_SetChipSelect
                0x00000000080023e8       0x24 Core/Src/u8g/u8g_com_api.o
                0x00000000080023e8                u8g_SetChipSelect
 .text.u8g_SetResetLow
                0x000000000800240c       0x20 Core/Src/u8g/u8g_com_api.o
                0x000000000800240c                u8g_SetResetLow
 .text.u8g_SetResetHigh
                0x000000000800242c       0x20 Core/Src/u8g/u8g_com_api.o
                0x000000000800242c                u8g_SetResetHigh
 .text.u8g_SetAddress
                0x000000000800244c       0x24 Core/Src/u8g/u8g_com_api.o
                0x000000000800244c                u8g_SetAddress
 .text.u8g_WriteByte
                0x0000000008002470       0x26 Core/Src/u8g/u8g_com_api.o
                0x0000000008002470                u8g_WriteByte
 .text.u8g_WriteSequence
                0x0000000008002496       0x28 Core/Src/u8g/u8g_com_api.o
                0x0000000008002496                u8g_WriteSequence
 .text.u8g_WriteEscSeqP
                0x00000000080024be      0x104 Core/Src/u8g/u8g_com_api.o
                0x00000000080024be                u8g_WriteEscSeqP
 *fill*         0x00000000080025c2        0x2 
 .text.u8g_com_null_fn
                0x00000000080025c4       0x4c Core/Src/u8g/u8g_com_null.o
                0x00000000080025c4                u8g_com_null_fn
 .text.u8g_dev_ssd1306_128x64_fn
                0x0000000008002610       0xf8 Core/Src/u8g/u8g_dev_ssd1306_128x64.o
                0x0000000008002610                u8g_dev_ssd1306_128x64_fn
 .text.u8g_font_get_byte
                0x0000000008002708       0x24 Core/Src/u8g/u8g_font.o
 .text.u8g_font_get_word
                0x000000000800272c       0x40 Core/Src/u8g/u8g_font.o
 .text.u8g_font_GetFormat
                0x000000000800276c       0x1a Core/Src/u8g/u8g_font.o
 .text.u8g_font_GetFontGlyphStructureSize
                0x0000000008002786       0x38 Core/Src/u8g/u8g_font.o
 .text.u8g_font_GetCapitalAHeight
                0x00000000080027be       0x1a Core/Src/u8g/u8g_font.o
                0x00000000080027be                u8g_font_GetCapitalAHeight
 .text.u8g_font_GetEncoding65Pos
                0x00000000080027d8       0x1a Core/Src/u8g/u8g_font.o
                0x00000000080027d8                u8g_font_GetEncoding65Pos
 .text.u8g_font_GetEncoding97Pos
                0x00000000080027f2       0x1a Core/Src/u8g/u8g_font.o
                0x00000000080027f2                u8g_font_GetEncoding97Pos
 .text.u8g_font_GetFontStartEncoding
                0x000000000800280c       0x1a Core/Src/u8g/u8g_font.o
                0x000000000800280c                u8g_font_GetFontStartEncoding
 .text.u8g_font_GetFontEndEncoding
                0x0000000008002826       0x1a Core/Src/u8g/u8g_font.o
                0x0000000008002826                u8g_font_GetFontEndEncoding
 .text.u8g_font_GetLowerGDescent
                0x0000000008002840       0x1c Core/Src/u8g/u8g_font.o
                0x0000000008002840                u8g_font_GetLowerGDescent
 .text.u8g_font_GetFontAscent
                0x000000000800285c       0x1c Core/Src/u8g/u8g_font.o
                0x000000000800285c                u8g_font_GetFontAscent
 .text.u8g_font_GetFontDescent
                0x0000000008002878       0x1c Core/Src/u8g/u8g_font.o
                0x0000000008002878                u8g_font_GetFontDescent
 .text.u8g_font_GetFontXAscent
                0x0000000008002894       0x1c Core/Src/u8g/u8g_font.o
                0x0000000008002894                u8g_font_GetFontXAscent
 .text.u8g_font_GetFontXDescent
                0x00000000080028b0       0x1c Core/Src/u8g/u8g_font.o
                0x00000000080028b0                u8g_font_GetFontXDescent
 .text.u8g_font_GetGlyphDataStart
                0x00000000080028cc       0x20 Core/Src/u8g/u8g_font.o
 .text.u8g_CopyGlyphDataToCache
                0x00000000080028ec       0xc8 Core/Src/u8g/u8g_font.o
 .text.u8g_FillEmptyGlyphCache
                0x00000000080029b4       0x34 Core/Src/u8g/u8g_font.o
 .text.u8g_GetGlyph
                0x00000000080029e8      0x12e Core/Src/u8g/u8g_font.o
                0x00000000080029e8                u8g_GetGlyph
 .text.u8g_draw_glyph
                0x0000000008002b16      0x114 Core/Src/u8g/u8g_font.o
                0x0000000008002b16                u8g_draw_glyph
 .text.u8g_DrawStr
                0x0000000008002c2a       0x64 Core/Src/u8g/u8g_font.o
                0x0000000008002c2a                u8g_DrawStr
 .text.u8g_UpdateRefHeight
                0x0000000008002c8e       0xf0 Core/Src/u8g/u8g_font.o
                0x0000000008002c8e                u8g_UpdateRefHeight
 .text.u8g_font_calc_vref_font
                0x0000000008002d7e       0x16 Core/Src/u8g/u8g_font.o
                0x0000000008002d7e                u8g_font_calc_vref_font
 .text.u8g_SetFontPosBaseline
                0x0000000008002d94       0x20 Core/Src/u8g/u8g_font.o
                0x0000000008002d94                u8g_SetFontPosBaseline
 .text.u8g_SetFont
                0x0000000008002db4       0x2e Core/Src/u8g/u8g_font.o
                0x0000000008002db4                u8g_SetFont
 .text.u8g_call_dev_fn
                0x0000000008002de2       0x28 Core/Src/u8g/u8g_ll_api.o
                0x0000000008002de2                u8g_call_dev_fn
 .text.u8g_InitLL
                0x0000000008002e0a       0x3c Core/Src/u8g/u8g_ll_api.o
                0x0000000008002e0a                u8g_InitLL
 .text.u8g_FirstPageLL
                0x0000000008002e46       0x44 Core/Src/u8g/u8g_ll_api.o
                0x0000000008002e46                u8g_FirstPageLL
 .text.u8g_NextPageLL
                0x0000000008002e8a       0x50 Core/Src/u8g/u8g_ll_api.o
                0x0000000008002e8a                u8g_NextPageLL
 .text.u8g_Draw8PixelLL
                0x0000000008002eda       0x4c Core/Src/u8g/u8g_ll_api.o
                0x0000000008002eda                u8g_Draw8PixelLL
 .text.u8g_GetWidthLL
                0x0000000008002f26       0x22 Core/Src/u8g/u8g_ll_api.o
                0x0000000008002f26                u8g_GetWidthLL
 .text.u8g_GetHeightLL
                0x0000000008002f48       0x22 Core/Src/u8g/u8g_ll_api.o
                0x0000000008002f48                u8g_GetHeightLL
 .text.u8g_GetModeLL
                0x0000000008002f6a       0x20 Core/Src/u8g/u8g_ll_api.o
                0x0000000008002f6a                u8g_GetModeLL
 .text.u8g_UpdateDimension
                0x0000000008002f8a       0x5c Core/Src/u8g/u8g_ll_api.o
                0x0000000008002f8a                u8g_UpdateDimension
 *fill*         0x0000000008002fe6        0x2 
 .text.u8g_init_data
                0x0000000008002fe8       0x74 Core/Src/u8g/u8g_ll_api.o
 .text.u8g_Begin
                0x000000000800305c       0x2e Core/Src/u8g/u8g_ll_api.o
                0x000000000800305c                u8g_Begin
 .text.u8g_InitComFn
                0x000000000800308a       0x30 Core/Src/u8g/u8g_ll_api.o
                0x000000000800308a                u8g_InitComFn
 .text.u8g_FirstPage
                0x00000000080030ba       0x1c Core/Src/u8g/u8g_ll_api.o
                0x00000000080030ba                u8g_FirstPage
 .text.u8g_NextPage
                0x00000000080030d6       0x2e Core/Src/u8g/u8g_ll_api.o
                0x00000000080030d6                u8g_NextPage
 .text.u8g_Draw8Pixel
                0x0000000008003104       0x3a Core/Src/u8g/u8g_ll_api.o
                0x0000000008003104                u8g_Draw8Pixel
 .text.u8g_SetColorIndex
                0x000000000800313e       0x20 Core/Src/u8g/u8g_ll_api.o
                0x000000000800313e                u8g_SetColorIndex
 .text.u8g_page_First
                0x000000000800315e       0x34 Core/Src/u8g/u8g_page.o
                0x000000000800315e                u8g_page_First
 .text.u8g_page_Next
                0x0000000008003192       0x64 Core/Src/u8g/u8g_page.o
                0x0000000008003192                u8g_page_Next
 .text.u8g_pb_Clear
                0x00000000080031f6       0x3e Core/Src/u8g/u8g_pb.o
                0x00000000080031f6                u8g_pb_Clear
 .text.u8g_pb_IsYIntersection
                0x0000000008003234       0x84 Core/Src/u8g/u8g_pb.o
                0x0000000008003234                u8g_pb_IsYIntersection
 .text.u8g_pb_GetPageBox
                0x00000000080032b8       0x40 Core/Src/u8g/u8g_pb.o
                0x00000000080032b8                u8g_pb_GetPageBox
 .text.u8g_pb_Is8PixelVisible
                0x00000000080032f8       0x5c Core/Src/u8g/u8g_pb.o
                0x00000000080032f8                u8g_pb_Is8PixelVisible
 .text.u8g_pb_WriteBuffer
                0x0000000008003354       0x26 Core/Src/u8g/u8g_pb.o
                0x0000000008003354                u8g_pb_WriteBuffer
 .text.u8g_pb8v1_set_pixel
                0x000000000800337a       0x74 Core/Src/u8g/u8g_pb8v1.o
                0x000000000800337a                u8g_pb8v1_set_pixel
 .text.u8g_pb8v1_SetPixel
                0x00000000080033ee       0x52 Core/Src/u8g/u8g_pb8v1.o
                0x00000000080033ee                u8g_pb8v1_SetPixel
 .text.u8g_pb8v1_Set8PixelOpt2
                0x0000000008003440       0x94 Core/Src/u8g/u8g_pb8v1.o
                0x0000000008003440                u8g_pb8v1_Set8PixelOpt2
 .text.u8g_dev_pb8v1_base_fn
                0x00000000080034d4      0x1a0 Core/Src/u8g/u8g_pb8v1.o
                0x00000000080034d4                u8g_dev_pb8v1_base_fn
 .text.u8g_draw_hline
                0x0000000008003674       0x7c Core/Src/u8g/u8g_rect.o
                0x0000000008003674                u8g_draw_hline
 .text.u8g_draw_vline
                0x00000000080036f0       0x7c Core/Src/u8g/u8g_rect.o
                0x00000000080036f0                u8g_draw_vline
 .text.u8g_DrawFrame
                0x000000000800376c       0x8c Core/Src/u8g/u8g_rect.o
                0x000000000800376c                u8g_DrawFrame
 .text.u8g_draw_box
                0x00000000080037f8       0x42 Core/Src/u8g/u8g_rect.o
                0x00000000080037f8                u8g_draw_box
 .text.u8g_state_dummy_cb
                0x000000000800383a       0x16 Core/Src/u8g/u8g_state.o
                0x000000000800383a                u8g_state_dummy_cb
 .text.Reset_Handler
                0x0000000008003850       0x50 Core/Startup/startup_stm32f401retx.o
                0x0000000008003850                Reset_Handler
 .text.Default_Handler
                0x00000000080038a0        0x2 Core/Startup/startup_stm32f401retx.o
                0x00000000080038a0                RTC_Alarm_IRQHandler
                0x00000000080038a0                EXTI2_IRQHandler
                0x00000000080038a0                SPI4_IRQHandler
                0x00000000080038a0                TIM1_CC_IRQHandler
                0x00000000080038a0                DMA2_Stream5_IRQHandler
                0x00000000080038a0                DMA1_Stream5_IRQHandler
                0x00000000080038a0                PVD_IRQHandler
                0x00000000080038a0                SDIO_IRQHandler
                0x00000000080038a0                TAMP_STAMP_IRQHandler
                0x00000000080038a0                EXTI3_IRQHandler
                0x00000000080038a0                I2C3_ER_IRQHandler
                0x00000000080038a0                EXTI0_IRQHandler
                0x00000000080038a0                I2C2_EV_IRQHandler
                0x00000000080038a0                DMA1_Stream2_IRQHandler
                0x00000000080038a0                FPU_IRQHandler
                0x00000000080038a0                DMA2_Stream2_IRQHandler
                0x00000000080038a0                SPI1_IRQHandler
                0x00000000080038a0                TIM1_BRK_TIM9_IRQHandler
                0x00000000080038a0                DMA2_Stream3_IRQHandler
                0x00000000080038a0                USART6_IRQHandler
                0x00000000080038a0                TIM4_IRQHandler
                0x00000000080038a0                I2C1_EV_IRQHandler
                0x00000000080038a0                DMA1_Stream6_IRQHandler
                0x00000000080038a0                DMA1_Stream1_IRQHandler
                0x00000000080038a0                TIM3_IRQHandler
                0x00000000080038a0                RCC_IRQHandler
                0x00000000080038a0                Default_Handler
                0x00000000080038a0                EXTI15_10_IRQHandler
                0x00000000080038a0                ADC_IRQHandler
                0x00000000080038a0                DMA1_Stream7_IRQHandler
                0x00000000080038a0                TIM5_IRQHandler
                0x00000000080038a0                DMA2_Stream7_IRQHandler
                0x00000000080038a0                I2C3_EV_IRQHandler
                0x00000000080038a0                EXTI9_5_IRQHandler
                0x00000000080038a0                RTC_WKUP_IRQHandler
                0x00000000080038a0                SPI2_IRQHandler
                0x00000000080038a0                DMA1_Stream0_IRQHandler
                0x00000000080038a0                WWDG_IRQHandler
                0x00000000080038a0                TIM2_IRQHandler
                0x00000000080038a0                OTG_FS_WKUP_IRQHandler
                0x00000000080038a0                TIM1_TRG_COM_TIM11_IRQHandler
                0x00000000080038a0                EXTI1_IRQHandler
                0x00000000080038a0                USART2_IRQHandler
                0x00000000080038a0                I2C2_ER_IRQHandler
                0x00000000080038a0                DMA2_Stream1_IRQHandler
                0x00000000080038a0                FLASH_IRQHandler
                0x00000000080038a0                DMA2_Stream4_IRQHandler
                0x00000000080038a0                USART1_IRQHandler
                0x00000000080038a0                OTG_FS_IRQHandler
                0x00000000080038a0                SPI3_IRQHandler
                0x00000000080038a0                DMA1_Stream4_IRQHandler
                0x00000000080038a0                I2C1_ER_IRQHandler
                0x00000000080038a0                DMA2_Stream6_IRQHandler
                0x00000000080038a0                DMA1_Stream3_IRQHandler
 *fill*         0x00000000080038a2        0x2 
 .text.HAL_Init
                0x00000000080038a4       0x44 Drivers/STM32F4xx_HAL_Driver/Src/stm32f4xx_hal.o
                0x00000000080038a4                HAL_Init
 .text.HAL_InitTick
                0x00000000080038e8       0x60 Drivers/STM32F4xx_HAL_Driver/Src/stm32f4xx_hal.o
                0x00000000080038e8                HAL_InitTick
 .text.HAL_IncTick
                0x0000000008003948       0x28 Drivers/STM32F4xx_HAL_Driver/Src/stm32f4xx_hal.o
                0x0000000008003948                HAL_IncTick
 .text.HAL_GetTick
                0x0000000008003970       0x18 Drivers/STM32F4xx_HAL_Driver/Src/stm32f4xx_hal.o
                0x0000000008003970                HAL_GetTick
 .text.HAL_Delay
                0x0000000008003988       0x48 Drivers/STM32F4xx_HAL_Driver/Src/stm32f4xx_hal.o
                0x0000000008003988                HAL_Delay
 .text.HAL_ADC_Init
                0x00000000080039d0       0x86 Drivers/STM32F4xx_HAL_Driver/Src/stm32f4xx_hal_adc.o
                0x00000000080039d0                HAL_ADC_Init
 *fill*         0x0000000008003a56        0x2 
 .text.HAL_ADC_Start_DMA
                0x0000000008003a58      0x1e0 Drivers/STM32F4xx_HAL_Driver/Src/stm32f4xx_hal_adc.o
                0x0000000008003a58                HAL_ADC_Start_DMA
 .text.HAL_ADC_ConvCpltCallback
                0x0000000008003c38       0x14 Drivers/STM32F4xx_HAL_Driver/Src/stm32f4xx_hal_adc.o
                0x0000000008003c38                HAL_ADC_ConvCpltCallback
 .text.HAL_ADC_ConvHalfCpltCallback
                0x0000000008003c4c       0x14 Drivers/STM32F4xx_HAL_Driver/Src/stm32f4xx_hal_adc.o
                0x0000000008003c4c                HAL_ADC_ConvHalfCpltCallback
 .text.HAL_ADC_ErrorCallback
                0x0000000008003c60       0x14 Drivers/STM32F4xx_HAL_Driver/Src/stm32f4xx_hal_adc.o
                0x0000000008003c60                HAL_ADC_ErrorCallback
 .text.HAL_ADC_ConfigChannel
                0x0000000008003c74      0x244 Drivers/STM32F4xx_HAL_Driver/Src/stm32f4xx_hal_adc.o
                0x0000000008003c74                HAL_ADC_ConfigChannel
 .text.ADC_Init
                0x0000000008003eb8      0x1f8 Drivers/STM32F4xx_HAL_Driver/Src/stm32f4xx_hal_adc.o
 .text.ADC_DMAConvCplt
                0x00000000080040b0       0xba Drivers/STM32F4xx_HAL_Driver/Src/stm32f4xx_hal_adc.o
 .text.ADC_DMAHalfConvCplt
                0x000000000800416a       0x1c Drivers/STM32F4xx_HAL_Driver/Src/stm32f4xx_hal_adc.o
 .text.ADC_DMAError
                0x0000000008004186       0x2e Drivers/STM32F4xx_HAL_Driver/Src/stm32f4xx_hal_adc.o
 .text.__NVIC_SetPriorityGrouping
                0x00000000080041b4       0x48 Drivers/STM32F4xx_HAL_Driver/Src/stm32f4xx_hal_cortex.o
 .text.__NVIC_GetPriorityGrouping
                0x00000000080041fc       0x1c Drivers/STM32F4xx_HAL_Driver/Src/stm32f4xx_hal_cortex.o
 .text.__NVIC_EnableIRQ
                0x0000000008004218       0x3c Drivers/STM32F4xx_HAL_Driver/Src/stm32f4xx_hal_cortex.o
 .text.__NVIC_SetPriority
                0x0000000008004254       0x54 Drivers/STM32F4xx_HAL_Driver/Src/stm32f4xx_hal_cortex.o
 .text.NVIC_EncodePriority
                0x00000000080042a8       0x66 Drivers/STM32F4xx_HAL_Driver/Src/stm32f4xx_hal_cortex.o
 *fill*         0x000000000800430e        0x2 
 .text.SysTick_Config
                0x0000000008004310       0x44 Drivers/STM32F4xx_HAL_Driver/Src/stm32f4xx_hal_cortex.o
 .text.HAL_NVIC_SetPriorityGrouping
                0x0000000008004354       0x16 Drivers/STM32F4xx_HAL_Driver/Src/stm32f4xx_hal_cortex.o
                0x0000000008004354                HAL_NVIC_SetPriorityGrouping
 .text.HAL_NVIC_SetPriority
                0x000000000800436a       0x38 Drivers/STM32F4xx_HAL_Driver/Src/stm32f4xx_hal_cortex.o
                0x000000000800436a                HAL_NVIC_SetPriority
 .text.HAL_NVIC_EnableIRQ
                0x00000000080043a2       0x1c Drivers/STM32F4xx_HAL_Driver/Src/stm32f4xx_hal_cortex.o
                0x00000000080043a2                HAL_NVIC_EnableIRQ
 .text.HAL_SYSTICK_Config
                0x00000000080043be       0x18 Drivers/STM32F4xx_HAL_Driver/Src/stm32f4xx_hal_cortex.o
                0x00000000080043be                HAL_SYSTICK_Config
 *fill*         0x00000000080043d6        0x2 
 .text.HAL_DMA_Init
                0x00000000080043d8      0x15c Drivers/STM32F4xx_HAL_Driver/Src/stm32f4xx_hal_dma.o
                0x00000000080043d8                HAL_DMA_Init
 .text.HAL_DMA_Start_IT
                0x0000000008004534       0xb0 Drivers/STM32F4xx_HAL_Driver/Src/stm32f4xx_hal_dma.o
                0x0000000008004534                HAL_DMA_Start_IT
 .text.HAL_DMA_IRQHandler
                0x00000000080045e4      0x314 Drivers/STM32F4xx_HAL_Driver/Src/stm32f4xx_hal_dma.o
                0x00000000080045e4                HAL_DMA_IRQHandler
 .text.DMA_SetConfig
                0x00000000080048f8       0x5c Drivers/STM32F4xx_HAL_Driver/Src/stm32f4xx_hal_dma.o
 .text.DMA_CalcBaseAndBitshift
                0x0000000008004954       0x6c Drivers/STM32F4xx_HAL_Driver/Src/stm32f4xx_hal_dma.o
 .text.DMA_CheckFifoParam
                0x00000000080049c0       0xf8 Drivers/STM32F4xx_HAL_Driver/Src/stm32f4xx_hal_dma.o
 .text.HAL_GPIO_Init
                0x0000000008004ab8      0x308 Drivers/STM32F4xx_HAL_Driver/Src/stm32f4xx_hal_gpio.o
                0x0000000008004ab8                HAL_GPIO_Init
 .text.HAL_GPIO_ReadPin
                0x0000000008004dc0       0x30 Drivers/STM32F4xx_HAL_Driver/Src/stm32f4xx_hal_gpio.o
                0x0000000008004dc0                HAL_GPIO_ReadPin
 .text.HAL_GPIO_WritePin
                0x0000000008004df0       0x32 Drivers/STM32F4xx_HAL_Driver/Src/stm32f4xx_hal_gpio.o
                0x0000000008004df0                HAL_GPIO_WritePin
 *fill*         0x0000000008004e22        0x2 
 .text.HAL_GPIO_EXTI_IRQHandler
                0x0000000008004e24       0x30 Drivers/STM32F4xx_HAL_Driver/Src/stm32f4xx_hal_gpio.o
                0x0000000008004e24                HAL_GPIO_EXTI_IRQHandler
 .text.HAL_I2C_Init
                0x0000000008004e54      0x288 Drivers/STM32F4xx_HAL_Driver/Src/stm32f4xx_hal_i2c.o
                0x0000000008004e54                HAL_I2C_Init
 .text.HAL_I2C_Master_Transmit
                0x00000000080050dc      0x1fc Drivers/STM32F4xx_HAL_Driver/Src/stm32f4xx_hal_i2c.o
                0x00000000080050dc                HAL_I2C_Master_Transmit
 .text.I2C_MasterRequestWrite
                0x00000000080052d8      0x104 Drivers/STM32F4xx_HAL_Driver/Src/stm32f4xx_hal_i2c.o
 .text.I2C_WaitOnFlagUntilTimeout
                0x00000000080053dc       0xae Drivers/STM32F4xx_HAL_Driver/Src/stm32f4xx_hal_i2c.o
 .text.I2C_WaitOnMasterAddressFlagUntilTimeout
                0x000000000800548a       0xfe Drivers/STM32F4xx_HAL_Driver/Src/stm32f4xx_hal_i2c.o
 .text.I2C_WaitOnTXEFlagUntilTimeout
                0x0000000008005588       0x82 Drivers/STM32F4xx_HAL_Driver/Src/stm32f4xx_hal_i2c.o
 .text.I2C_WaitOnBTFFlagUntilTimeout
                0x000000000800560a       0x82 Drivers/STM32F4xx_HAL_Driver/Src/stm32f4xx_hal_i2c.o
 .text.I2C_IsAcknowledgeFailed
                0x000000000800568c       0x5e Drivers/STM32F4xx_HAL_Driver/Src/stm32f4xx_hal_i2c.o
 *fill*         0x00000000080056ea        0x2 
 .text.HAL_RCC_OscConfig
                0x00000000080056ec      0x4f0 Drivers/STM32F4xx_HAL_Driver/Src/stm32f4xx_hal_rcc.o
                0x00000000080056ec                HAL_RCC_OscConfig
 .text.HAL_RCC_ClockConfig
                0x0000000008005bdc      0x1cc Drivers/STM32F4xx_HAL_Driver/Src/stm32f4xx_hal_rcc.o
                0x0000000008005bdc                HAL_RCC_ClockConfig
 .text.HAL_RCC_GetSysClockFreq
                0x0000000008005da8      0x1c0 Drivers/STM32F4xx_HAL_Driver/Src/stm32f4xx_hal_rcc.o
                0x0000000008005da8                HAL_RCC_GetSysClockFreq
 .text.HAL_RCC_GetHCLKFreq
                0x0000000008005f68       0x18 Drivers/STM32F4xx_HAL_Driver/Src/stm32f4xx_hal_rcc.o
                0x0000000008005f68                HAL_RCC_GetHCLKFreq
 .text.HAL_RCC_GetPCLK1Freq
                0x0000000008005f80       0x28 Drivers/STM32F4xx_HAL_Driver/Src/stm32f4xx_hal_rcc.o
                0x0000000008005f80                HAL_RCC_GetPCLK1Freq
 .text.HAL_RCC_GetPCLK2Freq
                0x0000000008005fa8       0x28 Drivers/STM32F4xx_HAL_Driver/Src/stm32f4xx_hal_rcc.o
                0x0000000008005fa8                HAL_RCC_GetPCLK2Freq
 .text.HAL_TIM_Base_Init
                0x0000000008005fd0       0x9e Drivers/STM32F4xx_HAL_Driver/Src/stm32f4xx_hal_tim.o
                0x0000000008005fd0                HAL_TIM_Base_Init
 *fill*         0x000000000800606e        0x2 
 .text.HAL_TIM_Base_Start_IT
                0x0000000008006070       0xc4 Drivers/STM32F4xx_HAL_Driver/Src/stm32f4xx_hal_tim.o
                0x0000000008006070                HAL_TIM_Base_Start_IT
 .text.HAL_TIM_IRQHandler
                0x0000000008006134      0x210 Drivers/STM32F4xx_HAL_Driver/Src/stm32f4xx_hal_tim.o
                0x0000000008006134                HAL_TIM_IRQHandler
 .text.HAL_TIM_ConfigClockSource
                0x0000000008006344      0x188 Drivers/STM32F4xx_HAL_Driver/Src/stm32f4xx_hal_tim.o
                0x0000000008006344                HAL_TIM_ConfigClockSource
 .text.HAL_TIM_OC_DelayElapsedCallback
                0x00000000080064cc       0x14 Drivers/STM32F4xx_HAL_Driver/Src/stm32f4xx_hal_tim.o
                0x00000000080064cc                HAL_TIM_OC_DelayElapsedCallback
 .text.HAL_TIM_IC_CaptureCallback
                0x00000000080064e0       0x14 Drivers/STM32F4xx_HAL_Driver/Src/stm32f4xx_hal_tim.o
                0x00000000080064e0                HAL_TIM_IC_CaptureCallback
 .text.HAL_TIM_PWM_PulseFinishedCallback
                0x00000000080064f4       0x14 Drivers/STM32F4xx_HAL_Driver/Src/stm32f4xx_hal_tim.o
                0x00000000080064f4                HAL_TIM_PWM_PulseFinishedCallback
 .text.HAL_TIM_TriggerCallback
                0x0000000008006508       0x14 Drivers/STM32F4xx_HAL_Driver/Src/stm32f4xx_hal_tim.o
                0x0000000008006508                HAL_TIM_TriggerCallback
 .text.TIM_Base_SetConfig
                0x000000000800651c      0x100 Drivers/STM32F4xx_HAL_Driver/Src/stm32f4xx_hal_tim.o
                0x000000000800651c                TIM_Base_SetConfig
 .text.TIM_TI1_ConfigInputStage
                0x000000000800661c       0x5e Drivers/STM32F4xx_HAL_Driver/Src/stm32f4xx_hal_tim.o
 .text.TIM_TI2_ConfigInputStage
                0x000000000800667a       0x60 Drivers/STM32F4xx_HAL_Driver/Src/stm32f4xx_hal_tim.o
 .text.TIM_ITRx_SetConfig
                0x00000000080066da       0x36 Drivers/STM32F4xx_HAL_Driver/Src/stm32f4xx_hal_tim.o
 .text.TIM_ETR_SetConfig
                0x0000000008006710       0x40 Drivers/STM32F4xx_HAL_Driver/Src/stm32f4xx_hal_tim.o
                0x0000000008006710                TIM_ETR_SetConfig
 .text.HAL_TIMEx_MasterConfigSynchronization
                0x0000000008006750       0xdc Drivers/STM32F4xx_HAL_Driver/Src/stm32f4xx_hal_tim_ex.o
                0x0000000008006750                HAL_TIMEx_MasterConfigSynchronization
 .text.HAL_TIMEx_CommutCallback
                0x000000000800682c       0x14 Drivers/STM32F4xx_HAL_Driver/Src/stm32f4xx_hal_tim_ex.o
                0x000000000800682c                HAL_TIMEx_CommutCallback
 .text.HAL_TIMEx_BreakCallback
                0x0000000008006840       0x14 Drivers/STM32F4xx_HAL_Driver/Src/stm32f4xx_hal_tim_ex.o
                0x0000000008006840                HAL_TIMEx_BreakCallback
 .text.HAL_UART_Init
                0x0000000008006854       0x9a Drivers/STM32F4xx_HAL_Driver/Src/stm32f4xx_hal_uart.o
                0x0000000008006854                HAL_UART_Init
 .text.HAL_UART_Transmit
                0x00000000080068ee      0x124 Drivers/STM32F4xx_HAL_Driver/Src/stm32f4xx_hal_uart.o
                0x00000000080068ee                HAL_UART_Transmit
 .text.UART_WaitOnFlagUntilTimeout
                0x0000000008006a12       0x94 Drivers/STM32F4xx_HAL_Driver/Src/stm32f4xx_hal_uart.o
 *fill*         0x0000000008006aa6        0x2 
 .text.UART_SetConfig
                0x0000000008006aa8      0x390 Drivers/STM32F4xx_HAL_Driver/Src/stm32f4xx_hal_uart.o
 .text.__errno  0x0000000008006e38        0xc c:/st/stm32cubeide_1.5.0/stm32cubeide/plugins/com.st.stm32cube.ide.mcu.externaltools.gnu-tools-for-stm32.9-2020-q2-update.win32_1.5.0.202011040924/tools/bin/../lib/gcc/arm-none-eabi/9.3.1/../../../../arm-none-eabi/lib/thumb/v7e-m+fp/hard\libc_nano.a(lib_a-errno.o)
                0x0000000008006e38                __errno
 .text.__libc_init_array
                0x0000000008006e44       0x48 c:/st/stm32cubeide_1.5.0/stm32cubeide/plugins/com.st.stm32cube.ide.mcu.externaltools.gnu-tools-for-stm32.9-2020-q2-update.win32_1.5.0.202011040924/tools/bin/../lib/gcc/arm-none-eabi/9.3.1/../../../../arm-none-eabi/lib/thumb/v7e-m+fp/hard\libc_nano.a(lib_a-init.o)
                0x0000000008006e44                __libc_init_array
 .text.memset   0x0000000008006e8c       0x10 c:/st/stm32cubeide_1.5.0/stm32cubeide/plugins/com.st.stm32cube.ide.mcu.externaltools.gnu-tools-for-stm32.9-2020-q2-update.win32_1.5.0.202011040924/tools/bin/../lib/gcc/arm-none-eabi/9.3.1/../../../../arm-none-eabi/lib/thumb/v7e-m+fp/hard\libc_nano.a(lib_a-memset.o)
                0x0000000008006e8c                memset
 .text.__cvt    0x0000000008006e9c       0xc4 c:/st/stm32cubeide_1.5.0/stm32cubeide/plugins/com.st.stm32cube.ide.mcu.externaltools.gnu-tools-for-stm32.9-2020-q2-update.win32_1.5.0.202011040924/tools/bin/../lib/gcc/arm-none-eabi/9.3.1/../../../../arm-none-eabi/lib/thumb/v7e-m+fp/hard\libc_nano.a(lib_a-nano-vfprintf_float.o)
                0x0000000008006e9c                __cvt
 .text.__exponent
                0x0000000008006f60       0x7c c:/st/stm32cubeide_1.5.0/stm32cubeide/plugins/com.st.stm32cube.ide.mcu.externaltools.gnu-tools-for-stm32.9-2020-q2-update.win32_1.5.0.202011040924/tools/bin/../lib/gcc/arm-none-eabi/9.3.1/../../../../arm-none-eabi/lib/thumb/v7e-m+fp/hard\libc_nano.a(lib_a-nano-vfprintf_float.o)
                0x0000000008006f60                __exponent
 .text._printf_float
                0x0000000008006fdc      0x46c c:/st/stm32cubeide_1.5.0/stm32cubeide/plugins/com.st.stm32cube.ide.mcu.externaltools.gnu-tools-for-stm32.9-2020-q2-update.win32_1.5.0.202011040924/tools/bin/../lib/gcc/arm-none-eabi/9.3.1/../../../../arm-none-eabi/lib/thumb/v7e-m+fp/hard\libc_nano.a(lib_a-nano-vfprintf_float.o)
                0x0000000008006fdc                _printf_float
 .text._printf_common
                0x0000000008007448       0xda c:/st/stm32cubeide_1.5.0/stm32cubeide/plugins/com.st.stm32cube.ide.mcu.externaltools.gnu-tools-for-stm32.9-2020-q2-update.win32_1.5.0.202011040924/tools/bin/../lib/gcc/arm-none-eabi/9.3.1/../../../../arm-none-eabi/lib/thumb/v7e-m+fp/hard\libc_nano.a(lib_a-nano-vfprintf_i.o)
                0x0000000008007448                _printf_common
 *fill*         0x0000000008007522        0x2 
 .text._printf_i
                0x0000000008007524      0x24c c:/st/stm32cubeide_1.5.0/stm32cubeide/plugins/com.st.stm32cube.ide.mcu.externaltools.gnu-tools-for-stm32.9-2020-q2-update.win32_1.5.0.202011040924/tools/bin/../lib/gcc/arm-none-eabi/9.3.1/../../../../arm-none-eabi/lib/thumb/v7e-m+fp/hard\libc_nano.a(lib_a-nano-vfprintf_i.o)
                0x0000000008007524                _printf_i
 .text.printf   0x0000000008007770       0x30 c:/st/stm32cubeide_1.5.0/stm32cubeide/plugins/com.st.stm32cube.ide.mcu.externaltools.gnu-tools-for-stm32.9-2020-q2-update.win32_1.5.0.202011040924/tools/bin/../lib/gcc/arm-none-eabi/9.3.1/../../../../arm-none-eabi/lib/thumb/v7e-m+fp/hard\libc_nano.a(lib_a-printf.o)
                0x0000000008007770                iprintf
                0x0000000008007770                printf
 .text._puts_r  0x00000000080077a0       0xdc c:/st/stm32cubeide_1.5.0/stm32cubeide/plugins/com.st.stm32cube.ide.mcu.externaltools.gnu-tools-for-stm32.9-2020-q2-update.win32_1.5.0.202011040924/tools/bin/../lib/gcc/arm-none-eabi/9.3.1/../../../../arm-none-eabi/lib/thumb/v7e-m+fp/hard\libc_nano.a(lib_a-puts.o)
                0x00000000080077a0                _puts_r
 .text.puts     0x000000000800787c       0x10 c:/st/stm32cubeide_1.5.0/stm32cubeide/plugins/com.st.stm32cube.ide.mcu.externaltools.gnu-tools-for-stm32.9-2020-q2-update.win32_1.5.0.202011040924/tools/bin/../lib/gcc/arm-none-eabi/9.3.1/../../../../arm-none-eabi/lib/thumb/v7e-m+fp/hard\libc_nano.a(lib_a-puts.o)
                0x000000000800787c                puts
 .text.sprintf  0x000000000800788c       0x40 c:/st/stm32cubeide_1.5.0/stm32cubeide/plugins/com.st.stm32cube.ide.mcu.externaltools.gnu-tools-for-stm32.9-2020-q2-update.win32_1.5.0.202011040924/tools/bin/../lib/gcc/arm-none-eabi/9.3.1/../../../../arm-none-eabi/lib/thumb/v7e-m+fp/hard\libc_nano.a(lib_a-sprintf.o)
                0x000000000800788c                siprintf
                0x000000000800788c                sprintf
 .text.__swbuf_r
                0x00000000080078cc       0xa4 c:/st/stm32cubeide_1.5.0/stm32cubeide/plugins/com.st.stm32cube.ide.mcu.externaltools.gnu-tools-for-stm32.9-2020-q2-update.win32_1.5.0.202011040924/tools/bin/../lib/gcc/arm-none-eabi/9.3.1/../../../../arm-none-eabi/lib/thumb/v7e-m+fp/hard\libc_nano.a(lib_a-wbuf.o)
                0x00000000080078cc                __swbuf_r
 .text.__swsetup_r
                0x0000000008007970       0xdc c:/st/stm32cubeide_1.5.0/stm32cubeide/plugins/com.st.stm32cube.ide.mcu.externaltools.gnu-tools-for-stm32.9-2020-q2-update.win32_1.5.0.202011040924/tools/bin/../lib/gcc/arm-none-eabi/9.3.1/../../../../arm-none-eabi/lib/thumb/v7e-m+fp/hard\libc_nano.a(lib_a-wsetup.o)
                0x0000000008007970                __swsetup_r
 .text.quorem   0x0000000008007a4c      0x116 c:/st/stm32cubeide_1.5.0/stm32cubeide/plugins/com.st.stm32cube.ide.mcu.externaltools.gnu-tools-for-stm32.9-2020-q2-update.win32_1.5.0.202011040924/tools/bin/../lib/gcc/arm-none-eabi/9.3.1/../../../../arm-none-eabi/lib/thumb/v7e-m+fp/hard\libc_nano.a(lib_a-dtoa.o)
 *fill*         0x0000000008007b62        0x6 
 .text._dtoa_r  0x0000000008007b68      0xbd8 c:/st/stm32cubeide_1.5.0/stm32cubeide/plugins/com.st.stm32cube.ide.mcu.externaltools.gnu-tools-for-stm32.9-2020-q2-update.win32_1.5.0.202011040924/tools/bin/../lib/gcc/arm-none-eabi/9.3.1/../../../../arm-none-eabi/lib/thumb/v7e-m+fp/hard\libc_nano.a(lib_a-dtoa.o)
                0x0000000008007b68                _dtoa_r
 .text.__sflush_r
                0x0000000008008740      0x10c c:/st/stm32cubeide_1.5.0/stm32cubeide/plugins/com.st.stm32cube.ide.mcu.externaltools.gnu-tools-for-stm32.9-2020-q2-update.win32_1.5.0.202011040924/tools/bin/../lib/gcc/arm-none-eabi/9.3.1/../../../../arm-none-eabi/lib/thumb/v7e-m+fp/hard\libc_nano.a(lib_a-fflush.o)
                0x0000000008008740                __sflush_r
 .text._fflush_r
                0x000000000800884c       0x78 c:/st/stm32cubeide_1.5.0/stm32cubeide/plugins/com.st.stm32cube.ide.mcu.externaltools.gnu-tools-for-stm32.9-2020-q2-update.win32_1.5.0.202011040924/tools/bin/../lib/gcc/arm-none-eabi/9.3.1/../../../../arm-none-eabi/lib/thumb/v7e-m+fp/hard\libc_nano.a(lib_a-fflush.o)
                0x000000000800884c                _fflush_r
 .text.std      0x00000000080088c4       0x48 c:/st/stm32cubeide_1.5.0/stm32cubeide/plugins/com.st.stm32cube.ide.mcu.externaltools.gnu-tools-for-stm32.9-2020-q2-update.win32_1.5.0.202011040924/tools/bin/../lib/gcc/arm-none-eabi/9.3.1/../../../../arm-none-eabi/lib/thumb/v7e-m+fp/hard\libc_nano.a(lib_a-findfp.o)
 .text._cleanup_r
                0x000000000800890c        0xc c:/st/stm32cubeide_1.5.0/stm32cubeide/plugins/com.st.stm32cube.ide.mcu.externaltools.gnu-tools-for-stm32.9-2020-q2-update.win32_1.5.0.202011040924/tools/bin/../lib/gcc/arm-none-eabi/9.3.1/../../../../arm-none-eabi/lib/thumb/v7e-m+fp/hard\libc_nano.a(lib_a-findfp.o)
                0x000000000800890c                _cleanup_r
 .text.__sfmoreglue
                0x0000000008008918       0x2c c:/st/stm32cubeide_1.5.0/stm32cubeide/plugins/com.st.stm32cube.ide.mcu.externaltools.gnu-tools-for-stm32.9-2020-q2-update.win32_1.5.0.202011040924/tools/bin/../lib/gcc/arm-none-eabi/9.3.1/../../../../arm-none-eabi/lib/thumb/v7e-m+fp/hard\libc_nano.a(lib_a-findfp.o)
                0x0000000008008918                __sfmoreglue
 .text.__sfp_lock_acquire
                0x0000000008008944        0xc c:/st/stm32cubeide_1.5.0/stm32cubeide/plugins/com.st.stm32cube.ide.mcu.externaltools.gnu-tools-for-stm32.9-2020-q2-update.win32_1.5.0.202011040924/tools/bin/../lib/gcc/arm-none-eabi/9.3.1/../../../../arm-none-eabi/lib/thumb/v7e-m+fp/hard\libc_nano.a(lib_a-findfp.o)
                0x0000000008008944                __sfp_lock_acquire
 .text.__sfp_lock_release
                0x0000000008008950        0xc c:/st/stm32cubeide_1.5.0/stm32cubeide/plugins/com.st.stm32cube.ide.mcu.externaltools.gnu-tools-for-stm32.9-2020-q2-update.win32_1.5.0.202011040924/tools/bin/../lib/gcc/arm-none-eabi/9.3.1/../../../../arm-none-eabi/lib/thumb/v7e-m+fp/hard\libc_nano.a(lib_a-findfp.o)
                0x0000000008008950                __sfp_lock_release
 .text.__sinit_lock_acquire
                0x000000000800895c        0xc c:/st/stm32cubeide_1.5.0/stm32cubeide/plugins/com.st.stm32cube.ide.mcu.externaltools.gnu-tools-for-stm32.9-2020-q2-update.win32_1.5.0.202011040924/tools/bin/../lib/gcc/arm-none-eabi/9.3.1/../../../../arm-none-eabi/lib/thumb/v7e-m+fp/hard\libc_nano.a(lib_a-findfp.o)
                0x000000000800895c                __sinit_lock_acquire
 .text.__sinit_lock_release
                0x0000000008008968        0xc c:/st/stm32cubeide_1.5.0/stm32cubeide/plugins/com.st.stm32cube.ide.mcu.externaltools.gnu-tools-for-stm32.9-2020-q2-update.win32_1.5.0.202011040924/tools/bin/../lib/gcc/arm-none-eabi/9.3.1/../../../../arm-none-eabi/lib/thumb/v7e-m+fp/hard\libc_nano.a(lib_a-findfp.o)
                0x0000000008008968                __sinit_lock_release
 .text.__sinit  0x0000000008008974       0x70 c:/st/stm32cubeide_1.5.0/stm32cubeide/plugins/com.st.stm32cube.ide.mcu.externaltools.gnu-tools-for-stm32.9-2020-q2-update.win32_1.5.0.202011040924/tools/bin/../lib/gcc/arm-none-eabi/9.3.1/../../../../arm-none-eabi/lib/thumb/v7e-m+fp/hard\libc_nano.a(lib_a-findfp.o)
                0x0000000008008974                __sinit
 .text.__sfp    0x00000000080089e4       0x8c c:/st/stm32cubeide_1.5.0/stm32cubeide/plugins/com.st.stm32cube.ide.mcu.externaltools.gnu-tools-for-stm32.9-2020-q2-update.win32_1.5.0.202011040924/tools/bin/../lib/gcc/arm-none-eabi/9.3.1/../../../../arm-none-eabi/lib/thumb/v7e-m+fp/hard\libc_nano.a(lib_a-findfp.o)
                0x00000000080089e4                __sfp
 .text._fwalk_reent
                0x0000000008008a70       0x3e c:/st/stm32cubeide_1.5.0/stm32cubeide/plugins/com.st.stm32cube.ide.mcu.externaltools.gnu-tools-for-stm32.9-2020-q2-update.win32_1.5.0.202011040924/tools/bin/../lib/gcc/arm-none-eabi/9.3.1/../../../../arm-none-eabi/lib/thumb/v7e-m+fp/hard\libc_nano.a(lib_a-fwalk.o)
                0x0000000008008a70                _fwalk_reent
 *fill*         0x0000000008008aae        0x2 
 .text._localeconv_r
                0x0000000008008ab0        0x8 c:/st/stm32cubeide_1.5.0/stm32cubeide/plugins/com.st.stm32cube.ide.mcu.externaltools.gnu-tools-for-stm32.9-2020-q2-update.win32_1.5.0.202011040924/tools/bin/../lib/gcc/arm-none-eabi/9.3.1/../../../../arm-none-eabi/lib/thumb/v7e-m+fp/hard\libc_nano.a(lib_a-localeconv.o)
                0x0000000008008ab0                _localeconv_r
 .text.__retarget_lock_init_recursive
                0x0000000008008ab8        0x2 c:/st/stm32cubeide_1.5.0/stm32cubeide/plugins/com.st.stm32cube.ide.mcu.externaltools.gnu-tools-for-stm32.9-2020-q2-update.win32_1.5.0.202011040924/tools/bin/../lib/gcc/arm-none-eabi/9.3.1/../../../../arm-none-eabi/lib/thumb/v7e-m+fp/hard\libc_nano.a(lib_a-lock.o)
                0x0000000008008ab8                __retarget_lock_init_recursive
 .text.__retarget_lock_acquire_recursive
                0x0000000008008aba        0x2 c:/st/stm32cubeide_1.5.0/stm32cubeide/plugins/com.st.stm32cube.ide.mcu.externaltools.gnu-tools-for-stm32.9-2020-q2-update.win32_1.5.0.202011040924/tools/bin/../lib/gcc/arm-none-eabi/9.3.1/../../../../arm-none-eabi/lib/thumb/v7e-m+fp/hard\libc_nano.a(lib_a-lock.o)
                0x0000000008008aba                __retarget_lock_acquire_recursive
 .text.__retarget_lock_release_recursive
                0x0000000008008abc        0x2 c:/st/stm32cubeide_1.5.0/stm32cubeide/plugins/com.st.stm32cube.ide.mcu.externaltools.gnu-tools-for-stm32.9-2020-q2-update.win32_1.5.0.202011040924/tools/bin/../lib/gcc/arm-none-eabi/9.3.1/../../../../arm-none-eabi/lib/thumb/v7e-m+fp/hard\libc_nano.a(lib_a-lock.o)
                0x0000000008008abc                __retarget_lock_release_recursive
 .text.__swhatbuf_r
                0x0000000008008abe       0x48 c:/st/stm32cubeide_1.5.0/stm32cubeide/plugins/com.st.stm32cube.ide.mcu.externaltools.gnu-tools-for-stm32.9-2020-q2-update.win32_1.5.0.202011040924/tools/bin/../lib/gcc/arm-none-eabi/9.3.1/../../../../arm-none-eabi/lib/thumb/v7e-m+fp/hard\libc_nano.a(lib_a-makebuf.o)
                0x0000000008008abe                __swhatbuf_r
 *fill*         0x0000000008008b06        0x2 
 .text.__smakebuf_r
                0x0000000008008b08       0x80 c:/st/stm32cubeide_1.5.0/stm32cubeide/plugins/com.st.stm32cube.ide.mcu.externaltools.gnu-tools-for-stm32.9-2020-q2-update.win32_1.5.0.202011040924/tools/bin/../lib/gcc/arm-none-eabi/9.3.1/../../../../arm-none-eabi/lib/thumb/v7e-m+fp/hard\libc_nano.a(lib_a-makebuf.o)
                0x0000000008008b08                __smakebuf_r
 .text.malloc   0x0000000008008b88       0x10 c:/st/stm32cubeide_1.5.0/stm32cubeide/plugins/com.st.stm32cube.ide.mcu.externaltools.gnu-tools-for-stm32.9-2020-q2-update.win32_1.5.0.202011040924/tools/bin/../lib/gcc/arm-none-eabi/9.3.1/../../../../arm-none-eabi/lib/thumb/v7e-m+fp/hard\libc_nano.a(lib_a-malloc.o)
                0x0000000008008b88                malloc
 .text.memcpy   0x0000000008008b98       0x1c c:/st/stm32cubeide_1.5.0/stm32cubeide/plugins/com.st.stm32cube.ide.mcu.externaltools.gnu-tools-for-stm32.9-2020-q2-update.win32_1.5.0.202011040924/tools/bin/../lib/gcc/arm-none-eabi/9.3.1/../../../../arm-none-eabi/lib/thumb/v7e-m+fp/hard\libc_nano.a(lib_a-memcpy-stub.o)
                0x0000000008008b98                memcpy
 .text._Balloc  0x0000000008008bb4       0x80 c:/st/stm32cubeide_1.5.0/stm32cubeide/plugins/com.st.stm32cube.ide.mcu.externaltools.gnu-tools-for-stm32.9-2020-q2-update.win32_1.5.0.202011040924/tools/bin/../lib/gcc/arm-none-eabi/9.3.1/../../../../arm-none-eabi/lib/thumb/v7e-m+fp/hard\libc_nano.a(lib_a-mprec.o)
                0x0000000008008bb4                _Balloc
 .text._Bfree   0x0000000008008c34       0x44 c:/st/stm32cubeide_1.5.0/stm32cubeide/plugins/com.st.stm32cube.ide.mcu.externaltools.gnu-tools-for-stm32.9-2020-q2-update.win32_1.5.0.202011040924/tools/bin/../lib/gcc/arm-none-eabi/9.3.1/../../../../arm-none-eabi/lib/thumb/v7e-m+fp/hard\libc_nano.a(lib_a-mprec.o)
                0x0000000008008c34                _Bfree
 .text.__multadd
                0x0000000008008c78       0x94 c:/st/stm32cubeide_1.5.0/stm32cubeide/plugins/com.st.stm32cube.ide.mcu.externaltools.gnu-tools-for-stm32.9-2020-q2-update.win32_1.5.0.202011040924/tools/bin/../lib/gcc/arm-none-eabi/9.3.1/../../../../arm-none-eabi/lib/thumb/v7e-m+fp/hard\libc_nano.a(lib_a-mprec.o)
                0x0000000008008c78                __multadd
 .text.__hi0bits
                0x0000000008008d0c       0x40 c:/st/stm32cubeide_1.5.0/stm32cubeide/plugins/com.st.stm32cube.ide.mcu.externaltools.gnu-tools-for-stm32.9-2020-q2-update.win32_1.5.0.202011040924/tools/bin/../lib/gcc/arm-none-eabi/9.3.1/../../../../arm-none-eabi/lib/thumb/v7e-m+fp/hard\libc_nano.a(lib_a-mprec.o)
                0x0000000008008d0c                __hi0bits
 .text.__lo0bits
                0x0000000008008d4c       0x60 c:/st/stm32cubeide_1.5.0/stm32cubeide/plugins/com.st.stm32cube.ide.mcu.externaltools.gnu-tools-for-stm32.9-2020-q2-update.win32_1.5.0.202011040924/tools/bin/../lib/gcc/arm-none-eabi/9.3.1/../../../../arm-none-eabi/lib/thumb/v7e-m+fp/hard\libc_nano.a(lib_a-mprec.o)
                0x0000000008008d4c                __lo0bits
 .text.__i2b    0x0000000008008dac       0x2c c:/st/stm32cubeide_1.5.0/stm32cubeide/plugins/com.st.stm32cube.ide.mcu.externaltools.gnu-tools-for-stm32.9-2020-q2-update.win32_1.5.0.202011040924/tools/bin/../lib/gcc/arm-none-eabi/9.3.1/../../../../arm-none-eabi/lib/thumb/v7e-m+fp/hard\libc_nano.a(lib_a-mprec.o)
                0x0000000008008dac                __i2b
 .text.__multiply
                0x0000000008008dd8      0x14c c:/st/stm32cubeide_1.5.0/stm32cubeide/plugins/com.st.stm32cube.ide.mcu.externaltools.gnu-tools-for-stm32.9-2020-q2-update.win32_1.5.0.202011040924/tools/bin/../lib/gcc/arm-none-eabi/9.3.1/../../../../arm-none-eabi/lib/thumb/v7e-m+fp/hard\libc_nano.a(lib_a-mprec.o)
                0x0000000008008dd8                __multiply
 .text.__pow5mult
                0x0000000008008f24       0xb4 c:/st/stm32cubeide_1.5.0/stm32cubeide/plugins/com.st.stm32cube.ide.mcu.externaltools.gnu-tools-for-stm32.9-2020-q2-update.win32_1.5.0.202011040924/tools/bin/../lib/gcc/arm-none-eabi/9.3.1/../../../../arm-none-eabi/lib/thumb/v7e-m+fp/hard\libc_nano.a(lib_a-mprec.o)
                0x0000000008008f24                __pow5mult
 .text.__lshift
                0x0000000008008fd8       0xd8 c:/st/stm32cubeide_1.5.0/stm32cubeide/plugins/com.st.stm32cube.ide.mcu.externaltools.gnu-tools-for-stm32.9-2020-q2-update.win32_1.5.0.202011040924/tools/bin/../lib/gcc/arm-none-eabi/9.3.1/../../../../arm-none-eabi/lib/thumb/v7e-m+fp/hard\libc_nano.a(lib_a-mprec.o)
                0x0000000008008fd8                __lshift
 .text.__mcmp   0x00000000080090b0       0x38 c:/st/stm32cubeide_1.5.0/stm32cubeide/plugins/com.st.stm32cube.ide.mcu.externaltools.gnu-tools-for-stm32.9-2020-q2-update.win32_1.5.0.202011040924/tools/bin/../lib/gcc/arm-none-eabi/9.3.1/../../../../arm-none-eabi/lib/thumb/v7e-m+fp/hard\libc_nano.a(lib_a-mprec.o)
                0x00000000080090b0                __mcmp
 .text.__mdiff  0x00000000080090e8      0x110 c:/st/stm32cubeide_1.5.0/stm32cubeide/plugins/com.st.stm32cube.ide.mcu.externaltools.gnu-tools-for-stm32.9-2020-q2-update.win32_1.5.0.202011040924/tools/bin/../lib/gcc/arm-none-eabi/9.3.1/../../../../arm-none-eabi/lib/thumb/v7e-m+fp/hard\libc_nano.a(lib_a-mprec.o)
                0x00000000080090e8                __mdiff
 .text.__d2b    0x00000000080091f8       0xb8 c:/st/stm32cubeide_1.5.0/stm32cubeide/plugins/com.st.stm32cube.ide.mcu.externaltools.gnu-tools-for-stm32.9-2020-q2-update.win32_1.5.0.202011040924/tools/bin/../lib/gcc/arm-none-eabi/9.3.1/../../../../arm-none-eabi/lib/thumb/v7e-m+fp/hard\libc_nano.a(lib_a-mprec.o)
                0x00000000080091f8                __d2b
 .text._calloc_r
                0x00000000080092b0       0x1e c:/st/stm32cubeide_1.5.0/stm32cubeide/plugins/com.st.stm32cube.ide.mcu.externaltools.gnu-tools-for-stm32.9-2020-q2-update.win32_1.5.0.202011040924/tools/bin/../lib/gcc/arm-none-eabi/9.3.1/../../../../arm-none-eabi/lib/thumb/v7e-m+fp/hard\libc_nano.a(lib_a-nano-callocr.o)
                0x00000000080092b0                _calloc_r
 *fill*         0x00000000080092ce        0x2 
 .text._free_r  0x00000000080092d0       0xa0 c:/st/stm32cubeide_1.5.0/stm32cubeide/plugins/com.st.stm32cube.ide.mcu.externaltools.gnu-tools-for-stm32.9-2020-q2-update.win32_1.5.0.202011040924/tools/bin/../lib/gcc/arm-none-eabi/9.3.1/../../../../arm-none-eabi/lib/thumb/v7e-m+fp/hard\libc_nano.a(lib_a-nano-freer.o)
                0x00000000080092d0                _free_r
 .text._malloc_r
                0x0000000008009370       0xb4 c:/st/stm32cubeide_1.5.0/stm32cubeide/plugins/com.st.stm32cube.ide.mcu.externaltools.gnu-tools-for-stm32.9-2020-q2-update.win32_1.5.0.202011040924/tools/bin/../lib/gcc/arm-none-eabi/9.3.1/../../../../arm-none-eabi/lib/thumb/v7e-m+fp/hard\libc_nano.a(lib_a-nano-mallocr.o)
                0x0000000008009370                _malloc_r
 .text.__ssputs_r
                0x0000000008009424       0xb6 c:/st/stm32cubeide_1.5.0/stm32cubeide/plugins/com.st.stm32cube.ide.mcu.externaltools.gnu-tools-for-stm32.9-2020-q2-update.win32_1.5.0.202011040924/tools/bin/../lib/gcc/arm-none-eabi/9.3.1/../../../../arm-none-eabi/lib/thumb/v7e-m+fp/hard\libc_nano.a(lib_a-nano-svfprintf.o)
                0x0000000008009424                __ssputs_r
 *fill*         0x00000000080094da        0x2 
 .text._svfprintf_r
                0x00000000080094dc      0x200 c:/st/stm32cubeide_1.5.0/stm32cubeide/plugins/com.st.stm32cube.ide.mcu.externaltools.gnu-tools-for-stm32.9-2020-q2-update.win32_1.5.0.202011040924/tools/bin/../lib/gcc/arm-none-eabi/9.3.1/../../../../arm-none-eabi/lib/thumb/v7e-m+fp/hard\libc_nano.a(lib_a-nano-svfprintf.o)
                0x00000000080094dc                _svfiprintf_r
                0x00000000080094dc                _svfprintf_r
 .text.__sfputc_r
                0x00000000080096dc       0x2e c:/st/stm32cubeide_1.5.0/stm32cubeide/plugins/com.st.stm32cube.ide.mcu.externaltools.gnu-tools-for-stm32.9-2020-q2-update.win32_1.5.0.202011040924/tools/bin/../lib/gcc/arm-none-eabi/9.3.1/../../../../arm-none-eabi/lib/thumb/v7e-m+fp/hard\libc_nano.a(lib_a-nano-vfprintf.o)
 .text.__sfputs_r
                0x000000000800970a       0x24 c:/st/stm32cubeide_1.5.0/stm32cubeide/plugins/com.st.stm32cube.ide.mcu.externaltools.gnu-tools-for-stm32.9-2020-q2-update.win32_1.5.0.202011040924/tools/bin/../lib/gcc/arm-none-eabi/9.3.1/../../../../arm-none-eabi/lib/thumb/v7e-m+fp/hard\libc_nano.a(lib_a-nano-vfprintf.o)
                0x000000000800970a                __sfputs_r
 *fill*         0x000000000800972e        0x2 
 .text._vfprintf_r
                0x0000000008009730      0x260 c:/st/stm32cubeide_1.5.0/stm32cubeide/plugins/com.st.stm32cube.ide.mcu.externaltools.gnu-tools-for-stm32.9-2020-q2-update.win32_1.5.0.202011040924/tools/bin/../lib/gcc/arm-none-eabi/9.3.1/../../../../arm-none-eabi/lib/thumb/v7e-m+fp/hard\libc_nano.a(lib_a-nano-vfprintf.o)
                0x0000000008009730                _vfprintf_r
                0x0000000008009730                _vfiprintf_r
 .text._sbrk_r  0x0000000008009990       0x20 c:/st/stm32cubeide_1.5.0/stm32cubeide/plugins/com.st.stm32cube.ide.mcu.externaltools.gnu-tools-for-stm32.9-2020-q2-update.win32_1.5.0.202011040924/tools/bin/../lib/gcc/arm-none-eabi/9.3.1/../../../../arm-none-eabi/lib/thumb/v7e-m+fp/hard\libc_nano.a(lib_a-sbrkr.o)
                0x0000000008009990                _sbrk_r
 .text.__sread  0x00000000080099b0       0x22 c:/st/stm32cubeide_1.5.0/stm32cubeide/plugins/com.st.stm32cube.ide.mcu.externaltools.gnu-tools-for-stm32.9-2020-q2-update.win32_1.5.0.202011040924/tools/bin/../lib/gcc/arm-none-eabi/9.3.1/../../../../arm-none-eabi/lib/thumb/v7e-m+fp/hard\libc_nano.a(lib_a-stdio.o)
                0x00000000080099b0                __sread
 .text.__swrite
                0x00000000080099d2       0x38 c:/st/stm32cubeide_1.5.0/stm32cubeide/plugins/com.st.stm32cube.ide.mcu.externaltools.gnu-tools-for-stm32.9-2020-q2-update.win32_1.5.0.202011040924/tools/bin/../lib/gcc/arm-none-eabi/9.3.1/../../../../arm-none-eabi/lib/thumb/v7e-m+fp/hard\libc_nano.a(lib_a-stdio.o)
                0x00000000080099d2                __swrite
 .text.__sseek  0x0000000008009a0a       0x24 c:/st/stm32cubeide_1.5.0/stm32cubeide/plugins/com.st.stm32cube.ide.mcu.externaltools.gnu-tools-for-stm32.9-2020-q2-update.win32_1.5.0.202011040924/tools/bin/../lib/gcc/arm-none-eabi/9.3.1/../../../../arm-none-eabi/lib/thumb/v7e-m+fp/hard\libc_nano.a(lib_a-stdio.o)
                0x0000000008009a0a                __sseek
 .text.__sclose
                0x0000000008009a2e        0x8 c:/st/stm32cubeide_1.5.0/stm32cubeide/plugins/com.st.stm32cube.ide.mcu.externaltools.gnu-tools-for-stm32.9-2020-q2-update.win32_1.5.0.202011040924/tools/bin/../lib/gcc/arm-none-eabi/9.3.1/../../../../arm-none-eabi/lib/thumb/v7e-m+fp/hard\libc_nano.a(lib_a-stdio.o)
                0x0000000008009a2e                __sclose
 *fill*         0x0000000008009a36        0x2 
 .text._write_r
                0x0000000008009a38       0x24 c:/st/stm32cubeide_1.5.0/stm32cubeide/plugins/com.st.stm32cube.ide.mcu.externaltools.gnu-tools-for-stm32.9-2020-q2-update.win32_1.5.0.202011040924/tools/bin/../lib/gcc/arm-none-eabi/9.3.1/../../../../arm-none-eabi/lib/thumb/v7e-m+fp/hard\libc_nano.a(lib_a-writer.o)
                0x0000000008009a38                _write_r
 .text.__assert_func
                0x0000000008009a5c       0x3c c:/st/stm32cubeide_1.5.0/stm32cubeide/plugins/com.st.stm32cube.ide.mcu.externaltools.gnu-tools-for-stm32.9-2020-q2-update.win32_1.5.0.202011040924/tools/bin/../lib/gcc/arm-none-eabi/9.3.1/../../../../arm-none-eabi/lib/thumb/v7e-m+fp/hard\libc_nano.a(lib_a-assert.o)
                0x0000000008009a5c                __assert_func
 .text._close_r
                0x0000000008009a98       0x20 c:/st/stm32cubeide_1.5.0/stm32cubeide/plugins/com.st.stm32cube.ide.mcu.externaltools.gnu-tools-for-stm32.9-2020-q2-update.win32_1.5.0.202011040924/tools/bin/../lib/gcc/arm-none-eabi/9.3.1/../../../../arm-none-eabi/lib/thumb/v7e-m+fp/hard\libc_nano.a(lib_a-closer.o)
                0x0000000008009a98                _close_r
 .text.fprintf  0x0000000008009ab8       0x24 c:/st/stm32cubeide_1.5.0/stm32cubeide/plugins/com.st.stm32cube.ide.mcu.externaltools.gnu-tools-for-stm32.9-2020-q2-update.win32_1.5.0.202011040924/tools/bin/../lib/gcc/arm-none-eabi/9.3.1/../../../../arm-none-eabi/lib/thumb/v7e-m+fp/hard\libc_nano.a(lib_a-fprintf.o)
                0x0000000008009ab8                fiprintf
                0x0000000008009ab8                fprintf
 .text._fstat_r
                0x0000000008009adc       0x24 c:/st/stm32cubeide_1.5.0/stm32cubeide/plugins/com.st.stm32cube.ide.mcu.externaltools.gnu-tools-for-stm32.9-2020-q2-update.win32_1.5.0.202011040924/tools/bin/../lib/gcc/arm-none-eabi/9.3.1/../../../../arm-none-eabi/lib/thumb/v7e-m+fp/hard\libc_nano.a(lib_a-fstatr.o)
                0x0000000008009adc                _fstat_r
 .text._isatty_r
                0x0000000008009b00       0x20 c:/st/stm32cubeide_1.5.0/stm32cubeide/plugins/com.st.stm32cube.ide.mcu.externaltools.gnu-tools-for-stm32.9-2020-q2-update.win32_1.5.0.202011040924/tools/bin/../lib/gcc/arm-none-eabi/9.3.1/../../../../arm-none-eabi/lib/thumb/v7e-m+fp/hard\libc_nano.a(lib_a-isattyr.o)
                0x0000000008009b00                _isatty_r
 .text._lseek_r
                0x0000000008009b20       0x24 c:/st/stm32cubeide_1.5.0/stm32cubeide/plugins/com.st.stm32cube.ide.mcu.externaltools.gnu-tools-for-stm32.9-2020-q2-update.win32_1.5.0.202011040924/tools/bin/../lib/gcc/arm-none-eabi/9.3.1/../../../../arm-none-eabi/lib/thumb/v7e-m+fp/hard\libc_nano.a(lib_a-lseekr.o)
                0x0000000008009b20                _lseek_r
 .text.__ascii_mbtowc
                0x0000000008009b44       0x24 c:/st/stm32cubeide_1.5.0/stm32cubeide/plugins/com.st.stm32cube.ide.mcu.externaltools.gnu-tools-for-stm32.9-2020-q2-update.win32_1.5.0.202011040924/tools/bin/../lib/gcc/arm-none-eabi/9.3.1/../../../../arm-none-eabi/lib/thumb/v7e-m+fp/hard\libc_nano.a(lib_a-mbtowc_r.o)
                0x0000000008009b44                __ascii_mbtowc
 .text.memmove  0x0000000008009b68       0x34 c:/st/stm32cubeide_1.5.0/stm32cubeide/plugins/com.st.stm32cube.ide.mcu.externaltools.gnu-tools-for-stm32.9-2020-q2-update.win32_1.5.0.202011040924/tools/bin/../lib/gcc/arm-none-eabi/9.3.1/../../../../arm-none-eabi/lib/thumb/v7e-m+fp/hard\libc_nano.a(lib_a-memmove.o)
                0x0000000008009b68                memmove
 .text.__malloc_lock
                0x0000000008009b9c        0xc c:/st/stm32cubeide_1.5.0/stm32cubeide/plugins/com.st.stm32cube.ide.mcu.externaltools.gnu-tools-for-stm32.9-2020-q2-update.win32_1.5.0.202011040924/tools/bin/../lib/gcc/arm-none-eabi/9.3.1/../../../../arm-none-eabi/lib/thumb/v7e-m+fp/hard\libc_nano.a(lib_a-mlock.o)
                0x0000000008009b9c                __malloc_lock
 .text.__malloc_unlock
                0x0000000008009ba8        0xc c:/st/stm32cubeide_1.5.0/stm32cubeide/plugins/com.st.stm32cube.ide.mcu.externaltools.gnu-tools-for-stm32.9-2020-q2-update.win32_1.5.0.202011040924/tools/bin/../lib/gcc/arm-none-eabi/9.3.1/../../../../arm-none-eabi/lib/thumb/v7e-m+fp/hard\libc_nano.a(lib_a-mlock.o)
                0x0000000008009ba8                __malloc_unlock
 .text._realloc_r
                0x0000000008009bb4       0x4c c:/st/stm32cubeide_1.5.0/stm32cubeide/plugins/com.st.stm32cube.ide.mcu.externaltools.gnu-tools-for-stm32.9-2020-q2-update.win32_1.5.0.202011040924/tools/bin/../lib/gcc/arm-none-eabi/9.3.1/../../../../arm-none-eabi/lib/thumb/v7e-m+fp/hard\libc_nano.a(lib_a-nano-reallocr.o)
                0x0000000008009bb4                _realloc_r
 .text._read_r  0x0000000008009c00       0x24 c:/st/stm32cubeide_1.5.0/stm32cubeide/plugins/com.st.stm32cube.ide.mcu.externaltools.gnu-tools-for-stm32.9-2020-q2-update.win32_1.5.0.202011040924/tools/bin/../lib/gcc/arm-none-eabi/9.3.1/../../../../arm-none-eabi/lib/thumb/v7e-m+fp/hard\libc_nano.a(lib_a-readr.o)
                0x0000000008009c00                _read_r
 .text.__ascii_wctomb
                0x0000000008009c24       0x1a c:/st/stm32cubeide_1.5.0/stm32cubeide/plugins/com.st.stm32cube.ide.mcu.externaltools.gnu-tools-for-stm32.9-2020-q2-update.win32_1.5.0.202011040924/tools/bin/../lib/gcc/arm-none-eabi/9.3.1/../../../../arm-none-eabi/lib/thumb/v7e-m+fp/hard\libc_nano.a(lib_a-wctomb_r.o)
                0x0000000008009c24                __ascii_wctomb
 .text.abort    0x0000000008009c3e        0xe c:/st/stm32cubeide_1.5.0/stm32cubeide/plugins/com.st.stm32cube.ide.mcu.externaltools.gnu-tools-for-stm32.9-2020-q2-update.win32_1.5.0.202011040924/tools/bin/../lib/gcc/arm-none-eabi/9.3.1/../../../../arm-none-eabi/lib/thumb/v7e-m+fp/hard\libc_nano.a(lib_a-abort.o)
                0x0000000008009c3e                abort
 .text._malloc_usable_size_r
                0x0000000008009c4c       0x10 c:/st/stm32cubeide_1.5.0/stm32cubeide/plugins/com.st.stm32cube.ide.mcu.externaltools.gnu-tools-for-stm32.9-2020-q2-update.win32_1.5.0.202011040924/tools/bin/../lib/gcc/arm-none-eabi/9.3.1/../../../../arm-none-eabi/lib/thumb/v7e-m+fp/hard\libc_nano.a(lib_a-nano-msizer.o)
                0x0000000008009c4c                _malloc_usable_size_r
 .text._raise_r
                0x0000000008009c5c       0x50 c:/st/stm32cubeide_1.5.0/stm32cubeide/plugins/com.st.stm32cube.ide.mcu.externaltools.gnu-tools-for-stm32.9-2020-q2-update.win32_1.5.0.202011040924/tools/bin/../lib/gcc/arm-none-eabi/9.3.1/../../../../arm-none-eabi/lib/thumb/v7e-m+fp/hard\libc_nano.a(lib_a-signal.o)
                0x0000000008009c5c                _raise_r
 .text.raise    0x0000000008009cac       0x10 c:/st/stm32cubeide_1.5.0/stm32cubeide/plugins/com.st.stm32cube.ide.mcu.externaltools.gnu-tools-for-stm32.9-2020-q2-update.win32_1.5.0.202011040924/tools/bin/../lib/gcc/arm-none-eabi/9.3.1/../../../../arm-none-eabi/lib/thumb/v7e-m+fp/hard\libc_nano.a(lib_a-signal.o)
                0x0000000008009cac                raise
 .text._kill_r  0x0000000008009cbc       0x24 c:/st/stm32cubeide_1.5.0/stm32cubeide/plugins/com.st.stm32cube.ide.mcu.externaltools.gnu-tools-for-stm32.9-2020-q2-update.win32_1.5.0.202011040924/tools/bin/../lib/gcc/arm-none-eabi/9.3.1/../../../../arm-none-eabi/lib/thumb/v7e-m+fp/hard\libc_nano.a(lib_a-signalr.o)
                0x0000000008009cbc                _kill_r
 .text._getpid_r
                0x0000000008009ce0        0x4 c:/st/stm32cubeide_1.5.0/stm32cubeide/plugins/com.st.stm32cube.ide.mcu.externaltools.gnu-tools-for-stm32.9-2020-q2-update.win32_1.5.0.202011040924/tools/bin/../lib/gcc/arm-none-eabi/9.3.1/../../../../arm-none-eabi/lib/thumb/v7e-m+fp/hard\libc_nano.a(lib_a-signalr.o)
                0x0000000008009ce0                _getpid_r
 *(.glue_7)
 .glue_7        0x0000000008009ce4        0x0 linker stubs
 *(.glue_7t)
 .glue_7t       0x0000000008009ce4        0x0 linker stubs
 *(.eh_frame)
 .eh_frame      0x0000000008009ce4        0x0 c:/st/stm32cubeide_1.5.0/stm32cubeide/plugins/com.st.stm32cube.ide.mcu.externaltools.gnu-tools-for-stm32.9-2020-q2-update.win32_1.5.0.202011040924/tools/bin/../lib/gcc/arm-none-eabi/9.3.1/thumb/v7e-m+fp/hard/crtbegin.o
 *(.init)
 .init          0x0000000008009ce4        0x4 c:/st/stm32cubeide_1.5.0/stm32cubeide/plugins/com.st.stm32cube.ide.mcu.externaltools.gnu-tools-for-stm32.9-2020-q2-update.win32_1.5.0.202011040924/tools/bin/../lib/gcc/arm-none-eabi/9.3.1/thumb/v7e-m+fp/hard/crti.o
                0x0000000008009ce4                _init
 .init          0x0000000008009ce8        0x8 c:/st/stm32cubeide_1.5.0/stm32cubeide/plugins/com.st.stm32cube.ide.mcu.externaltools.gnu-tools-for-stm32.9-2020-q2-update.win32_1.5.0.202011040924/tools/bin/../lib/gcc/arm-none-eabi/9.3.1/thumb/v7e-m+fp/hard/crtn.o
 *(.fini)
 .fini          0x0000000008009cf0        0x4 c:/st/stm32cubeide_1.5.0/stm32cubeide/plugins/com.st.stm32cube.ide.mcu.externaltools.gnu-tools-for-stm32.9-2020-q2-update.win32_1.5.0.202011040924/tools/bin/../lib/gcc/arm-none-eabi/9.3.1/thumb/v7e-m+fp/hard/crti.o
                0x0000000008009cf0                _fini
 .fini          0x0000000008009cf4        0x8 c:/st/stm32cubeide_1.5.0/stm32cubeide/plugins/com.st.stm32cube.ide.mcu.externaltools.gnu-tools-for-stm32.9-2020-q2-update.win32_1.5.0.202011040924/tools/bin/../lib/gcc/arm-none-eabi/9.3.1/thumb/v7e-m+fp/hard/crtn.o
                0x0000000008009cfc                . = ALIGN (0x4)
                0x0000000008009cfc                _etext = .

.vfp11_veneer   0x0000000008009cfc        0x0
 .vfp11_veneer  0x0000000008009cfc        0x0 linker stubs

.v4_bx          0x0000000008009cfc        0x0
 .v4_bx         0x0000000008009cfc        0x0 linker stubs

.iplt           0x0000000008009cfc        0x0
 .iplt          0x0000000008009cfc        0x0 c:/st/stm32cubeide_1.5.0/stm32cubeide/plugins/com.st.stm32cube.ide.mcu.externaltools.gnu-tools-for-stm32.9-2020-q2-update.win32_1.5.0.202011040924/tools/bin/../lib/gcc/arm-none-eabi/9.3.1/thumb/v7e-m+fp/hard/crtbegin.o

.rodata         0x0000000008009d00     0x51e4
                0x0000000008009d00                . = ALIGN (0x4)
 *(.rodata)
 .rodata        0x0000000008009d00        0xb Core/Src/SR04.o
 *fill*         0x0000000008009d0b        0x1 
 .rodata        0x0000000008009d0c       0x8d Core/Src/main.o
 *(.rodata*)
 *fill*         0x0000000008009d99        0x3 
 .rodata.AHBPrescTable
                0x0000000008009d9c       0x10 Core/Src/system_stm32f4xx.o
                0x0000000008009d9c                AHBPrescTable
 .rodata.APBPrescTable
                0x0000000008009dac        0x8 Core/Src/system_stm32f4xx.o
                0x0000000008009dac                APBPrescTable
 .rodata.u8g_dev_ssd1306_128x64_adafruit2_init_seq
                0x0000000008009db4       0x26 Core/Src/u8g/u8g_dev_ssd1306_128x64.o
 *fill*         0x0000000008009dda        0x2 
 .rodata.u8g_dev_ssd1306_128x64_data_start
                0x0000000008009ddc        0x8 Core/Src/u8g/u8g_dev_ssd1306_128x64.o
 .rodata.u8g_dev_ssd13xx_sleep_on
                0x0000000008009de4        0x9 Core/Src/u8g/u8g_dev_ssd1306_128x64.o
 *fill*         0x0000000008009ded        0x3 
 .rodata.u8g_dev_ssd13xx_sleep_off
                0x0000000008009df0        0xb Core/Src/u8g/u8g_dev_ssd1306_128x64.o
 *fill*         0x0000000008009dfb        0x1 
 .rodata.u8g_font_courB08
                0x0000000008009dfc      0x979 Core/Src/u8g/u8g_font_data.o
                0x0000000008009dfc                u8g_font_courB08
 *fill*         0x000000000800a775        0x3 
 .rodata.u8g_font_courB10
                0x000000000800a778      0xd1b Core/Src/u8g/u8g_font_data.o
                0x000000000800a778                u8g_font_courB10
 *fill*         0x000000000800b493        0x1 
 .rodata.u8g_font_gdb11
                0x000000000800b494     0x10d9 Core/Src/u8g/u8g_font_data.o
                0x000000000800b494                u8g_font_gdb11
 *fill*         0x000000000800c56d        0x3 
 .rodata.u8g_font_osb21
                0x000000000800c570     0x258c Core/Src/u8g/u8g_font_data.o
                0x000000000800c570                u8g_font_osb21
 .rodata.flagBitshiftOffset.8841
                0x000000000800eafc        0x8 Drivers/STM32F4xx_HAL_Driver/Src/stm32f4xx_hal_dma.o
 .rodata._global_impure_ptr
                0x000000000800eb04        0x4 c:/st/stm32cubeide_1.5.0/stm32cubeide/plugins/com.st.stm32cube.ide.mcu.externaltools.gnu-tools-for-stm32.9-2020-q2-update.win32_1.5.0.202011040924/tools/bin/../lib/gcc/arm-none-eabi/9.3.1/../../../../arm-none-eabi/lib/thumb/v7e-m+fp/hard\libc_nano.a(lib_a-impure.o)
                0x000000000800eb04                _global_impure_ptr
 .rodata._printf_float.str1.1
                0x000000000800eb08       0x12 c:/st/stm32cubeide_1.5.0/stm32cubeide/plugins/com.st.stm32cube.ide.mcu.externaltools.gnu-tools-for-stm32.9-2020-q2-update.win32_1.5.0.202011040924/tools/bin/../lib/gcc/arm-none-eabi/9.3.1/../../../../arm-none-eabi/lib/thumb/v7e-m+fp/hard\libc_nano.a(lib_a-nano-vfprintf_float.o)
 .rodata._printf_i.str1.1
                0x000000000800eb1a       0x22 c:/st/stm32cubeide_1.5.0/stm32cubeide/plugins/com.st.stm32cube.ide.mcu.externaltools.gnu-tools-for-stm32.9-2020-q2-update.win32_1.5.0.202011040924/tools/bin/../lib/gcc/arm-none-eabi/9.3.1/../../../../arm-none-eabi/lib/thumb/v7e-m+fp/hard\libc_nano.a(lib_a-nano-vfprintf_i.o)
 .rodata._dtoa_r.str1.1
                0x000000000800eb3c       0x94 c:/st/stm32cubeide_1.5.0/stm32cubeide/plugins/com.st.stm32cube.ide.mcu.externaltools.gnu-tools-for-stm32.9-2020-q2-update.win32_1.5.0.202011040924/tools/bin/../lib/gcc/arm-none-eabi/9.3.1/../../../../arm-none-eabi/lib/thumb/v7e-m+fp/hard\libc_nano.a(lib_a-dtoa.o)
                                         0x96 (size before relaxing)
 .rodata.__sf_fake_stderr
                0x000000000800ebd0       0x20 c:/st/stm32cubeide_1.5.0/stm32cubeide/plugins/com.st.stm32cube.ide.mcu.externaltools.gnu-tools-for-stm32.9-2020-q2-update.win32_1.5.0.202011040924/tools/bin/../lib/gcc/arm-none-eabi/9.3.1/../../../../arm-none-eabi/lib/thumb/v7e-m+fp/hard\libc_nano.a(lib_a-findfp.o)
                0x000000000800ebd0                __sf_fake_stderr
 .rodata.__sf_fake_stdin
                0x000000000800ebf0       0x20 c:/st/stm32cubeide_1.5.0/stm32cubeide/plugins/com.st.stm32cube.ide.mcu.externaltools.gnu-tools-for-stm32.9-2020-q2-update.win32_1.5.0.202011040924/tools/bin/../lib/gcc/arm-none-eabi/9.3.1/../../../../arm-none-eabi/lib/thumb/v7e-m+fp/hard\libc_nano.a(lib_a-findfp.o)
                0x000000000800ebf0                __sf_fake_stdin
 .rodata.__sf_fake_stdout
                0x000000000800ec10       0x20 c:/st/stm32cubeide_1.5.0/stm32cubeide/plugins/com.st.stm32cube.ide.mcu.externaltools.gnu-tools-for-stm32.9-2020-q2-update.win32_1.5.0.202011040924/tools/bin/../lib/gcc/arm-none-eabi/9.3.1/../../../../arm-none-eabi/lib/thumb/v7e-m+fp/hard\libc_nano.a(lib_a-findfp.o)
                0x000000000800ec10                __sf_fake_stdout
 .rodata._Balloc.str1.1
                0x000000000800ec30       0x60 c:/st/stm32cubeide_1.5.0/stm32cubeide/plugins/com.st.stm32cube.ide.mcu.externaltools.gnu-tools-for-stm32.9-2020-q2-update.win32_1.5.0.202011040924/tools/bin/../lib/gcc/arm-none-eabi/9.3.1/../../../../arm-none-eabi/lib/thumb/v7e-m+fp/hard\libc_nano.a(lib_a-mprec.o)
                                         0x77 (size before relaxing)
 .rodata.__multadd.str1.1
                0x000000000800ec90       0x11 c:/st/stm32cubeide_1.5.0/stm32cubeide/plugins/com.st.stm32cube.ide.mcu.externaltools.gnu-tools-for-stm32.9-2020-q2-update.win32_1.5.0.202011040924/tools/bin/../lib/gcc/arm-none-eabi/9.3.1/../../../../arm-none-eabi/lib/thumb/v7e-m+fp/hard\libc_nano.a(lib_a-mprec.o)
 .rodata.__mprec_bigtens
                0x000000000800ec90       0x28 c:/st/stm32cubeide_1.5.0/stm32cubeide/plugins/com.st.stm32cube.ide.mcu.externaltools.gnu-tools-for-stm32.9-2020-q2-update.win32_1.5.0.202011040924/tools/bin/../lib/gcc/arm-none-eabi/9.3.1/../../../../arm-none-eabi/lib/thumb/v7e-m+fp/hard\libc_nano.a(lib_a-mprec.o)
                0x000000000800ec90                __mprec_bigtens
 .rodata.__mprec_tens
                0x000000000800ecb8       0xc8 c:/st/stm32cubeide_1.5.0/stm32cubeide/plugins/com.st.stm32cube.ide.mcu.externaltools.gnu-tools-for-stm32.9-2020-q2-update.win32_1.5.0.202011040924/tools/bin/../lib/gcc/arm-none-eabi/9.3.1/../../../../arm-none-eabi/lib/thumb/v7e-m+fp/hard\libc_nano.a(lib_a-mprec.o)
                0x000000000800ecb8                __mprec_tens
 .rodata.p05.7513
                0x000000000800ed80        0xc c:/st/stm32cubeide_1.5.0/stm32cubeide/plugins/com.st.stm32cube.ide.mcu.externaltools.gnu-tools-for-stm32.9-2020-q2-update.win32_1.5.0.202011040924/tools/bin/../lib/gcc/arm-none-eabi/9.3.1/../../../../arm-none-eabi/lib/thumb/v7e-m+fp/hard\libc_nano.a(lib_a-mprec.o)
 .rodata._svfprintf_r.str1.1
                0x000000000800ed8c       0x11 c:/st/stm32cubeide_1.5.0/stm32cubeide/plugins/com.st.stm32cube.ide.mcu.externaltools.gnu-tools-for-stm32.9-2020-q2-update.win32_1.5.0.202011040924/tools/bin/../lib/gcc/arm-none-eabi/9.3.1/../../../../arm-none-eabi/lib/thumb/v7e-m+fp/hard\libc_nano.a(lib_a-nano-svfprintf.o)
 .rodata._vfprintf_r.str1.1
                0x000000000800ed9d       0x11 c:/st/stm32cubeide_1.5.0/stm32cubeide/plugins/com.st.stm32cube.ide.mcu.externaltools.gnu-tools-for-stm32.9-2020-q2-update.win32_1.5.0.202011040924/tools/bin/../lib/gcc/arm-none-eabi/9.3.1/../../../../arm-none-eabi/lib/thumb/v7e-m+fp/hard\libc_nano.a(lib_a-nano-vfprintf.o)
 .rodata.__assert_func.str1.1
                0x000000000800ed9d       0x3c c:/st/stm32cubeide_1.5.0/stm32cubeide/plugins/com.st.stm32cube.ide.mcu.externaltools.gnu-tools-for-stm32.9-2020-q2-update.win32_1.5.0.202011040924/tools/bin/../lib/gcc/arm-none-eabi/9.3.1/../../../../arm-none-eabi/lib/thumb/v7e-m+fp/hard\libc_nano.a(lib_a-assert.o)
                                         0x3d (size before relaxing)
 .rodata._setlocale_r.str1.1
                0x000000000800edd9        0x8 c:/st/stm32cubeide_1.5.0/stm32cubeide/plugins/com.st.stm32cube.ide.mcu.externaltools.gnu-tools-for-stm32.9-2020-q2-update.win32_1.5.0.202011040924/tools/bin/../lib/gcc/arm-none-eabi/9.3.1/../../../../arm-none-eabi/lib/thumb/v7e-m+fp/hard\libc_nano.a(lib_a-locale.o)
                                          0x9 (size before relaxing)
 .rodata.str1.1
                0x000000000800ede1        0x2 c:/st/stm32cubeide_1.5.0/stm32cubeide/plugins/com.st.stm32cube.ide.mcu.externaltools.gnu-tools-for-stm32.9-2020-q2-update.win32_1.5.0.202011040924/tools/bin/../lib/gcc/arm-none-eabi/9.3.1/../../../../arm-none-eabi/lib/thumb/v7e-m+fp/hard\libc_nano.a(lib_a-locale.o)
 .rodata._ctype_
                0x000000000800ede3      0x101 c:/st/stm32cubeide_1.5.0/stm32cubeide/plugins/com.st.stm32cube.ide.mcu.externaltools.gnu-tools-for-stm32.9-2020-q2-update.win32_1.5.0.202011040924/tools/bin/../lib/gcc/arm-none-eabi/9.3.1/../../../../arm-none-eabi/lib/thumb/v7e-m+fp/hard\libc_nano.a(lib_a-ctype_.o)
                0x000000000800ede3                _ctype_
                0x000000000800eee4                . = ALIGN (0x4)

.ARM.extab      0x000000000800eee4        0x0
                0x000000000800eee4                . = ALIGN (0x4)
 *(.ARM.extab* .gnu.linkonce.armextab.*)
                0x000000000800eee4                . = ALIGN (0x4)

.ARM            0x000000000800eee4        0x8
                0x000000000800eee4                . = ALIGN (0x4)
                0x000000000800eee4                __exidx_start = .
 *(.ARM.exidx*)
 .ARM.exidx     0x000000000800eee4        0x8 c:/st/stm32cubeide_1.5.0/stm32cubeide/plugins/com.st.stm32cube.ide.mcu.externaltools.gnu-tools-for-stm32.9-2020-q2-update.win32_1.5.0.202011040924/tools/bin/../lib/gcc/arm-none-eabi/9.3.1/thumb/v7e-m+fp/hard\libgcc.a(_udivmoddi4.o)
                0x000000000800eeec                __exidx_end = .
                0x000000000800eeec                . = ALIGN (0x4)

.rel.dyn        0x000000000800eeec        0x0
 .rel.iplt      0x000000000800eeec        0x0 c:/st/stm32cubeide_1.5.0/stm32cubeide/plugins/com.st.stm32cube.ide.mcu.externaltools.gnu-tools-for-stm32.9-2020-q2-update.win32_1.5.0.202011040924/tools/bin/../lib/gcc/arm-none-eabi/9.3.1/thumb/v7e-m+fp/hard/crtbegin.o

.preinit_array  0x000000000800eeec        0x0
                0x000000000800eeec                . = ALIGN (0x4)
                0x000000000800eeec                PROVIDE (__preinit_array_start = .)
 *(.preinit_array*)
                0x000000000800eeec                PROVIDE (__preinit_array_end = .)
                0x000000000800eeec                . = ALIGN (0x4)

.init_array     0x000000000800eeec        0x4
                0x000000000800eeec                . = ALIGN (0x4)
                0x000000000800eeec                PROVIDE (__init_array_start = .)
 *(SORT_BY_NAME(.init_array.*))
 *(.init_array*)
 .init_array    0x000000000800eeec        0x4 c:/st/stm32cubeide_1.5.0/stm32cubeide/plugins/com.st.stm32cube.ide.mcu.externaltools.gnu-tools-for-stm32.9-2020-q2-update.win32_1.5.0.202011040924/tools/bin/../lib/gcc/arm-none-eabi/9.3.1/thumb/v7e-m+fp/hard/crtbegin.o
                0x000000000800eef0                PROVIDE (__init_array_end = .)
                0x000000000800eef0                . = ALIGN (0x4)

.fini_array     0x000000000800eef0        0x4
                0x000000000800eef0                . = ALIGN (0x4)