Archive member included to satisfy reference by file (symbol)

c:/st/stm32cubeide_1.5.0/stm32cubeide/plugins/com.st.stm32cube.ide.mcu.externaltools.gnu-tools-for-stm32.9-2020-q2-update.win32_1.5.0.202011040924/tools/bin/../lib/gcc/arm-none-eabi/9.3.1/../../../../arm-none-eabi/lib/thumb/v7e-m+fp/hard\libc_nano.a(lib_a-errno.o)
                              Core/Src/syscalls.o (__errno)
c:/st/stm32cubeide_1.5.0/stm32cubeide/plugins/com.st.stm32cube.ide.mcu.externaltools.gnu-tools-for-stm32.9-2020-q2-update.win32_1.5.0.202011040924/tools/bin/../lib/gcc/arm-none-eabi/9.3.1/../../../../arm-none-eabi/lib/thumb/v7e-m+fp/hard\libc_nano.a(lib_a-exit.o)
                              c:/st/stm32cubeide_1.5.0/stm32cubeide/plugins/com.st.stm32cube.ide.mcu.externaltools.gnu-tools-for-stm32.9-2020-q2-update.win32_1.5.0.202011040924/tools/bin/../lib/gcc/arm-none-eabi/9.3.1/../../../../arm-none-eabi/lib/thumb/v7e-m+fp/hard/crt0.o (exit)
c:/st/stm32cubeide_1.5.0/stm32cubeide/plugins/com.st.stm32cube.ide.mcu.externaltools.gnu-tools-for-stm32.9-2020-q2-update.win32_1.5.0.202011040924/tools/bin/../lib/gcc/arm-none-eabi/9.3.1/../../../../arm-none-eabi/lib/thumb/v7e-m+fp/hard\libc_nano.a(lib_a-impure.o)
                              c:/st/stm32cubeide_1.5.0/stm32cubeide/plugins/com.st.stm32cube.ide.mcu.externaltools.gnu-tools-for-stm32.9-2020-q2-update.win32_1.5.0.202011040924/tools/bin/../lib/gcc/arm-none-eabi/9.3.1/../../../../arm-none-eabi/lib/thumb/v7e-m+fp/hard\libc_nano.a(lib_a-exit.o) (_global_impure_ptr)
c:/st/stm32cubeide_1.5.0/stm32cubeide/plugins/com.st.stm32cube.ide.mcu.externaltools.gnu-tools-for-stm32.9-2020-q2-update.win32_1.5.0.202011040924/tools/bin/../lib/gcc/arm-none-eabi/9.3.1/../../../../arm-none-eabi/lib/thumb/v7e-m+fp/hard\libc_nano.a(lib_a-init.o)
                              c:/st/stm32cubeide_1.5.0/stm32cubeide/plugins/com.st.stm32cube.ide.mcu.externaltools.gnu-tools-for-stm32.9-2020-q2-update.win32_1.5.0.202011040924/tools/bin/../lib/gcc/arm-none-eabi/9.3.1/../../../../arm-none-eabi/lib/thumb/v7e-m+fp/hard/crt0.o (__libc_init_array)
c:/st/stm32cubeide_1.5.0/stm32cubeide/plugins/com.st.stm32cube.ide.mcu.externaltools.gnu-tools-for-stm32.9-2020-q2-update.win32_1.5.0.202011040924/tools/bin/../lib/gcc/arm-none-eabi/9.3.1/../../../../arm-none-eabi/lib/thumb/v7e-m+fp/hard\libc_nano.a(lib_a-memset.o)
                              c:/st/stm32cubeide_1.5.0/stm32cubeide/plugins/com.st.stm32cube.ide.mcu.externaltools.gnu-tools-for-stm32.9-2020-q2-update.win32_1.5.0.202011040924/tools/bin/../lib/gcc/arm-none-eabi/9.3.1/../../../../arm-none-eabi/lib/thumb/v7e-m+fp/hard/crt0.o (memset)
c:/st/stm32cubeide_1.5.0/stm32cubeide/plugins/com.st.stm32cube.ide.mcu.externaltools.gnu-tools-for-stm32.9-2020-q2-update.win32_1.5.0.202011040924/tools/bin/../lib/gcc/arm-none-eabi/9.3.1/../../../../arm-none-eabi/lib/thumb/v7e-m+fp/hard\libc_nano.a(lib_a-sprintf.o)
                              Core/Src/main.o (sprintf)
c:/st/stm32cubeide_1.5.0/stm32cubeide/plugins/com.st.stm32cube.ide.mcu.externaltools.gnu-tools-for-stm32.9-2020-q2-update.win32_1.5.0.202011040924/tools/bin/../lib/gcc/arm-none-eabi/9.3.1/../../../../arm-none-eabi/lib/thumb/v7e-m+fp/hard\libc_nano.a(lib_a-nano-svfprintf.o)
                              c:/st/stm32cubeide_1.5.0/stm32cubeide/plugins/com.st.stm32cube.ide.mcu.externaltools.gnu-tools-for-stm32.9-2020-q2-update.win32_1.5.0.202011040924/tools/bin/../lib/gcc/arm-none-eabi/9.3.1/../../../../arm-none-eabi/lib/thumb/v7e-m+fp/hard\libc_nano.a(lib_a-sprintf.o) (_svfprintf_r)
c:/st/stm32cubeide_1.5.0/stm32cubeide/plugins/com.st.stm32cube.ide.mcu.externaltools.gnu-tools-for-stm32.9-2020-q2-update.win32_1.5.0.202011040924/tools/bin/../lib/gcc/arm-none-eabi/9.3.1/../../../../arm-none-eabi/lib/thumb/v7e-m+fp/hard\libc_nano.a(lib_a-nano-vfprintf_i.o)
                              c:/st/stm32cubeide_1.5.0/stm32cubeide/plugins/com.st.stm32cube.ide.mcu.externaltools.gnu-tools-for-stm32.9-2020-q2-update.win32_1.5.0.202011040924/tools/bin/../lib/gcc/arm-none-eabi/9.3.1/../../../../arm-none-eabi/lib/thumb/v7e-m+fp/hard\libc_nano.a(lib_a-nano-svfprintf.o) (_printf_i)
c:/st/stm32cubeide_1.5.0/stm32cubeide/plugins/com.st.stm32cube.ide.mcu.externaltools.gnu-tools-for-stm32.9-2020-q2-update.win32_1.5.0.202011040924/tools/bin/../lib/gcc/arm-none-eabi/9.3.1/../../../../arm-none-eabi/lib/thumb/v7e-m+fp/hard\libc_nano.a(lib_a-memchr.o)
                              c:/st/stm32cubeide_1.5.0/stm32cubeide/plugins/com.st.stm32cube.ide.mcu.externaltools.gnu-tools-for-stm32.9-2020-q2-update.win32_1.5.0.202011040924/tools/bin/../lib/gcc/arm-none-eabi/9.3.1/../../../../arm-none-eabi/lib/thumb/v7e-m+fp/hard\libc_nano.a(lib_a-nano-svfprintf.o) (memchr)
c:/st/stm32cubeide_1.5.0/stm32cubeide/plugins/com.st.stm32cube.ide.mcu.externaltools.gnu-tools-for-stm32.9-2020-q2-update.win32_1.5.0.202011040924/tools/bin/../lib/gcc/arm-none-eabi/9.3.1/../../../../arm-none-eabi/lib/thumb/v7e-m+fp/hard\libc_nano.a(lib_a-memcpy-stub.o)
[...]
Memory Configuration

Name             Origin             Length             Attributes
RAM              0x0000000020000000 0x0000000000018000 xrw
FLASH            0x0000000008000000 0x0000000000080000 xr
*default*        0x0000000000000000 0xffffffffffffffff

Linker script and memory map

LOAD c:/st/stm32cubeide_1.5.0/stm32cubeide/plugins/com.st.stm32cube.ide.mcu.externaltools.gnu-tools-for-stm32.9-2020-q2-update.win32_1.5.0.202011040924/tools/bin/../lib/gcc/arm-none-eabi/9.3.1/thumb/v7e-m+fp/hard/crti.o
LOAD c:/st/stm32cubeide_1.5.0/stm32cubeide/plugins/com.st.stm32cube.ide.mcu.externaltools.gnu-tools-for-stm32.9-2020-q2-update.win32_1.5.0.202011040924/tools/bin/../lib/gcc/arm-none-eabi/9.3.1/thumb/v7e-m+fp/hard/crtbegin.o
LOAD c:/st/stm32cubeide_1.5.0/stm32cubeide/plugins/com.st.stm32cube.ide.mcu.externaltools.gnu-tools-for-stm32.9-2020-q2-update.win32_1.5.0.202011040924/tools/bin/../lib/gcc/arm-none-eabi/9.3.1/../../../../arm-none-eabi/lib/thumb/v7e-m+fp/hard/crt0.o
LOAD Core/Src/I2C_LCD1602.o
LOAD Core/Src/Zeus_define.o
LOAD Core/Src/adc.o
LOAD Core/Src/dma.o
LOAD Core/Src/gpio.o
LOAD Core/Src/i2c.o
LOAD Core/Src/main.o
LOAD Core/Src/stm32f4xx_hal_msp.o
LOAD Core/Src/stm32f4xx_it.o
LOAD Core/Src/syscalls.o
LOAD Core/Src/sysmem.o
LOAD Core/Src/system_stm32f4xx.o
LOAD Core/Src/usart.o
LOAD Core/Src/u8g/chessengine.o
LOAD Core/Src/u8g/u8g_arm.o
LOAD Core/Src/u8g/u8g_bitmap.o
LOAD Core/Src/u8g/u8g_circle.o
LOAD Core/Src/u8g/u8g_clip.o
LOAD Core/Src/u8g/u8g_com_api.o
LOAD Core/Src/u8g/u8g_com_api_16gr.o
LOAD Core/Src/u8g/u8g_com_i2c.o
LOAD Core/Src/u8g/u8g_com_io.o
LOAD Core/Src/u8g/u8g_com_null.o
LOAD Core/Src/u8g/u8g_com_std_sw_spi.o
LOAD Core/Src/u8g/u8g_cursor.o
LOAD Core/Src/u8g/u8g_delay.o
LOAD Core/Src/u8g/u8g_dev_a2_micro_printer.o
LOAD Core/Src/u8g/u8g_dev_flipdisc_2x7.o
LOAD Core/Src/u8g/u8g_dev_gprof.o
LOAD Core/Src/u8g/u8g_dev_ht1632.o
LOAD Core/Src/u8g/u8g_dev_ssd1306_128x32.o
LOAD Core/Src/u8g/u8g_dev_ssd1306_128x64.o
LOAD Core/Src/u8g/u8g_dev_ssd1306_64x48.o
LOAD Core/Src/u8g/u8g_ellipse.o
LOAD Core/Src/u8g/u8g_font.o
LOAD Core/Src/u8g/u8g_font_data.o
LOAD Core/Src/u8g/u8g_line.o
LOAD Core/Src/u8g/u8g_ll_api.o
LOAD Core/Src/u8g/u8g_page.o
LOAD Core/Src/u8g/u8g_pb.o
LOAD Core/Src/u8g/u8g_pb14v1.o
LOAD Core/Src/u8g/u8g_pb16h1.o
LOAD Core/Src/u8g/u8g_pb16h2.o
LOAD Core/Src/u8g/u8g_pb16v1.o
LOAD Core/Src/u8g/u8g_pb16v2.o
LOAD Core/Src/u8g/u8g_pb32h1.o
LOAD Core/Src/u8g/u8g_pb8h1.o
LOAD Core/Src/u8g/u8g_pb8h1f.o
LOAD Core/Src/u8g/u8g_pb8h2.o
LOAD Core/Src/u8g/u8g_pb8h8.o
LOAD Core/Src/u8g/u8g_pb8v1.o
LOAD Core/Src/u8g/u8g_pb8v2.o
LOAD Core/Src/u8g/u8g_pbxh16.o
LOAD Core/Src/u8g/u8g_pbxh24.o
LOAD Core/Src/u8g/u8g_polygon.o
LOAD Core/Src/u8g/u8g_rect.o
LOAD Core/Src/u8g/u8g_rot.o
LOAD Core/Src/u8g/u8g_scale.o
LOAD Core/Src/u8g/u8g_state.o
LOAD Core/Src/u8g/u8g_u16toa.o
LOAD Core/Src/u8g/u8g_u8toa.o
LOAD Core/Src/u8g/u8g_virtual_screen.o
LOAD Core/Startup/startup_stm32f401retx.o
LOAD Drivers/STM32F4xx_HAL_Driver/Src/stm32f4xx_hal.o
LOAD Drivers/STM32F4xx_HAL_Driver/Src/stm32f4xx_hal_adc.o
LOAD Drivers/STM32F4xx_HAL_Driver/Src/stm32f4xx_hal_adc_ex.o
LOAD Drivers/STM32F4xx_HAL_Driver/Src/stm32f4xx_hal_cortex.o
LOAD Drivers/STM32F4xx_HAL_Driver/Src/stm32f4xx_hal_dma.o
LOAD Drivers/STM32F4xx_HAL_Driver/Src/stm32f4xx_hal_dma_ex.o
LOAD Drivers/STM32F4xx_HAL_Driver/Src/stm32f4xx_hal_exti.o
LOAD Drivers/STM32F4xx_HAL_Driver/Src/stm32f4xx_hal_flash.o
LOAD Drivers/STM32F4xx_HAL_Driver/Src/stm32f4xx_hal_flash_ex.o
LOAD Drivers/STM32F4xx_HAL_Driver/Src/stm32f4xx_hal_flash_ramfunc.o
LOAD Drivers/STM32F4xx_HAL_Driver/Src/stm32f4xx_hal_gpio.o
LOAD Drivers/STM32F4xx_HAL_Driver/Src/stm32f4xx_hal_i2c.o
LOAD Drivers/STM32F4xx_HAL_Driver/Src/stm32f4xx_hal_i2c_ex.o
LOAD Drivers/STM32F4xx_HAL_Driver/Src/stm32f4xx_hal_pwr.o
LOAD Drivers/STM32F4xx_HAL_Driver/Src/stm32f4xx_hal_pwr_ex.o
LOAD Drivers/STM32F4xx_HAL_Driver/Src/stm32f4xx_hal_rcc.o
LOAD Drivers/STM32F4xx_HAL_Driver/Src/stm32f4xx_hal_rcc_ex.o
LOAD Drivers/STM32F4xx_HAL_Driver/Src/stm32f4xx_hal_tim.o
LOAD Drivers/STM32F4xx_HAL_Driver/Src/stm32f4xx_hal_tim_ex.o
LOAD Drivers/STM32F4xx_HAL_Driver/Src/stm32f4xx_hal_uart.o
LOAD Drivers/STM32F4xx_HAL_Driver/Src/stm32f4xx_ll_adc.o
START GROUP
LOAD c:/st/stm32cubeide_1.5.0/stm32cubeide/plugins/com.st.stm32cube.ide.mcu.externaltools.gnu-tools-for-stm32.9-2020-q2-update.win32_1.5.0.202011040924/tools/bin/../lib/gcc/arm-none-eabi/9.3.1/../../../../arm-none-eabi/lib/thumb/v7e-m+fp/hard\libc_nano.a
LOAD c:/st/stm32cubeide_1.5.0/stm32cubeide/plugins/com.st.stm32cube.ide.mcu.externaltools.gnu-tools-for-stm32.9-2020-q2-update.win32_1.5.0.202011040924/tools/bin/../lib/gcc/arm-none-eabi/9.3.1/../../../../arm-none-eabi/lib/thumb/v7e-m+fp/hard\libm.a
END GROUP
START GROUP
LOAD c:/st/stm32cubeide_1.5.0/stm32cubeide/plugins/com.st.stm32cube.ide.mcu.externaltools.gnu-tools-for-stm32.9-2020-q2-update.win32_1.5.0.202011040924/tools/bin/../lib/gcc/arm-none-eabi/9.3.1/thumb/v7e-m+fp/hard\libgcc.a
LOAD c:/st/stm32cubeide_1.5.0/stm32cubeide/plugins/com.st.stm32cube.ide.mcu.externaltools.gnu-tools-for-stm32.9-2020-q2-update.win32_1.5.0.202011040924/tools/bin/../lib/gcc/arm-none-eabi/9.3.1/../../../../arm-none-eabi/lib/thumb/v7e-m+fp/hard\libc_nano.a
END GROUP
START GROUP
LOAD c:/st/stm32cubeide_1.5.0/stm32cubeide/plugins/com.st.stm32cube.ide.mcu.externaltools.gnu-tools-for-stm32.9-2020-q2-update.win32_1.5.0.202011040924/tools/bin/../lib/gcc/arm-none-eabi/9.3.1/thumb/v7e-m+fp/hard\libgcc.a
LOAD c:/st/stm32cubeide_1.5.0/stm32cubeide/plugins/com.st.stm32cube.ide.mcu.externaltools.gnu-tools-for-stm32.9-2020-q2-update.win32_1.5.0.202011040924/tools/bin/../lib/gcc/arm-none-eabi/9.3.1/../../../../arm-none-eabi/lib/thumb/v7e-m+fp/hard\libc_nano.a
LOAD c:/st/stm32cubeide_1.5.0/stm32cubeide/plugins/com.st.stm32cube.ide.mcu.externaltools.gnu-tools-for-stm32.9-2020-q2-update.win32_1.5.0.202011040924/tools/bin/../lib/gcc/arm-none-eabi/9.3.1/../../../../arm-none-eabi/lib/thumb/v7e-m+fp/hard\libnosys.a
END GROUP
START GROUP
LOAD c:/st/stm32cubeide_1.5.0/stm32cubeide/plugins/com.st.stm32cube.ide.mcu.externaltools.gnu-tools-for-stm32.9-2020-q2-update.win32_1.5.0.202011040924/tools/bin/../lib/gcc/arm-none-eabi/9.3.1/thumb/v7e-m+fp/hard\libgcc.a
LOAD c:/st/stm32cubeide_1.5.0/stm32cubeide/plugins/com.st.stm32cube.ide.mcu.externaltools.gnu-tools-for-stm32.9-2020-q2-update.win32_1.5.0.202011040924/tools/bin/../lib/gcc/arm-none-eabi/9.3.1/../../../../arm-none-eabi/lib/thumb/v7e-m+fp/hard\libc_nano.a
LOAD c:/st/stm32cubeide_1.5.0/stm32cubeide/plugins/com.st.stm32cube.ide.mcu.externaltools.gnu-tools-for-stm32.9-2020-q2-update.win32_1.5.0.202011040924/tools/bin/../lib/gcc/arm-none-eabi/9.3.1/../../../../arm-none-eabi/lib/thumb/v7e-m+fp/hard\libnosys.a
END GROUP
LOAD c:/st/stm32cubeide_1.5.0/stm32cubeide/plugins/com.st.stm32cube.ide.mcu.externaltools.gnu-tools-for-stm32.9-2020-q2-update.win32_1.5.0.202011040924/tools/bin/../lib/gcc/arm-none-eabi/9.3.1/thumb/v7e-m+fp/hard/crtend.o
LOAD c:/st/stm32cubeide_1.5.0/stm32cubeide/plugins/com.st.stm32cube.ide.mcu.externaltools.gnu-tools-for-stm32.9-2020-q2-update.win32_1.5.0.202011040924/tools/bin/../lib/gcc/arm-none-eabi/9.3.1/thumb/v7e-m+fp/hard/crtn.o
                0x0000000020018000                _estack = (ORIGIN (RAM) + LENGTH (RAM))
                0x0000000000000200                _Min_Heap_Size = 0x200
                0x0000000000000400                _Min_Stack_Size = 0x400

.isr_vector     0x0000000008000000      0x194
                0x0000000008000000                . = ALIGN (0x4)
 *(.isr_vector)
 .isr_vector    0x0000000008000000      0x194 Core/Startup/startup_stm32f401retx.o
                0x0000000008000000                g_pfnVectors
                0x0000000008000194                . = ALIGN (0x4)

.text           0x00000000080001a0     0x6600
                0x00000000080001a0                . = ALIGN (0x4)
 *(.text)
 .text          0x00000000080001a0       0x40 c:/st/stm32cubeide_1.5.0/stm32cubeide/plugins/com.st.stm32cube.ide.mcu.externaltools.gnu-tools-for-stm32.9-2020-q2-update.win32_1.5.0.202011040924/tools/bin/../lib/gcc/arm-none-eabi/9.3.1/thumb/v7e-m+fp/hard/crtbegin.o
 .text          0x00000000080001e0       0xa0 c:/st/stm32cubeide_1.5.0/stm32cubeide/plugins/com.st.stm32cube.ide.mcu.externaltools.gnu-tools-for-stm32.9-2020-q2-update.win32_1.5.0.202011040924/tools/bin/../lib/gcc/arm-none-eabi/9.3.1/../../../../arm-none-eabi/lib/thumb/v7e-m+fp/hard\libc_nano.a(lib_a-memchr.o)
                0x00000000080001e0                memchr
 .text          0x0000000008000280      0x378 c:/st/stm32cubeide_1.5.0/stm32cubeide/plugins/com.st.stm32cube.ide.mcu.externaltools.gnu-tools-for-stm32.9-2020-q2-update.win32_1.5.0.202011040924/tools/bin/../lib/gcc/arm-none-eabi/9.3.1/thumb/v7e-m+fp/hard\libgcc.a(_arm_addsubdf3.o)
                0x0000000008000280                __aeabi_drsub
                0x0000000008000288                __aeabi_dsub
                0x0000000008000288                __subdf3
                0x000000000800028c                __aeabi_dadd
                0x000000000800028c                __adddf3
                0x0000000008000504                __floatunsidf
                0x0000000008000504                __aeabi_ui2d
                0x0000000008000524                __floatsidf
                0x0000000008000524                __aeabi_i2d
                0x0000000008000548                __aeabi_f2d
                0x0000000008000548                __extendsfdf2
                0x000000000800058c                __floatundidf
                0x000000000800058c                __aeabi_ul2d
                0x000000000800059c                __floatdidf
                0x000000000800059c                __aeabi_l2d
 .text          0x00000000080005f8      0x424 c:/st/stm32cubeide_1.5.0/stm32cubeide/plugins/com.st.stm32cube.ide.mcu.externaltools.gnu-tools-for-stm32.9-2020-q2-update.win32_1.5.0.202011040924/tools/bin/../lib/gcc/arm-none-eabi/9.3.1/thumb/v7e-m+fp/hard\libgcc.a(_arm_muldivdf3.o)
                0x00000000080005f8                __aeabi_dmul
                0x00000000080005f8                __muldf3
                0x000000000800084c                __divdf3
                0x000000000800084c                __aeabi_ddiv
 .text          0x0000000008000a1c       0x40 c:/st/stm32cubeide_1.5.0/stm32cubeide/plugins/com.st.stm32cube.ide.mcu.externaltools.gnu-tools-for-stm32.9-2020-q2-update.win32_1.5.0.202011040924/tools/bin/../lib/gcc/arm-none-eabi/9.3.1/thumb/v7e-m+fp/hard\libgcc.a(_arm_fixunsdfsi.o)
                0x0000000008000a1c                __aeabi_d2uiz
                0x0000000008000a1c                __fixunsdfsi
 .text          0x0000000008000a5c       0x30 c:/st/stm32cubeide_1.5.0/stm32cubeide/plugins/com.st.stm32cube.ide.mcu.externaltools.gnu-tools-for-stm32.9-2020-q2-update.win32_1.5.0.202011040924/tools/bin/../lib/gcc/arm-none-eabi/9.3.1/thumb/v7e-m+fp/hard\libgcc.a(_aeabi_uldivmod.o)
                0x0000000008000a5c                __aeabi_uldivmod
 .text          0x0000000008000a8c      0x2c4 c:/st/stm32cubeide_1.5.0/stm32cubeide/plugins/com.st.stm32cube.ide.mcu.externaltools.gnu-tools-for-stm32.9-2020-q2-update.win32_1.5.0.202011040924/tools/bin/../lib/gcc/arm-none-eabi/9.3.1/thumb/v7e-m+fp/hard\libgcc.a(_udivmoddi4.o)
                0x0000000008000a8c                __udivmoddi4
 .text          0x0000000008000d50        0x4 c:/st/stm32cubeide_1.5.0/stm32cubeide/plugins/com.st.stm32cube.ide.mcu.externaltools.gnu-tools-for-stm32.9-2020-q2-update.win32_1.5.0.202011040924/tools/bin/../lib/gcc/arm-none-eabi/9.3.1/thumb/v7e-m+fp/hard\libgcc.a(_dvmd_tls.o)
                0x0000000008000d50                __aeabi_idiv0
                0x0000000008000d50                __aeabi_ldiv0
 *(.text*)
 .text.I2C_LCD1602_Send_Command
                0x0000000008000d54       0x60 Core/Src/I2C_LCD1602.o
                0x0000000008000d54                I2C_LCD1602_Send_Command
 .text.I2C_LCD1602_Send_Data
                0x0000000008000db4       0x60 Core/Src/I2C_LCD1602.o
                0x0000000008000db4                I2C_LCD1602_Send_Data
 .text.I2C_LCD1602_Init
                0x0000000008000e14       0x6e Core/Src/I2C_LCD1602.o
                0x0000000008000e14                I2C_LCD1602_Init
 .text.I2C_LCD1602_Send_string
                0x0000000008000e82       0x2a Core/Src/I2C_LCD1602.o
                0x0000000008000e82                I2C_LCD1602_Send_string
 .text.I2C_LCD1602_GotoXY
                0x0000000008000eac       0x3c Core/Src/I2C_LCD1602.o
                0x0000000008000eac                I2C_LCD1602_GotoXY
 .text.I2C_LCD1602_Send_String_XY
                0x0000000008000ee8       0x2a Core/Src/I2C_LCD1602.o
                0x0000000008000ee8                I2C_LCD1602_Send_String_XY
 .text.I2C_LCD1602_Clear
                0x0000000008000f12       0x20 Core/Src/I2C_LCD1602.o
                0x0000000008000f12                I2C_LCD1602_Clear
 *fill*         0x0000000008000f32        0x2 
 .text.Buzzer_OnOff
                0x0000000008000f34       0x4c Core/Src/Zeus_define.o
                0x0000000008000f34                Buzzer_OnOff
 .text.Key_input
                0x0000000008000f80       0x60 Core/Src/Zeus_define.o
                0x0000000008000f80                Key_input
 .text.Average_ADC
                0x0000000008000fe0       0xfe Core/Src/Zeus_define.o
                0x0000000008000fe0                Average_ADC
 *fill*         0x00000000080010de        0x2 
 .text.MX_ADC1_Init
                0x00000000080010e0       0xa4 Core/Src/adc.o
                0x00000000080010e0                MX_ADC1_Init
 .text.HAL_ADC_MspInit
                0x0000000008001184       0xf0 Core/Src/adc.o
                0x0000000008001184                HAL_ADC_MspInit
 .text.MX_DMA_Init
                0x0000000008001274       0x40 Core/Src/dma.o
                0x0000000008001274                MX_DMA_Init
 .text.MX_GPIO_Init
                0x00000000080012b4      0x120 Core/Src/gpio.o
                0x00000000080012b4                MX_GPIO_Init
 .text.MX_I2C1_Init
                0x00000000080013d4       0x5c Core/Src/i2c.o
                0x00000000080013d4                MX_I2C1_Init
 .text.HAL_I2C_MspInit
                0x0000000008001430       0x90 Core/Src/i2c.o
                0x0000000008001430                HAL_I2C_MspInit
 .text.Time_count
                0x00000000080014c0       0x68 Core/Src/main.o
                0x00000000080014c0                Time_count
 .text.main     0x0000000008001528      0x150 Core/Src/main.o
                0x0000000008001528                main
 .text.SystemClock_Config
                0x0000000008001678       0xd4 Core/Src/main.o
                0x0000000008001678                SystemClock_Config
 .text.u8g_battery_status
                0x000000000800174c      0x25c Core/Src/main.o
                0x000000000800174c                u8g_battery_status
 .text.u8g_xyputs
                0x00000000080019a8       0xe8 Core/Src/main.o
                0x00000000080019a8                u8g_xyputs
 .text.Error_Handler
                0x0000000008001a90        0xe Core/Src/main.o
                0x0000000008001a90                Error_Handler
 *fill*         0x0000000008001a9e        0x2 
 .text.HAL_MspInit
                0x0000000008001aa0       0x50 Core/Src/stm32f4xx_hal_msp.o
                0x0000000008001aa0                HAL_MspInit
 .text.NMI_Handler
                0x0000000008001af0        0xe Core/Src/stm32f4xx_it.o
                0x0000000008001af0                NMI_Handler
 .text.HardFault_Handler
                0x0000000008001afe        0x6 Core/Src/stm32f4xx_it.o
                0x0000000008001afe                HardFault_Handler
 .text.MemManage_Handler
                0x0000000008001b04        0x6 Core/Src/stm32f4xx_it.o
                0x0000000008001b04                MemManage_Handler
 .text.BusFault_Handler
                0x0000000008001b0a        0x6 Core/Src/stm32f4xx_it.o
                0x0000000008001b0a                BusFault_Handler
 .text.UsageFault_Handler
                0x0000000008001b10        0x6 Core/Src/stm32f4xx_it.o
                0x0000000008001b10                UsageFault_Handler
 .text.SVC_Handler
                0x0000000008001b16        0xe Core/Src/stm32f4xx_it.o
                0x0000000008001b16                SVC_Handler
 .text.DebugMon_Handler
                0x0000000008001b24        0xe Core/Src/stm32f4xx_it.o
                0x0000000008001b24                DebugMon_Handler
 .text.PendSV_Handler
                0x0000000008001b32        0xe Core/Src/stm32f4xx_it.o
                0x0000000008001b32                PendSV_Handler
 .text.SysTick_Handler
                0x0000000008001b40        0xc Core/Src/stm32f4xx_it.o
                0x0000000008001b40                SysTick_Handler
 .text.DMA2_Stream0_IRQHandler
                0x0000000008001b4c       0x14 Core/Src/stm32f4xx_it.o
                0x0000000008001b4c                DMA2_Stream0_IRQHandler
 .text._sbrk    0x0000000008001b60       0x6c Core/Src/sysmem.o
                0x0000000008001b60                _sbrk
 .text.SystemInit
                0x0000000008001bcc       0x2c Core/Src/system_stm32f4xx.o
                0x0000000008001bcc                SystemInit
 .text.MX_USART2_UART_Init
                0x0000000008001bf8       0x54 Core/Src/usart.o
                0x0000000008001bf8                MX_USART2_UART_Init
 .text.HAL_UART_MspInit
                0x0000000008001c4c       0x90 Core/Src/usart.o
                0x0000000008001c4c                HAL_UART_MspInit
 .text.u8g_com_hw_i2c_fn
                0x0000000008001cdc      0x11c Core/Src/u8g/u8g_arm.o
                0x0000000008001cdc                u8g_com_hw_i2c_fn
 .text.u8g_IsBBXIntersection
                0x0000000008001df8       0xf6 Core/Src/u8g/u8g_clip.o
                0x0000000008001df8                u8g_IsBBXIntersection
 .text.u8g_InitCom
                0x0000000008001eee       0x26 Core/Src/u8g/u8g_com_api.o
                0x0000000008001eee                u8g_InitCom
 .text.u8g_SetChipSelect
                0x0000000008001f14       0x24 Core/Src/u8g/u8g_com_api.o
                0x0000000008001f14                u8g_SetChipSelect
 .text.u8g_SetResetLow
                0x0000000008001f38       0x20 Core/Src/u8g/u8g_com_api.o
                0x0000000008001f38                u8g_SetResetLow
 .text.u8g_SetResetHigh
                0x0000000008001f58       0x20 Core/Src/u8g/u8g_com_api.o
                0x0000000008001f58                u8g_SetResetHigh
 .text.u8g_SetAddress
                0x0000000008001f78       0x24 Core/Src/u8g/u8g_com_api.o
                0x0000000008001f78                u8g_SetAddress
 .text.u8g_WriteByte
                0x0000000008001f9c       0x26 Core/Src/u8g/u8g_com_api.o
                0x0000000008001f9c                u8g_WriteByte
 .text.u8g_WriteSequence
                0x0000000008001fc2       0x28 Core/Src/u8g/u8g_com_api.o
                0x0000000008001fc2                u8g_WriteSequence
 .text.u8g_WriteEscSeqP
                0x0000000008001fea      0x104 Core/Src/u8g/u8g_com_api.o
                0x0000000008001fea                u8g_WriteEscSeqP
 *fill*         0x00000000080020ee        0x2 
 .text.u8g_com_null_fn
                0x00000000080020f0       0x4c Core/Src/u8g/u8g_com_null.o
                0x00000000080020f0                u8g_com_null_fn
 .text.u8g_dev_ssd1306_128x64_fn
                0x000000000800213c       0xf8 Core/Src/u8g/u8g_dev_ssd1306_128x64.o
                0x000000000800213c                u8g_dev_ssd1306_128x64_fn
 .text.u8g_font_get_byte
                0x0000000008002234       0x24 Core/Src/u8g/u8g_font.o
 .text.u8g_font_get_word
                0x0000000008002258       0x40 Core/Src/u8g/u8g_font.o
 .text.u8g_font_GetFormat
                0x0000000008002298       0x1a Core/Src/u8g/u8g_font.o
 .text.u8g_font_GetFontGlyphStructureSize
                0x00000000080022b2       0x38 Core/Src/u8g/u8g_font.o
 .text.u8g_font_GetCapitalAHeight
                0x00000000080022ea       0x1a Core/Src/u8g/u8g_font.o
                0x00000000080022ea                u8g_font_GetCapitalAHeight
 .text.u8g_font_GetEncoding65Pos
                0x0000000008002304       0x1a Core/Src/u8g/u8g_font.o
                0x0000000008002304                u8g_font_GetEncoding65Pos
 .text.u8g_font_GetEncoding97Pos
                0x000000000800231e       0x1a Core/Src/u8g/u8g_font.o
                0x000000000800231e                u8g_font_GetEncoding97Pos
 .text.u8g_font_GetFontStartEncoding
                0x0000000008002338       0x1a Core/Src/u8g/u8g_font.o
                0x0000000008002338                u8g_font_GetFontStartEncoding
 .text.u8g_font_GetFontEndEncoding
                0x0000000008002352       0x1a Core/Src/u8g/u8g_font.o
                0x0000000008002352                u8g_font_GetFontEndEncoding
 .text.u8g_font_GetLowerGDescent
                0x000000000800236c       0x1c Core/Src/u8g/u8g_font.o
                0x000000000800236c                u8g_font_GetLowerGDescent
 .text.u8g_font_GetFontAscent
                0x0000000008002388       0x1c Core/Src/u8g/u8g_font.o
                0x0000000008002388                u8g_font_GetFontAscent
 .text.u8g_font_GetFontDescent
                0x00000000080023a4       0x1c Core/Src/u8g/u8g_font.o
                0x00000000080023a4                u8g_font_GetFontDescent
 .text.u8g_font_GetFontXAscent
                0x00000000080023c0       0x1c Core/Src/u8g/u8g_font.o
                0x00000000080023c0                u8g_font_GetFontXAscent
 .text.u8g_font_GetFontXDescent
                0x00000000080023dc       0x1c Core/Src/u8g/u8g_font.o
                0x00000000080023dc                u8g_font_GetFontXDescent
 .text.u8g_font_GetGlyphDataStart
                0x00000000080023f8       0x20 Core/Src/u8g/u8g_font.o
 .text.u8g_CopyGlyphDataToCache
                0x0000000008002418       0xc8 Core/Src/u8g/u8g_font.o
 .text.u8g_FillEmptyGlyphCache
                0x00000000080024e0       0x34 Core/Src/u8g/u8g_font.o
 .text.u8g_GetGlyph
                0x0000000008002514      0x12e Core/Src/u8g/u8g_font.o
                0x0000000008002514                u8g_GetGlyph
 .text.u8g_draw_glyph
                0x0000000008002642      0x114 Core/Src/u8g/u8g_font.o
                0x0000000008002642                u8g_draw_glyph
 .text.u8g_DrawStr
                0x0000000008002756       0x64 Core/Src/u8g/u8g_font.o
                0x0000000008002756                u8g_DrawStr
 .text.u8g_UpdateRefHeight
                0x00000000080027ba       0xf0 Core/Src/u8g/u8g_font.o
                0x00000000080027ba                u8g_UpdateRefHeight
 .text.u8g_font_calc_vref_font
                0x00000000080028aa       0x16 Core/Src/u8g/u8g_font.o
                0x00000000080028aa                u8g_font_calc_vref_font
 .text.u8g_SetFontPosBaseline
                0x00000000080028c0       0x20 Core/Src/u8g/u8g_font.o
                0x00000000080028c0                u8g_SetFontPosBaseline
 .text.u8g_SetFont
                0x00000000080028e0       0x2e Core/Src/u8g/u8g_font.o
                0x00000000080028e0                u8g_SetFont
 .text.u8g_call_dev_fn
                0x000000000800290e       0x28 Core/Src/u8g/u8g_ll_api.o
                0x000000000800290e                u8g_call_dev_fn
 .text.u8g_InitLL
                0x0000000008002936       0x3c Core/Src/u8g/u8g_ll_api.o
                0x0000000008002936                u8g_InitLL
 .text.u8g_FirstPageLL
                0x0000000008002972       0x44 Core/Src/u8g/u8g_ll_api.o
                0x0000000008002972                u8g_FirstPageLL
 .text.u8g_NextPageLL
                0x00000000080029b6       0x50 Core/Src/u8g/u8g_ll_api.o
                0x00000000080029b6                u8g_NextPageLL
 .text.u8g_Draw8PixelLL
                0x0000000008002a06       0x4c Core/Src/u8g/u8g_ll_api.o
                0x0000000008002a06                u8g_Draw8PixelLL
 .text.u8g_GetWidthLL
                0x0000000008002a52       0x22 Core/Src/u8g/u8g_ll_api.o
                0x0000000008002a52                u8g_GetWidthLL
 .text.u8g_GetHeightLL
                0x0000000008002a74       0x22 Core/Src/u8g/u8g_ll_api.o
                0x0000000008002a74                u8g_GetHeightLL
 .text.u8g_GetModeLL
                0x0000000008002a96       0x20 Core/Src/u8g/u8g_ll_api.o
                0x0000000008002a96                u8g_GetModeLL
 .text.u8g_UpdateDimension
                0x0000000008002ab6       0x5c Core/Src/u8g/u8g_ll_api.o
                0x0000000008002ab6                u8g_UpdateDimension
 *fill*         0x0000000008002b12        0x2 
 .text.u8g_init_data
                0x0000000008002b14       0x74 Core/Src/u8g/u8g_ll_api.o
 .text.u8g_Begin
                0x0000000008002b88       0x2e Core/Src/u8g/u8g_ll_api.o
                0x0000000008002b88                u8g_Begin
 .text.u8g_InitComFn
                0x0000000008002bb6       0x30 Core/Src/u8g/u8g_ll_api.o
                0x0000000008002bb6                u8g_InitComFn
 .text.u8g_FirstPage
                0x0000000008002be6       0x1c Core/Src/u8g/u8g_ll_api.o
                0x0000000008002be6                u8g_FirstPage
 .text.u8g_NextPage
                0x0000000008002c02       0x2e Core/Src/u8g/u8g_ll_api.o
                0x0000000008002c02                u8g_NextPage
 .text.u8g_Draw8Pixel
                0x0000000008002c30       0x3a Core/Src/u8g/u8g_ll_api.o
                0x0000000008002c30                u8g_Draw8Pixel
 .text.u8g_SetColorIndex
                0x0000000008002c6a       0x20 Core/Src/u8g/u8g_ll_api.o
                0x0000000008002c6a                u8g_SetColorIndex
 .text.u8g_page_First
                0x0000000008002c8a       0x34 Core/Src/u8g/u8g_page.o
                0x0000000008002c8a                u8g_page_First
 .text.u8g_page_Next
                0x0000000008002cbe       0x64 Core/Src/u8g/u8g_page.o
                0x0000000008002cbe                u8g_page_Next
 .text.u8g_pb_Clear
                0x0000000008002d22       0x3e Core/Src/u8g/u8g_pb.o
                0x0000000008002d22                u8g_pb_Clear
 .text.u8g_pb_IsYIntersection
                0x0000000008002d60       0x84 Core/Src/u8g/u8g_pb.o
                0x0000000008002d60                u8g_pb_IsYIntersection
 .text.u8g_pb_GetPageBox
                0x0000000008002de4       0x40 Core/Src/u8g/u8g_pb.o
                0x0000000008002de4                u8g_pb_GetPageBox
 .text.u8g_pb_Is8PixelVisible
                0x0000000008002e24       0x5c Core/Src/u8g/u8g_pb.o
                0x0000000008002e24                u8g_pb_Is8PixelVisible
 .text.u8g_pb_WriteBuffer
                0x0000000008002e80       0x26 Core/Src/u8g/u8g_pb.o
                0x0000000008002e80                u8g_pb_WriteBuffer
 .text.u8g_pb8v1_set_pixel
                0x0000000008002ea6       0x74 Core/Src/u8g/u8g_pb8v1.o
                0x0000000008002ea6                u8g_pb8v1_set_pixel
 .text.u8g_pb8v1_SetPixel
                0x0000000008002f1a       0x52 Core/Src/u8g/u8g_pb8v1.o
                0x0000000008002f1a                u8g_pb8v1_SetPixel
 .text.u8g_pb8v1_Set8PixelOpt2
                0x0000000008002f6c       0x94 Core/Src/u8g/u8g_pb8v1.o
                0x0000000008002f6c                u8g_pb8v1_Set8PixelOpt2
 .text.u8g_dev_pb8v1_base_fn
                0x0000000008003000      0x1a0 Core/Src/u8g/u8g_pb8v1.o
                0x0000000008003000                u8g_dev_pb8v1_base_fn
 .text.u8g_draw_hline
                0x00000000080031a0       0x7c Core/Src/u8g/u8g_rect.o
                0x00000000080031a0                u8g_draw_hline
 .text.u8g_draw_vline
                0x000000000800321c       0x7c Core/Src/u8g/u8g_rect.o
                0x000000000800321c                u8g_draw_vline
 .text.u8g_DrawFrame
                0x0000000008003298       0x8c Core/Src/u8g/u8g_rect.o
                0x0000000008003298                u8g_DrawFrame
 .text.u8g_draw_box
                0x0000000008003324       0x42 Core/Src/u8g/u8g_rect.o
                0x0000000008003324                u8g_draw_box
 .text.u8g_state_dummy_cb
                0x0000000008003366       0x16 Core/Src/u8g/u8g_state.o
                0x0000000008003366                u8g_state_dummy_cb
 .text.Reset_Handler
                0x000000000800337c       0x50 Core/Startup/startup_stm32f401retx.o
                0x000000000800337c                Reset_Handler
 .text.Default_Handler
                0x00000000080033cc        0x2 Core/Startup/startup_stm32f401retx.o
                0x00000000080033cc                RTC_Alarm_IRQHandler
                0x00000000080033cc                EXTI2_IRQHandler
                0x00000000080033cc                SPI4_IRQHandler
                0x00000000080033cc                TIM1_CC_IRQHandler
                0x00000000080033cc                DMA2_Stream5_IRQHandler
                0x00000000080033cc                DMA1_Stream5_IRQHandler
                0x00000000080033cc                PVD_IRQHandler
                0x00000000080033cc                SDIO_IRQHandler
                0x00000000080033cc                TAMP_STAMP_IRQHandler
                0x00000000080033cc                EXTI3_IRQHandler
                0x00000000080033cc                TIM1_UP_TIM10_IRQHandler
                0x00000000080033cc                I2C3_ER_IRQHandler
                0x00000000080033cc                EXTI0_IRQHandler
                0x00000000080033cc                I2C2_EV_IRQHandler
                0x00000000080033cc                DMA1_Stream2_IRQHandler
                0x00000000080033cc                FPU_IRQHandler
                0x00000000080033cc                DMA2_Stream2_IRQHandler
                0x00000000080033cc                SPI1_IRQHandler
                0x00000000080033cc                TIM1_BRK_TIM9_IRQHandler
                0x00000000080033cc                DMA2_Stream3_IRQHandler
                0x00000000080033cc                USART6_IRQHandler
                0x00000000080033cc                TIM4_IRQHandler
                0x00000000080033cc                I2C1_EV_IRQHandler
                0x00000000080033cc                DMA1_Stream6_IRQHandler
                0x00000000080033cc                DMA1_Stream1_IRQHandler
                0x00000000080033cc                TIM3_IRQHandler
                0x00000000080033cc                RCC_IRQHandler
                0x00000000080033cc                Default_Handler
                0x00000000080033cc                EXTI15_10_IRQHandler
                0x00000000080033cc                ADC_IRQHandler
                0x00000000080033cc                DMA1_Stream7_IRQHandler
                0x00000000080033cc                TIM5_IRQHandler
                0x00000000080033cc                DMA2_Stream7_IRQHandler
                0x00000000080033cc                I2C3_EV_IRQHandler
                0x00000000080033cc                EXTI9_5_IRQHandler
                0x00000000080033cc                RTC_WKUP_IRQHandler
                0x00000000080033cc                SPI2_IRQHandler
                0x00000000080033cc                DMA1_Stream0_IRQHandler
                0x00000000080033cc                EXTI4_IRQHandler
                0x00000000080033cc                WWDG_IRQHandler
                0x00000000080033cc                TIM2_IRQHandler
                0x00000000080033cc                OTG_FS_WKUP_IRQHandler
                0x00000000080033cc                TIM1_TRG_COM_TIM11_IRQHandler
                0x00000000080033cc                EXTI1_IRQHandler
                0x00000000080033cc                USART2_IRQHandler
                0x00000000080033cc                I2C2_ER_IRQHandler
                0x00000000080033cc                DMA2_Stream1_IRQHandler
                0x00000000080033cc                FLASH_IRQHandler
                0x00000000080033cc                DMA2_Stream4_IRQHandler
                0x00000000080033cc                USART1_IRQHandler
                0x00000000080033cc                OTG_FS_IRQHandler
                0x00000000080033cc                SPI3_IRQHandler
                0x00000000080033cc                DMA1_Stream4_IRQHandler
                0x00000000080033cc                I2C1_ER_IRQHandler
                0x00000000080033cc                DMA2_Stream6_IRQHandler
                0x00000000080033cc                DMA1_Stream3_IRQHandler
 *fill*         0x00000000080033ce        0x2 
 .text.HAL_Init
                0x00000000080033d0       0x44 Drivers/STM32F4xx_HAL_Driver/Src/stm32f4xx_hal.o
                0x00000000080033d0                HAL_Init
 .text.HAL_InitTick
                0x0000000008003414       0x60 Drivers/STM32F4xx_HAL_Driver/Src/stm32f4xx_hal.o
                0x0000000008003414                HAL_InitTick
 .text.HAL_IncTick
                0x0000000008003474       0x28 Drivers/STM32F4xx_HAL_Driver/Src/stm32f4xx_hal.o
                0x0000000008003474                HAL_IncTick
 .text.HAL_GetTick
                0x000000000800349c       0x18 Drivers/STM32F4xx_HAL_Driver/Src/stm32f4xx_hal.o
                0x000000000800349c                HAL_GetTick
 .text.HAL_Delay
                0x00000000080034b4       0x48 Drivers/STM32F4xx_HAL_Driver/Src/stm32f4xx_hal.o
                0x00000000080034b4                HAL_Delay
 .text.HAL_ADC_Init
                0x00000000080034fc       0x86 Drivers/STM32F4xx_HAL_Driver/Src/stm32f4xx_hal_adc.o
                0x00000000080034fc                HAL_ADC_Init
 *fill*         0x0000000008003582        0x2 
 .text.HAL_ADC_Start_DMA
                0x0000000008003584      0x1e0 Drivers/STM32F4xx_HAL_Driver/Src/stm32f4xx_hal_adc.o
                0x0000000008003584                HAL_ADC_Start_DMA
 .text.HAL_ADC_ConvCpltCallback
                0x0000000008003764       0x14 Drivers/STM32F4xx_HAL_Driver/Src/stm32f4xx_hal_adc.o
                0x0000000008003764                HAL_ADC_ConvCpltCallback
 .text.HAL_ADC_ConvHalfCpltCallback
                0x0000000008003778       0x14 Drivers/STM32F4xx_HAL_Driver/Src/stm32f4xx_hal_adc.o
                0x0000000008003778                HAL_ADC_ConvHalfCpltCallback
 .text.HAL_ADC_ErrorCallback
                0x000000000800378c       0x14 Drivers/STM32F4xx_HAL_Driver/Src/stm32f4xx_hal_adc.o
                0x000000000800378c                HAL_ADC_ErrorCallback
 .text.HAL_ADC_ConfigChannel
                0x00000000080037a0      0x244 Drivers/STM32F4xx_HAL_Driver/Src/stm32f4xx_hal_adc.o
                0x00000000080037a0                HAL_ADC_ConfigChannel
 .text.ADC_Init
                0x00000000080039e4      0x1f8 Drivers/STM32F4xx_HAL_Driver/Src/stm32f4xx_hal_adc.o
 .text.ADC_DMAConvCplt
                0x0000000008003bdc       0xba Drivers/STM32F4xx_HAL_Driver/Src/stm32f4xx_hal_adc.o
 .text.ADC_DMAHalfConvCplt
                0x0000000008003c96       0x1c Drivers/STM32F4xx_HAL_Driver/Src/stm32f4xx_hal_adc.o
 .text.ADC_DMAError
                0x0000000008003cb2       0x2e Drivers/STM32F4xx_HAL_Driver/Src/stm32f4xx_hal_adc.o
 .text.__NVIC_SetPriorityGrouping
                0x0000000008003ce0       0x48 Drivers/STM32F4xx_HAL_Driver/Src/stm32f4xx_hal_cortex.o
 .text.__NVIC_GetPriorityGrouping
                0x0000000008003d28       0x1c Drivers/STM32F4xx_HAL_Driver/Src/stm32f4xx_hal_cortex.o
 .text.__NVIC_EnableIRQ
                0x0000000008003d44       0x3c Drivers/STM32F4xx_HAL_Driver/Src/stm32f4xx_hal_cortex.o
 .text.__NVIC_SetPriority
                0x0000000008003d80       0x54 Drivers/STM32F4xx_HAL_Driver/Src/stm32f4xx_hal_cortex.o
 .text.NVIC_EncodePriority
                0x0000000008003dd4       0x66 Drivers/STM32F4xx_HAL_Driver/Src/stm32f4xx_hal_cortex.o
 *fill*         0x0000000008003e3a        0x2 
 .text.SysTick_Config
                0x0000000008003e3c       0x44 Drivers/STM32F4xx_HAL_Driver/Src/stm32f4xx_hal_cortex.o
 .text.HAL_NVIC_SetPriorityGrouping
                0x0000000008003e80       0x16 Drivers/STM32F4xx_HAL_Driver/Src/stm32f4xx_hal_cortex.o
                0x0000000008003e80                HAL_NVIC_SetPriorityGrouping
 .text.HAL_NVIC_SetPriority
                0x0000000008003e96       0x38 Drivers/STM32F4xx_HAL_Driver/Src/stm32f4xx_hal_cortex.o
                0x0000000008003e96                HAL_NVIC_SetPriority
 .text.HAL_NVIC_EnableIRQ
                0x0000000008003ece       0x1c Drivers/STM32F4xx_HAL_Driver/Src/stm32f4xx_hal_cortex.o
                0x0000000008003ece                HAL_NVIC_EnableIRQ
 .text.HAL_SYSTICK_Config
                0x0000000008003eea       0x18 Drivers/STM32F4xx_HAL_Driver/Src/stm32f4xx_hal_cortex.o
                0x0000000008003eea                HAL_SYSTICK_Config
 *fill*         0x0000000008003f02        0x2 
 .text.HAL_DMA_Init
                0x0000000008003f04      0x15c Drivers/STM32F4xx_HAL_Driver/Src/stm32f4xx_hal_dma.o
                0x0000000008003f04                HAL_DMA_Init
 .text.HAL_DMA_Start_IT
                0x0000000008004060       0xb0 Drivers/STM32F4xx_HAL_Driver/Src/stm32f4xx_hal_dma.o
                0x0000000008004060                HAL_DMA_Start_IT
 .text.HAL_DMA_IRQHandler
                0x0000000008004110      0x314 Drivers/STM32F4xx_HAL_Driver/Src/stm32f4xx_hal_dma.o
                0x0000000008004110                HAL_DMA_IRQHandler
 .text.DMA_SetConfig
                0x0000000008004424       0x5c Drivers/STM32F4xx_HAL_Driver/Src/stm32f4xx_hal_dma.o
 .text.DMA_CalcBaseAndBitshift
                0x0000000008004480       0x6c Drivers/STM32F4xx_HAL_Driver/Src/stm32f4xx_hal_dma.o
 .text.DMA_CheckFifoParam
                0x00000000080044ec       0xf8 Drivers/STM32F4xx_HAL_Driver/Src/stm32f4xx_hal_dma.o
 .text.HAL_GPIO_Init
                0x00000000080045e4      0x308 Drivers/STM32F4xx_HAL_Driver/Src/stm32f4xx_hal_gpio.o
                0x00000000080045e4                HAL_GPIO_Init
 .text.HAL_GPIO_WritePin
                0x00000000080048ec       0x32 Drivers/STM32F4xx_HAL_Driver/Src/stm32f4xx_hal_gpio.o
                0x00000000080048ec                HAL_GPIO_WritePin
 *fill*         0x000000000800491e        0x2 
 .text.HAL_I2C_Init
                0x0000000008004920      0x288 Drivers/STM32F4xx_HAL_Driver/Src/stm32f4xx_hal_i2c.o
                0x0000000008004920                HAL_I2C_Init
 .text.HAL_I2C_Master_Transmit
                0x0000000008004ba8      0x1fc Drivers/STM32F4xx_HAL_Driver/Src/stm32f4xx_hal_i2c.o
                0x0000000008004ba8                HAL_I2C_Master_Transmit
 .text.I2C_MasterRequestWrite
                0x0000000008004da4      0x104 Drivers/STM32F4xx_HAL_Driver/Src/stm32f4xx_hal_i2c.o
 .text.I2C_WaitOnFlagUntilTimeout
                0x0000000008004ea8       0xae Drivers/STM32F4xx_HAL_Driver/Src/stm32f4xx_hal_i2c.o
 .text.I2C_WaitOnMasterAddressFlagUntilTimeout
                0x0000000008004f56       0xfe Drivers/STM32F4xx_HAL_Driver/Src/stm32f4xx_hal_i2c.o
 .text.I2C_WaitOnTXEFlagUntilTimeout
                0x0000000008005054       0x82 Drivers/STM32F4xx_HAL_Driver/Src/stm32f4xx_hal_i2c.o
 .text.I2C_WaitOnBTFFlagUntilTimeout
                0x00000000080050d6       0x82 Drivers/STM32F4xx_HAL_Driver/Src/stm32f4xx_hal_i2c.o
 .text.I2C_IsAcknowledgeFailed
                0x0000000008005158       0x5e Drivers/STM32F4xx_HAL_Driver/Src/stm32f4xx_hal_i2c.o
 *fill*         0x00000000080051b6        0x2 
 .text.HAL_RCC_OscConfig
                0x00000000080051b8      0x4f0 Drivers/STM32F4xx_HAL_Driver/Src/stm32f4xx_hal_rcc.o
                0x00000000080051b8                HAL_RCC_OscConfig
 .text.HAL_RCC_ClockConfig
                0x00000000080056a8      0x1cc Drivers/STM32F4xx_HAL_Driver/Src/stm32f4xx_hal_rcc.o
                0x00000000080056a8                HAL_RCC_ClockConfig
 .text.HAL_RCC_GetSysClockFreq
                0x0000000008005874      0x1c0 Drivers/STM32F4xx_HAL_Driver/Src/stm32f4xx_hal_rcc.o
                0x0000000008005874                HAL_RCC_GetSysClockFreq
 .text.HAL_RCC_GetHCLKFreq
                0x0000000008005a34       0x18 Drivers/STM32F4xx_HAL_Driver/Src/stm32f4xx_hal_rcc.o
                0x0000000008005a34                HAL_RCC_GetHCLKFreq
 .text.HAL_RCC_GetPCLK1Freq
                0x0000000008005a4c       0x28 Drivers/STM32F4xx_HAL_Driver/Src/stm32f4xx_hal_rcc.o
                0x0000000008005a4c                HAL_RCC_GetPCLK1Freq
 .text.HAL_RCC_GetPCLK2Freq
                0x0000000008005a74       0x28 Drivers/STM32F4xx_HAL_Driver/Src/stm32f4xx_hal_rcc.o
                0x0000000008005a74                HAL_RCC_GetPCLK2Freq
 .text.HAL_UART_Init
                0x0000000008005a9c       0x9a Drivers/STM32F4xx_HAL_Driver/Src/stm32f4xx_hal_uart.o
                0x0000000008005a9c                HAL_UART_Init
 *fill*         0x0000000008005b36        0x2 
 .text.UART_SetConfig
                0x0000000008005b38      0x390 Drivers/STM32F4xx_HAL_Driver/Src/stm32f4xx_hal_uart.o
 .text.__errno  0x0000000008005ec8        0xc c:/st/stm32cubeide_1.5.0/stm32cubeide/plugins/com.st.stm32cube.ide.mcu.externaltools.gnu-tools-for-stm32.9-2020-q2-update.win32_1.5.0.202011040924/tools/bin/../lib/gcc/arm-none-eabi/9.3.1/../../../../arm-none-eabi/lib/thumb/v7e-m+fp/hard\libc_nano.a(lib_a-errno.o)
                0x0000000008005ec8                __errno
 .text.__libc_init_array
                0x0000000008005ed4       0x48 c:/st/stm32cubeide_1.5.0/stm32cubeide/plugins/com.st.stm32cube.ide.mcu.externaltools.gnu-tools-for-stm32.9-2020-q2-update.win32_1.5.0.202011040924/tools/bin/../lib/gcc/arm-none-eabi/9.3.1/../../../../arm-none-eabi/lib/thumb/v7e-m+fp/hard\libc_nano.a(lib_a-init.o)
                0x0000000008005ed4                __libc_init_array
 .text.memset   0x0000000008005f1c       0x10 c:/st/stm32cubeide_1.5.0/stm32cubeide/plugins/com.st.stm32cube.ide.mcu.externaltools.gnu-tools-for-stm32.9-2020-q2-update.win32_1.5.0.202011040924/tools/bin/../lib/gcc/arm-none-eabi/9.3.1/../../../../arm-none-eabi/lib/thumb/v7e-m+fp/hard\libc_nano.a(lib_a-memset.o)
                0x0000000008005f1c                memset
 .text.sprintf  0x0000000008005f2c       0x40 c:/st/stm32cubeide_1.5.0/stm32cubeide/plugins/com.st.stm32cube.ide.mcu.externaltools.gnu-tools-for-stm32.9-2020-q2-update.win32_1.5.0.202011040924/tools/bin/../lib/gcc/arm-none-eabi/9.3.1/../../../../arm-none-eabi/lib/thumb/v7e-m+fp/hard\libc_nano.a(lib_a-sprintf.o)
                0x0000000008005f2c                siprintf
                0x0000000008005f2c                sprintf
 .text.__ssputs_r
                0x0000000008005f6c       0xb6 c:/st/stm32cubeide_1.5.0/stm32cubeide/plugins/com.st.stm32cube.ide.mcu.externaltools.gnu-tools-for-stm32.9-2020-q2-update.win32_1.5.0.202011040924/tools/bin/../lib/gcc/arm-none-eabi/9.3.1/../../../../arm-none-eabi/lib/thumb/v7e-m+fp/hard\libc_nano.a(lib_a-nano-svfprintf.o)
                0x0000000008005f6c                __ssputs_r
 *fill*         0x0000000008006022        0x2 
 .text._svfprintf_r
                0x0000000008006024      0x200 c:/st/stm32cubeide_1.5.0/stm32cubeide/plugins/com.st.stm32cube.ide.mcu.externaltools.gnu-tools-for-stm32.9-2020-q2-update.win32_1.5.0.202011040924/tools/bin/../lib/gcc/arm-none-eabi/9.3.1/../../../../arm-none-eabi/lib/thumb/v7e-m+fp/hard\libc_nano.a(lib_a-nano-svfprintf.o)
                0x0000000008006024                _svfiprintf_r
                0x0000000008006024                _svfprintf_r
 .text._printf_common
                0x0000000008006224       0xda c:/st/stm32cubeide_1.5.0/stm32cubeide/plugins/com.st.stm32cube.ide.mcu.externaltools.gnu-tools-for-stm32.9-2020-q2-update.win32_1.5.0.202011040924/tools/bin/../lib/gcc/arm-none-eabi/9.3.1/../../../../arm-none-eabi/lib/thumb/v7e-m+fp/hard\libc_nano.a(lib_a-nano-vfprintf_i.o)
                0x0000000008006224                _printf_common
 *fill*         0x00000000080062fe        0x2 
 .text._printf_i
                0x0000000008006300      0x24c c:/st/stm32cubeide_1.5.0/stm32cubeide/plugins/com.st.stm32cube.ide.mcu.externaltools.gnu-tools-for-stm32.9-2020-q2-update.win32_1.5.0.202011040924/tools/bin/../lib/gcc/arm-none-eabi/9.3.1/../../../../arm-none-eabi/lib/thumb/v7e-m+fp/hard\libc_nano.a(lib_a-nano-vfprintf_i.o)
                0x0000000008006300                _printf_i
 .text.memcpy   0x000000000800654c       0x1c c:/st/stm32cubeide_1.5.0/stm32cubeide/plugins/com.st.stm32cube.ide.mcu.externaltools.gnu-tools-for-stm32.9-2020-q2-update.win32_1.5.0.202011040924/tools/bin/../lib/gcc/arm-none-eabi/9.3.1/../../../../arm-none-eabi/lib/thumb/v7e-m+fp/hard\libc_nano.a(lib_a-memcpy-stub.o)
                0x000000000800654c                memcpy
 .text.memmove  0x0000000008006568       0x34 c:/st/stm32cubeide_1.5.0/stm32cubeide/plugins/com.st.stm32cube.ide.mcu.externaltools.gnu-tools-for-stm32.9-2020-q2-update.win32_1.5.0.202011040924/tools/bin/../lib/gcc/arm-none-eabi/9.3.1/../../../../arm-none-eabi/lib/thumb/v7e-m+fp/hard\libc_nano.a(lib_a-memmove.o)
                0x0000000008006568                memmove
 .text._free_r  0x000000000800659c       0xa0 c:/st/stm32cubeide_1.5.0/stm32cubeide/plugins/com.st.stm32cube.ide.mcu.externaltools.gnu-tools-for-stm32.9-2020-q2-update.win32_1.5.0.202011040924/tools/bin/../lib/gcc/arm-none-eabi/9.3.1/../../../../arm-none-eabi/lib/thumb/v7e-m+fp/hard\libc_nano.a(lib_a-nano-freer.o)
                0x000000000800659c                _free_r
 .text._malloc_r
                0x000000000800663c       0xb4 c:/st/stm32cubeide_1.5.0/stm32cubeide/plugins/com.st.stm32cube.ide.mcu.externaltools.gnu-tools-for-stm32.9-2020-q2-update.win32_1.5.0.202011040924/tools/bin/../lib/gcc/arm-none-eabi/9.3.1/../../../../arm-none-eabi/lib/thumb/v7e-m+fp/hard\libc_nano.a(lib_a-nano-mallocr.o)
                0x000000000800663c                _malloc_r
 .text._realloc_r
                0x00000000080066f0       0x4c c:/st/stm32cubeide_1.5.0/stm32cubeide/plugins/com.st.stm32cube.ide.mcu.externaltools.gnu-tools-for-stm32.9-2020-q2-update.win32_1.5.0.202011040924/tools/bin/../lib/gcc/arm-none-eabi/9.3.1/../../../../arm-none-eabi/lib/thumb/v7e-m+fp/hard\libc_nano.a(lib_a-nano-reallocr.o)
                0x00000000080066f0                _realloc_r
 .text._sbrk_r  0x000000000800673c       0x20 c:/st/stm32cubeide_1.5.0/stm32cubeide/plugins/com.st.stm32cube.ide.mcu.externaltools.gnu-tools-for-stm32.9-2020-q2-update.win32_1.5.0.202011040924/tools/bin/../lib/gcc/arm-none-eabi/9.3.1/../../../../arm-none-eabi/lib/thumb/v7e-m+fp/hard\libc_nano.a(lib_a-sbrkr.o)
                0x000000000800673c                _sbrk_r
 .text.__malloc_lock
                0x000000000800675c        0xc c:/st/stm32cubeide_1.5.0/stm32cubeide/plugins/com.st.stm32cube.ide.mcu.externaltools.gnu-tools-for-stm32.9-2020-q2-update.win32_1.5.0.202011040924/tools/bin/../lib/gcc/arm-none-eabi/9.3.1/../../../../arm-none-eabi/lib/thumb/v7e-m+fp/hard\libc_nano.a(lib_a-mlock.o)
                0x000000000800675c                __malloc_lock
 .text.__malloc_unlock
                0x0000000008006768        0xc c:/st/stm32cubeide_1.5.0/stm32cubeide/plugins/com.st.stm32cube.ide.mcu.externaltools.gnu-tools-for-stm32.9-2020-q2-update.win32_1.5.0.202011040924/tools/bin/../lib/gcc/arm-none-eabi/9.3.1/../../../../arm-none-eabi/lib/thumb/v7e-m+fp/hard\libc_nano.a(lib_a-mlock.o)
                0x0000000008006768                __malloc_unlock
 .text._malloc_usable_size_r
                0x0000000008006774       0x10 c:/st/stm32cubeide_1.5.0/stm32cubeide/plugins/com.st.stm32cube.ide.mcu.externaltools.gnu-tools-for-stm32.9-2020-q2-update.win32_1.5.0.202011040924/tools/bin/../lib/gcc/arm-none-eabi/9.3.1/../../../../arm-none-eabi/lib/thumb/v7e-m+fp/hard\libc_nano.a(lib_a-nano-msizer.o)
                0x0000000008006774                _malloc_usable_size_r
 .text.__retarget_lock_acquire_recursive
                0x0000000008006784        0x2 c:/st/stm32cubeide_1.5.0/stm32cubeide/plugins/com.st.stm32cube.ide.mcu.externaltools.gnu-tools-for-stm32.9-2020-q2-update.win32_1.5.0.202011040924/tools/bin/../lib/gcc/arm-none-eabi/9.3.1/../../../../arm-none-eabi/lib/thumb/v7e-m+fp/hard\libc_nano.a(lib_a-lock.o)
                0x0000000008006784                __retarget_lock_acquire_recursive
 .text.__retarget_lock_release_recursive
                0x0000000008006786        0x2 c:/st/stm32cubeide_1.5.0/stm32cubeide/plugins/com.st.stm32cube.ide.mcu.externaltools.gnu-tools-for-stm32.9-2020-q2-update.win32_1.5.0.202011040924/tools/bin/../lib/gcc/arm-none-eabi/9.3.1/../../../../arm-none-eabi/lib/thumb/v7e-m+fp/hard\libc_nano.a(lib_a-lock.o)
                0x0000000008006786                __retarget_lock_release_recursive
 *(.glue_7)
 .glue_7        0x0000000008006788        0x0 linker stubs
 *(.glue_7t)
 .glue_7t       0x0000000008006788        0x0 linker stubs
 *(.eh_frame)
 .eh_frame      0x0000000008006788        0x0 c:/st/stm32cubeide_1.5.0/stm32cubeide/plugins/com.st.stm32cube.ide.mcu.externaltools.gnu-tools-for-stm32.9-2020-q2-update.win32_1.5.0.202011040924/tools/bin/../lib/gcc/arm-none-eabi/9.3.1/thumb/v7e-m+fp/hard/crtbegin.o
 *(.init)
 .init          0x0000000008006788        0x4 c:/st/stm32cubeide_1.5.0/stm32cubeide/plugins/com.st.stm32cube.ide.mcu.externaltools.gnu-tools-for-stm32.9-2020-q2-update.win32_1.5.0.202011040924/tools/bin/../lib/gcc/arm-none-eabi/9.3.1/thumb/v7e-m+fp/hard/crti.o
                0x0000000008006788                _init
 .init          0x000000000800678c        0x8 c:/st/stm32cubeide_1.5.0/stm32cubeide/plugins/com.st.stm32cube.ide.mcu.externaltools.gnu-tools-for-stm32.9-2020-q2-update.win32_1.5.0.202011040924/tools/bin/../lib/gcc/arm-none-eabi/9.3.1/thumb/v7e-m+fp/hard/crtn.o
 *(.fini)
 .fini          0x0000000008006794        0x4 c:/st/stm32cubeide_1.5.0/stm32cubeide/plugins/com.st.stm32cube.ide.mcu.externaltools.gnu-tools-for-stm32.9-2020-q2-update.win32_1.5.0.202011040924/tools/bin/../lib/gcc/arm-none-eabi/9.3.1/thumb/v7e-m+fp/hard/crti.o
                0x0000000008006794                _fini
 .fini          0x0000000008006798        0x8 c:/st/stm32cubeide_1.5.0/stm32cubeide/plugins/com.st.stm32cube.ide.mcu.externaltools.gnu-tools-for-stm32.9-2020-q2-update.win32_1.5.0.202011040924/tools/bin/../lib/gcc/arm-none-eabi/9.3.1/thumb/v7e-m+fp/hard/crtn.o
                0x00000000080067a0                . = ALIGN (0x4)
                0x00000000080067a0                _etext = .

.vfp11_veneer   0x00000000080067a0        0x0
 .vfp11_veneer  0x00000000080067a0        0x0 linker stubs

.v4_bx          0x00000000080067a0        0x0
 .v4_bx         0x00000000080067a0        0x0 linker stubs

.iplt           0x00000000080067a0        0x0
 .iplt          0x00000000080067a0        0x0 c:/st/stm32cubeide_1.5.0/stm32cubeide/plugins/com.st.stm32cube.ide.mcu.externaltools.gnu-tools-for-stm32.9-2020-q2-update.win32_1.5.0.202011040924/tools/bin/../lib/gcc/arm-none-eabi/9.3.1/thumb/v7e-m+fp/hard/crtbegin.o

.rodata         0x00000000080067a0     0x4e34
                0x00000000080067a0                . = ALIGN (0x4)
 *(.rodata)
 .rodata        0x00000000080067a0       0x95 Core/Src/main.o
 *(.rodata*)
 *fill*         0x0000000008006835        0x3 
 .rodata.AHBPrescTable
                0x0000000008006838       0x10 Core/Src/system_stm32f4xx.o
                0x0000000008006838                AHBPrescTable
 .rodata.APBPrescTable
                0x0000000008006848        0x8 Core/Src/system_stm32f4xx.o
                0x0000000008006848                APBPrescTable
 .rodata.u8g_dev_ssd1306_128x64_adafruit2_init_seq
                0x0000000008006850       0x26 Core/Src/u8g/u8g_dev_ssd1306_128x64.o
 *fill*         0x0000000008006876        0x2 
 .rodata.u8g_dev_ssd1306_128x64_data_start
                0x0000000008006878        0x8 Core/Src/u8g/u8g_dev_ssd1306_128x64.o
 .rodata.u8g_dev_ssd13xx_sleep_on
                0x0000000008006880        0x9 Core/Src/u8g/u8g_dev_ssd1306_128x64.o
 *fill*         0x0000000008006889        0x3 
 .rodata.u8g_dev_ssd13xx_sleep_off
                0x000000000800688c        0xb Core/Src/u8g/u8g_dev_ssd1306_128x64.o
 *fill*         0x0000000008006897        0x1 
 .rodata.u8g_font_courB08
                0x0000000008006898      0x979 Core/Src/u8g/u8g_font_data.o
                0x0000000008006898                u8g_font_courB08
 *fill*         0x0000000008007211        0x3 
 .rodata.u8g_font_courB10
                0x0000000008007214      0xd1b Core/Src/u8g/u8g_font_data.o
                0x0000000008007214                u8g_font_courB10
 *fill*         0x0000000008007f2f        0x1 
 .rodata.u8g_font_gdb11
                0x0000000008007f30     0x10d9 Core/Src/u8g/u8g_font_data.o
                0x0000000008007f30                u8g_font_gdb11
 *fill*         0x0000000008009009        0x3 
 .rodata.u8g_font_osb21
                0x000000000800900c     0x258c Core/Src/u8g/u8g_font_data.o
                0x000000000800900c                u8g_font_osb21
 .rodata.flagBitshiftOffset.8313
                0x000000000800b598        0x8 Drivers/STM32F4xx_HAL_Driver/Src/stm32f4xx_hal_dma.o
 .rodata._svfprintf_r.str1.1
                0x000000000800b5a0       0x11 c:/st/stm32cubeide_1.5.0/stm32cubeide/plugins/com.st.stm32cube.ide.mcu.externaltools.gnu-tools-for-stm32.9-2020-q2-update.win32_1.5.0.202011040924/tools/bin/../lib/gcc/arm-none-eabi/9.3.1/../../../../arm-none-eabi/lib/thumb/v7e-m+fp/hard\libc_nano.a(lib_a-nano-svfprintf.o)
 .rodata._printf_i.str1.1
                0x000000000800b5b1       0x22 c:/st/stm32cubeide_1.5.0/stm32cubeide/plugins/com.st.stm32cube.ide.mcu.externaltools.gnu-tools-for-stm32.9-2020-q2-update.win32_1.5.0.202011040924/tools/bin/../lib/gcc/arm-none-eabi/9.3.1/../../../../arm-none-eabi/lib/thumb/v7e-m+fp/hard\libc_nano.a(lib_a-nano-vfprintf_i.o)
                0x000000000800b5d4                . = ALIGN (0x4)
 *fill*         0x000000000800b5d3        0x1 

.ARM.extab      0x000000000800b5d4        0x0
                0x000000000800b5d4                . = ALIGN (0x4)
 *(.ARM.extab* .gnu.linkonce.armextab.*)
                0x000000000800b5d4                . = ALIGN (0x4)

.ARM            0x000000000800b5d4        0x8
                0x000000000800b5d4                . = ALIGN (0x4)
                0x000000000800b5d4                __exidx_start = .
 *(.ARM.exidx*)
 .ARM.exidx     0x000000000800b5d4        0x8 c:/st/stm32cubeide_1.5.0/stm32cubeide/plugins/com.st.stm32cube.ide.mcu.externaltools.gnu-tools-for-stm32.9-2020-q2-update.win32_1.5.0.202011040924/tools/bin/../lib/gcc/arm-none-eabi/9.3.1/thumb/v7e-m+fp/hard\libgcc.a(_udivmoddi4.o)
                0x000000000800b5dc                __exidx_end = .
                0x000000000800b5dc                . = ALIGN (0x4)

.rel.dyn        0x000000000800b5dc        0x0
 .rel.iplt      0x000000000800b5dc        0x0 c:/st/stm32cubeide_1.5.0/stm32cubeide/plugins/com.st.stm32cube.ide.mcu.externaltools.gnu-tools-for-stm32.9-2020-q2-update.win32_1.5.0.202011040924/tools/bin/../lib/gcc/arm-none-eabi/9.3.1/thumb/v7e-m+fp/hard/crtbegin.o

.preinit_array  0x000000000800b5dc        0x0
                0x000000000800b5dc                . = ALIGN (0x4)
                0x000000000800b5dc                PROVIDE (__preinit_array_start = .)
 *(.preinit_array*)
                0x000000000800b5dc                PROVIDE (__preinit_array_end = .)
                0x000000000800b5dc                . = ALIGN (0x4)

.init_array     0x000000000800b5dc        0x4
                0x000000000800b5dc                . = ALIGN (0x4)
                0x000000000800b5dc                PROVIDE (__init_array_start = .)
 *(SORT_BY_NAME(.init_array.*))
 *(.init_array*)
 .init_array    0x000000000800b5dc        0x4 c:/st/stm32cubeide_1.5.0/stm32cubeide/plugins/com.st.stm32cube.ide.mcu.externaltools.gnu-tools-for-stm32.9-2020-q2-update.win32_1.5.0.202011040924/tools/bin/../lib/gcc/arm-none-eabi/9.3.1/thumb/v7e-m+fp/hard/crtbegin.o
                0x000000000800b5e0                PROVIDE (__init_array_end = .)
                0x000000000800b5e0                . = ALIGN (0x4)

.fini_array     0x000000000800b5e0        0x4
                0x000000000800b5e0                . = ALIGN (0x4)
                [!provide]                        PROVIDE (__fini_array_start = .)
 *(SORT_BY_NAME(.fini_array.*))
 *(.fini_array*)
 .fini_array    0x000000000800b5e0        0x4 c:/st/stm32cubeide_1.5.0/stm32cubeide/plugins/com.st.stm32cube.ide.mcu.externaltools.gnu-tools-for-stm32.9-2020-q2-update.win32_1.5.0.202011040924/tools/bin/../lib/gcc/arm-none-eabi/9.3.1/thumb/v7e-m+fp/hard/crtbegin.o
                [!provide]                        PROVIDE (__fini_array_end = .)
                0x000000000800b5e4                . = ALIGN (0x4)
                0x000000000800b5e4                _sidata = LOADADDR (.data)

.data           0x0000000020000000       0x88 load address 0x000000000800b5e4
                0x0000000020000000                . = ALIGN (0x4)
                0x0000000020000000                _sdata = .
 *(.data)
 *(.data*)
 .data.SystemCoreClock
                0x0000000020000000        0x4 Core/Src/system_stm32f4xx.o
                0x0000000020000000                SystemCoreClock
 .data.u8g_dev_ssd1306_128x64_i2c_pb
                0x0000000020000004        0xc Core/Src/u8g/u8g_dev_ssd1306_128x64.o
                0x0000000020000004                u8g_dev_ssd1306_128x64_i2c_pb
 .data.u8g_dev_ssd1306_128x64_i2c
                0x0000000020000010        0xc Core/Src/u8g/u8g_dev_ssd1306_128x64.o
                0x0000000020000010                u8g_dev_ssd1306_128x64_i2c
 .data.uwTickPrio
                0x000000002000001c        0x4 Drivers/STM32F4xx_HAL_Driver/Src/stm32f4xx_hal.o
                0x000000002000001c                uwTickPrio
 .data.uwTickFreq
                0x0000000020000020        0x1 Drivers/STM32F4xx_HAL_Driver/Src/stm32f4xx_hal.o
                0x0000000020000020                uwTickFreq
 *fill*         0x0000000020000021        0x3 
 .data._impure_ptr
                0x0000000020000024        0x4 c:/st/stm32cubeide_1.5.0/stm32cubeide/plugins/com.st.stm32cube.ide.mcu.externaltools.gnu-tools-for-stm32.9-2020-q2-update.win32_1.5.0.202011040924/tools/bin/../lib/gcc/arm-none-eabi/9.3.1/../../../../arm-none-eabi/lib/thumb/v7e-m+fp/hard\libc_nano.a(lib_a-impure.o)
                0x0000000020000024                _impure_ptr
 .data.impure_data
                0x0000000020000028       0x60 c:/st/stm32cubeide_1.5.0/stm32cubeide/plugins/com.st.stm32cube.ide.mcu.externaltools.gnu-tools-for-stm32.9-2020-q2-update.win32_1.5.0.202011040924/tools/bin/../lib/gcc/arm-none-eabi/9.3.1/../../../../arm-none-eabi/lib/thumb/v7e-m+fp/hard\libc_nano.a(lib_a-impure.o)
                0x0000000020000088                . = ALIGN (0x4)
                0x0000000020000088                _edata = .

.igot.plt       0x0000000020000088        0x0 load address 0x000000000800b66c
 .igot.plt      0x0000000020000088        0x0 c:/st/stm32cubeide_1.5.0/stm32cubeide/plugins/com.st.stm32cube.ide.mcu.externaltools.gnu-tools-for-stm32.9-2020-q2-update.win32_1.5.0.202011040924/tools/bin/../lib/gcc/arm-none-eabi/9.3.1/thumb/v7e-m+fp/hard/crtbegin.o
                0x0000000020000088                . = ALIGN (0x4)

.bss            0x0000000020000088      0x244 load address 0x000000000800b66c
                0x0000000020000088                _sbss = .
                0x0000000020000088                __bss_start__ = _sbss
 *(.bss)
 .bss           0x0000000020000088       0x1c c:/st/stm32cubeide_1.5.0/stm32cubeide/plugins/com.st.stm32cube.ide.mcu.externaltools.gnu-tools-for-stm32.9-2020-q2-update.win32_1.5.0.202011040924/tools/bin/../lib/gcc/arm-none-eabi/9.3.1/thumb/v7e-m+fp/hard/crtbegin.o
 *(.bss*)
 .bss.key_flag  0x00000000200000a4        0x1 Core/Src/Zeus_define.o
                0x00000000200000a4                key_flag
 *fill*         0x00000000200000a5        0x3 
 .bss.u8g       0x00000000200000a8       0x3c Core/Src/main.o
 .bss.Hour      0x00000000200000e4        0x1 Core/Src/main.o
                0x00000000200000e4                Hour
 .bss.Minute    0x00000000200000e5        0x1 Core/Src/main.o
                0x00000000200000e5                Minute
 .bss.Second    0x00000000200000e6        0x1 Core/Src/main.o
                0x00000000200000e6                Second
 *fill*         0x00000000200000e7        0x1 
 .bss.__sbrk_heap_end
                0x00000000200000e8        0x4 Core/Src/sysmem.o
 .bss.control   0x00000000200000ec        0x1 Core/Src/u8g/u8g_arm.o
 *fill*         0x00000000200000ed        0x3 
 .bss.u8g_dev_ssd1306_128x64_i2c_buf
                0x00000000200000f0       0x80 Core/Src/u8g/u8g_dev_ssd1306_128x64.o
                0x00000000200000f0                u8g_dev_ssd1306_128x64_i2c_buf
 .bss.__malloc_free_list
                0x0000000020000170        0x4 c:/st/stm32cubeide_1.5.0/stm32cubeide/plugins/com.st.stm32cube.ide.mcu.externaltools.gnu-tools-for-stm32.9-2020-q2-update.win32_1.5.0.202011040924/tools/bin/../lib/gcc/arm-none-eabi/9.3.1/../../../../arm-none-eabi/lib/thumb/v7e-m+fp/hard\libc_nano.a(lib_a-nano-mallocr.o)
                0x0000000020000170                __malloc_free_list
 .bss.__malloc_sbrk_start
                0x0000000020000174        0x4 c:/st/stm32cubeide_1.5.0/stm32cubeide/plugins/com.st.stm32cube.ide.mcu.externaltools.gnu-tools-for-stm32.9-2020-q2-update.win32_1.5.0.202011040924/tools/bin/../lib/gcc/arm-none-eabi/9.3.1/../../../../arm-none-eabi/lib/thumb/v7e-m+fp/hard\libc_nano.a(lib_a-nano-mallocr.o)
                0x0000000020000174                __malloc_sbrk_start
 *(COMMON)
 COMMON         0x0000000020000178       0xa8 Core/Src/adc.o
                0x0000000020000178                hadc1
                0x00000000200001c0                hdma_adc1
 COMMON         0x0000000020000220       0x54 Core/Src/i2c.o
                0x0000000020000220                hi2c1
 COMMON         0x0000000020000274       0x44 Core/Src/usart.o
                0x0000000020000274                huart2
 COMMON         0x00000000200002b8        0x4 Drivers/STM32F4xx_HAL_Driver/Src/stm32f4xx_hal.o
                0x00000000200002b8                uwTick
 COMMON         0x00000000200002bc        0x4 c:/st/stm32cubeide_1.5.0/stm32cubeide/plugins/com.st.stm32cube.ide.mcu.externaltools.gnu-tools-for-stm32.9-2020-q2-update.win32_1.5.0.202011040924/tools/bin/../lib/gcc/arm-none-eabi/9.3.1/../../../../arm-none-eabi/lib/thumb/v7e-m+fp/hard\libc_nano.a(lib_a-reent.o)
                0x00000000200002bc                errno
 COMMON         0x00000000200002c0        0x9 c:/st/stm32cubeide_1.5.0/stm32cubeide/plugins/com.st.stm32cube.ide.mcu.externaltools.gnu-tools-for-stm32.9-2020-q2-update.win32_1.5.0.202011040924/tools/bin/../lib/gcc/arm-none-eabi/9.3.1/../../../../arm-none-eabi/lib/thumb/v7e-m+fp/hard\libc_nano.a(lib_a-lock.o)
                0x00000000200002c0                __lock___atexit_recursive_mutex
                0x00000000200002c1                __lock___arc4random_mutex
                0x00000000200002c2                __lock___env_recursive_mutex
                0x00000000200002c3                __lock___sinit_recursive_mutex
                0x00000000200002c4                __lock___malloc_recursive_mutex
                0x00000000200002c5                __lock___at_quick_exit_mutex
                0x00000000200002c6                __lock___dd_hash_mutex
                0x00000000200002c7                __lock___tz_mutex
                0x00000000200002c8                __lock___sfp_recursive_mutex
                0x00000000200002cc                . = ALIGN (0x4)
 *fill*         0x00000000200002c9        0x3 
                0x00000000200002cc                _ebss = .
                0x00000000200002cc                __bss_end__ = _ebss

._user_heap_stack
                0x00000000200002cc      0x604 load address 0x000000000800b66c
                0x00000000200002d0                . = ALIGN (0x8)
 *fill*         0x00000000200002cc        0x4 
                [!provide]                        PROVIDE (end = .)
                0x00000000200002d0                PROVIDE (_end = .)
                0x00000000200004d0                . = (. + _Min_Heap_Size)
 *fill*         0x00000000200002d0      0x200 
                0x00000000200008d0                . = (. + _Min_Stack_Size)
 *fill*         0x00000000200004d0      0x400 
                0x00000000200008d0                . = ALIGN (0x8)

/DISCARD/
 libc.a(*)
 libm.a(*)
 libgcc.a(*)

.ARM.attributes
                0x0000000000000000       0x30
 *(.ARM.attributes)
 .ARM.attributes
                0x0000000000000000       0x1e c:/st/stm32cubeide_1.5.0/stm32cubeide/plugins/com.st.stm32cube.ide.mcu.externaltools.gnu-tools-for-stm32.9-2020-q2-update.win32_1.5.0.202011040924/tools/bin/../lib/gcc/arm-none-eabi/9.3.1/thumb/v7e-m+fp/hard/crti.o
 .ARM.attributes
                0x000000000000001e       0x34 c:/st/stm32cubeide_1.5.0/stm32cubeide/plugins/com.st.stm32cube.ide.mcu.externaltools.gnu-tools-for-stm32.9-2020-q2-update.win32_1.5.0.202011040924/tools/bin/../lib/gcc/arm-none-eabi/9.3.1/thumb/v7e-m+fp/hard/crtbegin.o
 .ARM.attributes
                0x0000000000000052       0x34 Core/Src/I2C_LCD1602.o
 .ARM.attributes
                0x0000000000000086       0x34 Core/Src/Zeus_define.o
 .ARM.attributes
                0x00000000000000ba       0x34 Core/Src/adc.o
 .ARM.attributes
                0x00000000000000ee       0x34 Core/Src/dma.o
 .ARM.attributes
                0x0000000000000122       0x34 Core/Src/gpio.o
 .ARM.attributes
                0x0000000000000156       0x34 Core/Src/i2c.o
 .ARM.attributes
                0x000000000000018a       0x34 Core/Src/main.o
 .ARM.attributes
                0x00000000000001be       0x34 Core/Src/stm32f4xx_hal_msp.o
 .ARM.attributes
                0x00000000000001f2       0x34 Core/Src/stm32f4xx_it.o
 .ARM.attributes
                0x0000000000000226       0x34 Core/Src/sysmem.o
 .ARM.attributes
                0x000000000000025a       0x34 Core/Src/system_stm32f4xx.o
 .ARM.attributes
                0x000000000000028e       0x34 Core/Src/usart.o
 .ARM.attributes
                0x00000000000002c2       0x34 Core/Src/u8g/u8g_arm.o
 .ARM.attributes
                0x00000000000002f6       0x34 Core/Src/u8g/u8g_clip.o
 .ARM.attributes
                0x000000000000032a       0x34 Core/Src/u8g/u8g_com_api.o
 .ARM.attributes
                0x000000000000035e       0x34 Core/Src/u8g/u8g_com_null.o
 .ARM.attributes
                0x0000000000000392       0x34 Core/Src/u8g/u8g_dev_ssd1306_128x64.o
 .ARM.attributes
                0x00000000000003c6       0x34 Core/Src/u8g/u8g_font.o
 .ARM.attributes
                0x00000000000003fa       0x39 Core/Src/u8g/u8g_font_data.o
 .ARM.attributes
                0x0000000000000433       0x34 Core/Src/u8g/u8g_ll_api.o
 .ARM.attributes
                0x0000000000000467       0x34 Core/Src/u8g/u8g_page.o
 .ARM.attributes
                0x000000000000049b       0x34 Core/Src/u8g/u8g_pb.o
 .ARM.attributes
                0x00000000000004cf       0x34 Core/Src/u8g/u8g_pb8v1.o
 .ARM.attributes
                0x0000000000000503       0x34 Core/Src/u8g/u8g_rect.o
 .ARM.attributes
                0x0000000000000537       0x34 Core/Src/u8g/u8g_state.o
 .ARM.attributes
                0x000000000000056b       0x21 Core/Startup/startup_stm32f401retx.o
 .ARM.attributes
                0x000000000000058c       0x34 Drivers/STM32F4xx_HAL_Driver/Src/stm32f4xx_hal.o
 .ARM.attributes
                0x00000000000005c0       0x34 Drivers/STM32F4xx_HAL_Driver/Src/stm32f4xx_hal_adc.o
 .ARM.attributes
                0x00000000000005f4       0x34 Drivers/STM32F4xx_HAL_Driver/Src/stm32f4xx_hal_cortex.o
 .ARM.attributes
                0x0000000000000628       0x34 Drivers/STM32F4xx_HAL_Driver/Src/stm32f4xx_hal_dma.o
 .ARM.attributes
                0x000000000000065c       0x34 Drivers/STM32F4xx_HAL_Driver/Src/stm32f4xx_hal_gpio.o
 .ARM.attributes
                0x0000000000000690       0x34 Drivers/STM32F4xx_HAL_Driver/Src/stm32f4xx_hal_i2c.o
 .ARM.attributes
                0x00000000000006c4       0x34 Drivers/STM32F4xx_HAL_Driver/Src/stm32f4xx_hal_rcc.o
 .ARM.attributes
                0x00000000000006f8       0x34 Drivers/STM32F4xx_HAL_Driver/Src/stm32f4xx_hal_uart.o
 .ARM.attributes
                0x000000000000072c       0x34 c:/st/stm32cubeide_1.5.0/stm32cubeide/plugins/com.st.stm32cube.ide.mcu.externaltools.gnu-tools-for-stm32.9-2020-q2-update.win32_1.5.0.202011040924/tools/bin/../lib/gcc/arm-none-eabi/9.3.1/../../../../arm-none-eabi/lib/thumb/v7e-m+fp/hard\libc_nano.a(lib_a-errno.o)
 .ARM.attributes
                0x0000000000000760       0x32 c:/st/stm32cubeide_1.5.0/stm32cubeide/plugins/com.st.stm32cube.ide.mcu.externaltools.gnu-tools-for-stm32.9-2020-q2-update.win32_1.5.0.202011040924/tools/bin/../lib/gcc/arm-none-eabi/9.3.1/../../../../arm-none-eabi/lib/thumb/v7e-m+fp/hard\libc_nano.a(lib_a-impure.o)
 .ARM.attributes
                0x0000000000000792       0x34 c:/st/stm32cubeide_1.5.0/stm32cubeide/plugins/com.st.stm32cube.ide.mcu.externaltools.gnu-tools-for-stm32.9-2020-q2-update.win32_1.5.0.202011040924/tools/bin/../lib/gcc/arm-none-eabi/9.3.1/../../../../arm-none-eabi/lib/thumb/v7e-m+fp/hard\libc_nano.a(lib_a-init.o)
 .ARM.attributes
                0x00000000000007c6       0x34 c:/st/stm32cubeide_1.5.0/stm32cubeide/plugins/com.st.stm32cube.ide.mcu.externaltools.gnu-tools-for-stm32.9-2020-q2-update.win32_1.5.0.202011040924/tools/bin/../lib/gcc/arm-none-eabi/9.3.1/../../../../arm-none-eabi/lib/thumb/v7e-m+fp/hard\libc_nano.a(lib_a-memset.o)
 .ARM.attributes
                0x00000000000007fa       0x34 c:/st/stm32cubeide_1.5.0/stm32cubeide/plugins/com.st.stm32cube.ide.mcu.externaltools.gnu-tools-for-stm32.9-2020-q2-update.win32_1.5.0.202011040924/tools/bin/../lib/gcc/arm-none-eabi/9.3.1/../../../../arm-none-eabi/lib/thumb/v7e-m+fp/hard\libc_nano.a(lib_a-sprintf.o)
 .ARM.attributes
                0x000000000000082e       0x34 c:/st/stm32cubeide_1.5.0/stm32cubeide/plugins/com.st.stm32cube.ide.mcu.externaltools.gnu-tools-for-stm32.9-2020-q2-update.win32_1.5.0.202011040924/tools/bin/../lib/gcc/arm-none-eabi/9.3.1/../../../../arm-none-eabi/lib/thumb/v7e-m+fp/hard\libc_nano.a(lib_a-nano-svfprintf.o)
 .ARM.attributes
                0x0000000000000862       0x34 c:/st/stm32cubeide_1.5.0/stm32cubeide/plugins/com.st.stm32cube.ide.mcu.externaltools.gnu-tools-for-stm32.9-2020-q2-update.win32_1.5.0.202011040924/tools/bin/../lib/gcc/arm-none-eabi/9.3.1/../../../../arm-none-eabi/lib/thumb/v7e-m+fp/hard\libc_nano.a(lib_a-nano-vfprintf_i.o)
 .ARM.attributes
                0x0000000000000896       0x1c c:/st/stm32cubeide_1.5.0/stm32cubeide/plugins/com.st.stm32cube.ide.mcu.externaltools.gnu-tools-for-stm32.9-2020-q2-update.win32_1.5.0.202011040924/tools/bin/../lib/gcc/arm-none-eabi/9.3.1/../../../../arm-none-eabi/lib/thumb/v7e-m+fp/hard\libc_nano.a(lib_a-memchr.o)
 .ARM.attributes
                0x00000000000008b2       0x34 c:/st/stm32cubeide_1.5.0/stm32cubeide/plugins/com.st.stm32cube.ide.mcu.externaltools.gnu-tools-for-stm32.9-2020-q2-update.win32_1.5.0.202011040924/tools/bin/../lib/gcc/arm-none-eabi/9.3.1/../../../../arm-none-eabi/lib/thumb/v7e-m+fp/hard\libc_nano.a(lib_a-memcpy-stub.o)
 .ARM.attributes
                0x00000000000008e6       0x34 c:/st/stm32cubeide_1.5.0/stm32cubeide/plugins/com.st.stm32cube.ide.mcu.externaltools.gnu-tools-for-stm32.9-2020-q2-update.win32_1.5.0.202011040924/tools/bin/../lib/gcc/arm-none-eabi/9.3.1/../../../../arm-none-eabi/lib/thumb/v7e-m+fp/hard\libc_nano.a(lib_a-memmove.o)
 .ARM.attributes
                0x000000000000091a       0x34 c:/st/stm32cubeide_1.5.0/stm32cubeide/plugins/com.st.stm32cube.ide.mcu.externaltools.gnu-tools-for-stm32.9-2020-q2-update.win32_1.5.0.202011040924/tools/bin/../lib/gcc/arm-none-eabi/9.3.1/../../../../arm-none-eabi/lib/thumb/v7e-m+fp/hard\libc_nano.a(lib_a-nano-freer.o)
 .ARM.attributes
                0x000000000000094e       0x34 c:/st/stm32cubeide_1.5.0/stm32cubeide/plugins/com.st.stm32cube.ide.mcu.externaltools.gnu-tools-for-stm32.9-2020-q2-update.win32_1.5.0.202011040924/tools/bin/../lib/gcc/arm-none-eabi/9.3.1/../../../../arm-none-eabi/lib/thumb/v7e-m+fp/hard\libc_nano.a(lib_a-nano-mallocr.o)
 .ARM.attributes
                0x0000000000000982       0x34 c:/st/stm32cubeide_1.5.0/stm32cubeide/plugins/com.st.stm32cube.ide.mcu.externaltools.gnu-tools-for-stm32.9-2020-q2-update.win32_1.5.0.202011040924/tools/bin/../lib/gcc/arm-none-eabi/9.3.1/../../../../arm-none-eabi/lib/thumb/v7e-m+fp/hard\libc_nano.a(lib_a-nano-reallocr.o)
 .ARM.attributes
                0x00000000000009b6       0x34 c:/st/stm32cubeide_1.5.0/stm32cubeide/plugins/com.st.stm32cube.ide.mcu.externaltools.gnu-tools-for-stm32.9-2020-q2-update.win32_1.5.0.202011040924/tools/bin/../lib/gcc/arm-none-eabi/9.3.1/../../../../arm-none-eabi/lib/thumb/v7e-m+fp/hard\libc_nano.a(lib_a-sbrkr.o)
 .ARM.attributes
                0x00000000000009ea       0x34 c:/st/stm32cubeide_1.5.0/stm32cubeide/plugins/com.st.stm32cube.ide.mcu.externaltools.gnu-tools-for-stm32.9-2020-q2-update.win32_1.5.0.202011040924/tools/bin/../lib/gcc/arm-none-eabi/9.3.1/../../../../arm-none-eabi/lib/thumb/v7e-m+fp/hard\libc_nano.a(lib_a-mlock.o)
 .ARM.attributes
                0x0000000000000a1e       0x34 c:/st/stm32cubeide_1.5.0/stm32cubeide/plugins/com.st.stm32cube.ide.mcu.externaltools.gnu-tools-for-stm32.9-2020-q2-update.win32_1.5.0.202011040924/tools/bin/../lib/gcc/arm-none-eabi/9.3.1/../../../../arm-none-eabi/lib/thumb/v7e-m+fp/hard\libc_nano.a(lib_a-nano-msizer.o)
 .ARM.attributes
                0x0000000000000a52       0x34 c:/st/stm32cubeide_1.5.0/stm32cubeide/plugins/com.st.stm32cube.ide.mcu.externaltools.gnu-tools-for-stm32.9-2020-q2-update.win32_1.5.0.202011040924/tools/bin/../lib/gcc/arm-none-eabi/9.3.1/../../../../arm-none-eabi/lib/thumb/v7e-m+fp/hard\libc_nano.a(lib_a-reent.o)
 .ARM.attributes
                0x0000000000000a86       0x34 c:/st/stm32cubeide_1.5.0/stm32cubeide/plugins/com.st.stm32cube.ide.mcu.externaltools.gnu-tools-for-stm32.9-2020-q2-update.win32_1.5.0.202011040924/tools/bin/../lib/gcc/arm-none-eabi/9.3.1/../../../../arm-none-eabi/lib/thumb/v7e-m+fp/hard\libc_nano.a(lib_a-lock.o)
 .ARM.attributes
                0x0000000000000aba       0x1e c:/st/stm32cubeide_1.5.0/stm32cubeide/plugins/com.st.stm32cube.ide.mcu.externaltools.gnu-tools-for-stm32.9-2020-q2-update.win32_1.5.0.202011040924/tools/bin/../lib/gcc/arm-none-eabi/9.3.1/thumb/v7e-m+fp/hard\libgcc.a(_arm_addsubdf3.o)
 .ARM.attributes
                0x0000000000000ad8       0x1e c:/st/stm32cubeide_1.5.0/stm32cubeide/plugins/com.st.stm32cube.ide.mcu.externaltools.gnu-tools-for-stm32.9-2020-q2-update.win32_1.5.0.202011040924/tools/bin/../lib/gcc/arm-none-eabi/9.3.1/thumb/v7e-m+fp/hard\libgcc.a(_arm_muldivdf3.o)
 .ARM.attributes
                0x0000000000000af6       0x1e c:/st/stm32cubeide_1.5.0/stm32cubeide/plugins/com.st.stm32cube.ide.mcu.externaltools.gnu-tools-for-stm32.9-2020-q2-update.win32_1.5.0.202011040924/tools/bin/../lib/gcc/arm-none-eabi/9.3.1/thumb/v7e-m+fp/hard\libgcc.a(_arm_fixunsdfsi.o)
 .ARM.attributes
                0x0000000000000b14       0x1e c:/st/stm32cubeide_1.5.0/stm32cubeide/plugins/com.st.stm32cube.ide.mcu.externaltools.gnu-tools-for-stm32.9-2020-q2-update.win32_1.5.0.202011040924/tools/bin/../lib/gcc/arm-none-eabi/9.3.1/thumb/v7e-m+fp/hard\libgcc.a(_aeabi_uldivmod.o)
 .ARM.attributes
                0x0000000000000b32       0x34 c:/st/stm32cubeide_1.5.0/stm32cubeide/plugins/com.st.stm32cube.ide.mcu.externaltools.gnu-tools-for-stm32.9-2020-q2-update.win32_1.5.0.202011040924/tools/bin/../lib/gcc/arm-none-eabi/9.3.1/thumb/v7e-m+fp/hard\libgcc.a(_udivmoddi4.o)
 .ARM.attributes
                0x0000000000000b66       0x1e c:/st/stm32cubeide_1.5.0/stm32cubeide/plugins/com.st.stm32cube.ide.mcu.externaltools.gnu-tools-for-stm32.9-2020-q2-update.win32_1.5.0.202011040924/tools/bin/../lib/gcc/arm-none-eabi/9.3.1/thumb/v7e-m+fp/hard\libgcc.a(_dvmd_tls.o)
 .ARM.attributes
                0x0000000000000b84       0x1e c:/st/stm32cubeide_1.5.0/stm32cubeide/plugins/com.st.stm32cube.ide.mcu.externaltools.gnu-tools-for-stm32.9-2020-q2-update.win32_1.5.0.202011040924/tools/bin/../lib/gcc/arm-none-eabi/9.3.1/thumb/v7e-m+fp/hard/crtn.o
OUTPUT(Nucleo-F401_Code.elf elf32-littlearm)
LOAD linker stubs
LOAD c:/st/stm32cubeide_1.5.0/stm32cubeide/plugins/com.st.stm32cube.ide.mcu.externaltools.gnu-tools-for-stm32.9-2020-q2-update.win32_1.5.0.202011040924/tools/bin/../lib/gcc/arm-none-eabi/9.3.1/../../../../arm-none-eabi/lib/thumb/v7e-m+fp/hard\libc.a
LOAD c:/st/stm32cubeide_1.5.0/stm32cubeide/plugins/com.st.stm32cube.ide.mcu.externaltools.gnu-tools-for-stm32.9-2020-q2-update.win32_1.5.0.202011040924/tools/bin/../lib/gcc/arm-none-eabi/9.3.1/../../../../arm-none-eabi/lib/thumb/v7e-m+fp/hard\libm.a
LOAD c:/st/stm32cubeide_1.5.0/stm32cubeide/plugins/com.st.stm32cube.ide.mcu.externaltools.gnu-tools-for-stm32.9-2020-q2-update.win32_1.5.0.202011040924/tools/bin/../lib/gcc/arm-none-eabi/9.3.1/thumb/v7e-m+fp/hard\libgcc.a

.debug_info     0x0000000000000000    0x3389e
 .debug_info    0x0000000000000000      0x89a Core/Src/I2C_LCD1602.o
 .debug_info    0x000000000000089a      0x8c8 Core/Src/Zeus_define.o
 .debug_info    0x0000000000001162      0xac4 Core/Src/adc.o
 .debug_info    0x0000000000001c26      0x532 Core/Src/dma.o
 .debug_info    0x0000000000002158      0x53e Core/Src/gpio.o
 .debug_info    0x0000000000002696      0xaaf Core/Src/i2c.o
 .debug_info    0x0000000000003145     0x3c01 Core/Src/main.o
 .debug_info    0x0000000000006d46      0x3c0 Core/Src/stm32f4xx_hal_msp.o
 .debug_info    0x0000000000007106      0x4af Core/Src/stm32f4xx_it.o
 .debug_info    0x00000000000075b5      0xa25 Core/Src/sysmem.o
 .debug_info    0x0000000000007fda      0x5d0 Core/Src/system_stm32f4xx.o
 .debug_info    0x00000000000085aa      0xa28 Core/Src/usart.o
 .debug_info    0x0000000000008fd2     0x2a14 Core/Src/u8g/u8g_arm.o
 .debug_info    0x000000000000b9e6     0x23a8 Core/Src/u8g/u8g_clip.o
 .debug_info    0x000000000000dd8e     0x2baf Core/Src/u8g/u8g_com_api.o
 .debug_info    0x000000000001093d     0x22ef Core/Src/u8g/u8g_com_null.o
 .debug_info    0x0000000000012c2c     0x2923 Core/Src/u8g/u8g_dev_ssd1306_128x64.o
 .debug_info    0x000000000001554f     0x3cd5 Core/Src/u8g/u8g_font.o
 .debug_info    0x0000000000019224     0x3ae1 Core/Src/u8g/u8g_font_data.o
 .debug_info    0x000000000001cd05     0x2c93 Core/Src/u8g/u8g_ll_api.o
 .debug_info    0x000000000001f998     0x239b Core/Src/u8g/u8g_page.o
 .debug_info    0x0000000000021d33     0x25df Core/Src/u8g/u8g_pb.o
 .debug_info    0x0000000000024312     0x2de2 Core/Src/u8g/u8g_pb8v1.o
 .debug_info    0x00000000000270f4     0x269f Core/Src/u8g/u8g_rect.o
 .debug_info    0x0000000000029793     0x2319 Core/Src/u8g/u8g_state.o
 .debug_info    0x000000000002baac       0x22 Core/Startup/startup_stm32f401retx.o
 .debug_info    0x000000000002bace      0x93d Drivers/STM32F4xx_HAL_Driver/Src/stm32f4xx_hal.o
 .debug_info    0x000000000002c40b      0xdb4 Drivers/STM32F4xx_HAL_Driver/Src/stm32f4xx_hal_adc.o
 .debug_info    0x000000000002d1bf      0xe41 Drivers/STM32F4xx_HAL_Driver/Src/stm32f4xx_hal_cortex.o
 .debug_info    0x000000000002e000      0x9e9 Drivers/STM32F4xx_HAL_Driver/Src/stm32f4xx_hal_dma.o
 .debug_info    0x000000000002e9e9      0x862 Drivers/STM32F4xx_HAL_Driver/Src/stm32f4xx_hal_gpio.o
 .debug_info    0x000000000002f24b     0x2639 Drivers/STM32F4xx_HAL_Driver/Src/stm32f4xx_hal_i2c.o
 .debug_info    0x0000000000031884      0x9bd Drivers/STM32F4xx_HAL_Driver/Src/stm32f4xx_hal_rcc.o
 .debug_info    0x0000000000032241     0x165d Drivers/STM32F4xx_HAL_Driver/Src/stm32f4xx_hal_uart.o

.debug_abbrev   0x0000000000000000     0x3e41
 .debug_abbrev  0x0000000000000000      0x1db Core/Src/I2C_LCD1602.o
 .debug_abbrev  0x00000000000001db      0x1da Core/Src/Zeus_define.o
 .debug_abbrev  0x00000000000003b5      0x1ce Core/Src/adc.o
 .debug_abbrev  0x0000000000000583      0x11b Core/Src/dma.o
 .debug_abbrev  0x000000000000069e      0x14e Core/Src/gpio.o
 .debug_abbrev  0x00000000000007ec      0x1bb Core/Src/i2c.o
 .debug_abbrev  0x00000000000009a7      0x2d7 Core/Src/main.o
 .debug_abbrev  0x0000000000000c7e      0x11d Core/Src/stm32f4xx_hal_msp.o
 .debug_abbrev  0x0000000000000d9b      0x134 Core/Src/stm32f4xx_it.o
 .debug_abbrev  0x0000000000000ecf      0x1bf Core/Src/sysmem.o
 .debug_abbrev  0x000000000000108e      0x145 Core/Src/system_stm32f4xx.o
 .debug_abbrev  0x00000000000011d3      0x1bb Core/Src/usart.o
 .debug_abbrev  0x000000000000138e      0x22e Core/Src/u8g/u8g_arm.o
 .debug_abbrev  0x00000000000015bc      0x195 Core/Src/u8g/u8g_clip.o
 .debug_abbrev  0x0000000000001751      0x1ea Core/Src/u8g/u8g_com_api.o
 .debug_abbrev  0x000000000000193b      0x144 Core/Src/u8g/u8g_com_null.o
 .debug_abbrev  0x0000000000001a7f      0x1e7 Core/Src/u8g/u8g_dev_ssd1306_128x64.o
 .debug_abbrev  0x0000000000001c66      0x2b4 Core/Src/u8g/u8g_font.o
 .debug_abbrev  0x0000000000001f1a      0x15e Core/Src/u8g/u8g_font_data.o
 .debug_abbrev  0x0000000000002078      0x261 Core/Src/u8g/u8g_ll_api.o
 .debug_abbrev  0x00000000000022d9      0x18d Core/Src/u8g/u8g_page.o
 .debug_abbrev  0x0000000000002466      0x1a2 Core/Src/u8g/u8g_pb.o
 .debug_abbrev  0x0000000000002608      0x233 Core/Src/u8g/u8g_pb8v1.o
 .debug_abbrev  0x000000000000283b      0x183 Core/Src/u8g/u8g_rect.o
 .debug_abbrev  0x00000000000029be      0x17a Core/Src/u8g/u8g_state.o
 .debug_abbrev  0x0000000000002b38       0x12 Core/Startup/startup_stm32f401retx.o
 .debug_abbrev  0x0000000000002b4a      0x21e Drivers/STM32F4xx_HAL_Driver/Src/stm32f4xx_hal.o
 .debug_abbrev  0x0000000000002d68      0x1ef Drivers/STM32F4xx_HAL_Driver/Src/stm32f4xx_hal_adc.o
 .debug_abbrev  0x0000000000002f57      0x33c Drivers/STM32F4xx_HAL_Driver/Src/stm32f4xx_hal_cortex.o
 .debug_abbrev  0x0000000000003293      0x219 Drivers/STM32F4xx_HAL_Driver/Src/stm32f4xx_hal_dma.o
 .debug_abbrev  0x00000000000034ac      0x1f1 Drivers/STM32F4xx_HAL_Driver/Src/stm32f4xx_hal_gpio.o
 .debug_abbrev  0x000000000000369d      0x293 Drivers/STM32F4xx_HAL_Driver/Src/stm32f4xx_hal_i2c.o
 .debug_abbrev  0x0000000000003930      0x275 Drivers/STM32F4xx_HAL_Driver/Src/stm32f4xx_hal_rcc.o
 .debug_abbrev  0x0000000000003ba5      0x29c Drivers/STM32F4xx_HAL_Driver/Src/stm32f4xx_hal_uart.o

.debug_aranges  0x0000000000000000     0x1228
 .debug_aranges
                0x0000000000000000       0x70 Core/Src/I2C_LCD1602.o
 .debug_aranges
                0x0000000000000070       0x38 Core/Src/Zeus_define.o
 .debug_aranges
                0x00000000000000a8       0x30 Core/Src/adc.o
 .debug_aranges
                0x00000000000000d8       0x20 Core/Src/dma.o
 .debug_aranges
                0x00000000000000f8       0x20 Core/Src/gpio.o
 .debug_aranges
                0x0000000000000118       0x30 Core/Src/i2c.o
 .debug_aranges
                0x0000000000000148       0x48 Core/Src/main.o
 .debug_aranges
                0x0000000000000190       0x20 Core/Src/stm32f4xx_hal_msp.o
 .debug_aranges
                0x00000000000001b0       0x68 Core/Src/stm32f4xx_it.o
 .debug_aranges
                0x0000000000000218       0x20 Core/Src/sysmem.o
 .debug_aranges
                0x0000000000000238       0x28 Core/Src/system_stm32f4xx.o
 .debug_aranges
                0x0000000000000260       0x30 Core/Src/usart.o
 .debug_aranges
                0x0000000000000290       0x30 Core/Src/u8g/u8g_arm.o
 .debug_aranges
                0x00000000000002c0       0x20 Core/Src/u8g/u8g_clip.o
 .debug_aranges
                0x00000000000002e0       0x68 Core/Src/u8g/u8g_com_api.o
 .debug_aranges
                0x0000000000000348       0x20 Core/Src/u8g/u8g_com_null.o
 .debug_aranges
                0x0000000000000368       0x40 Core/Src/u8g/u8g_dev_ssd1306_128x64.o
 .debug_aranges
                0x00000000000003a8      0x2a8 Core/Src/u8g/u8g_font.o
 .debug_aranges
                0x0000000000000650       0x18 Core/Src/u8g/u8g_font_data.o
 .debug_aranges
                0x0000000000000668      0x140 Core/Src/u8g/u8g_ll_api.o
 .debug_aranges
                0x00000000000007a8       0x30 Core/Src/u8g/u8g_page.o
 .debug_aranges
                0x00000000000007d8       0x50 Core/Src/u8g/u8g_pb.o
 .debug_aranges
                0x0000000000000828       0x48 Core/Src/u8g/u8g_pb8v1.o
 .debug_aranges
                0x0000000000000870       0x60 Core/Src/u8g/u8g_rect.o
 .debug_aranges
                0x00000000000008d0       0x30 Core/Src/u8g/u8g_state.o
 .debug_aranges
                0x0000000000000900       0x28 Core/Startup/startup_stm32f401retx.o
 .debug_aranges
                0x0000000000000928       0xf0 Drivers/STM32F4xx_HAL_Driver/Src/stm32f4xx_hal.o
 .debug_aranges
                0x0000000000000a18       0xe8 Drivers/STM32F4xx_HAL_Driver/Src/stm32f4xx_hal_adc.o
 .debug_aranges
                0x0000000000000b00      0x118 Drivers/STM32F4xx_HAL_Driver/Src/stm32f4xx_hal_cortex.o
 .debug_aranges
                0x0000000000000c18       0x90 Drivers/STM32F4xx_HAL_Driver/Src/stm32f4xx_hal_dma.o
 .debug_aranges
                0x0000000000000ca8       0x58 Drivers/STM32F4xx_HAL_Driver/Src/stm32f4xx_hal_gpio.o
 .debug_aranges
                0x0000000000000d00      0x2a0 Drivers/STM32F4xx_HAL_Driver/Src/stm32f4xx_hal_i2c.o
 .debug_aranges
                0x0000000000000fa0       0x88 Drivers/STM32F4xx_HAL_Driver/Src/stm32f4xx_hal_rcc.o
 .debug_aranges
                0x0000000000001028      0x200 Drivers/STM32F4xx_HAL_Driver/Src/stm32f4xx_hal_uart.o

.debug_ranges   0x0000000000000000     0x1060
 .debug_ranges  0x0000000000000000       0x60 Core/Src/I2C_LCD1602.o
 .debug_ranges  0x0000000000000060       0x28 Core/Src/Zeus_define.o
 .debug_ranges  0x0000000000000088       0x20 Core/Src/adc.o
 .debug_ranges  0x00000000000000a8       0x10 Core/Src/dma.o
 .debug_ranges  0x00000000000000b8       0x10 Core/Src/gpio.o
 .debug_ranges  0x00000000000000c8       0x20 Core/Src/i2c.o
 .debug_ranges  0x00000000000000e8       0x38 Core/Src/main.o
 .debug_ranges  0x0000000000000120       0x10 Core/Src/stm32f4xx_hal_msp.o
 .debug_ranges  0x0000000000000130       0x58 Core/Src/stm32f4xx_it.o
 .debug_ranges  0x0000000000000188       0x10 Core/Src/sysmem.o
 .debug_ranges  0x0000000000000198       0x18 Core/Src/system_stm32f4xx.o
 .debug_ranges  0x00000000000001b0       0x20 Core/Src/usart.o
 .debug_ranges  0x00000000000001d0       0x20 Core/Src/u8g/u8g_arm.o
 .debug_ranges  0x00000000000001f0       0x10 Core/Src/u8g/u8g_clip.o
 .debug_ranges  0x0000000000000200       0x58 Core/Src/u8g/u8g_com_api.o
 .debug_ranges  0x0000000000000258       0x10 Core/Src/u8g/u8g_com_null.o
 .debug_ranges  0x0000000000000268       0x30 Core/Src/u8g/u8g_dev_ssd1306_128x64.o
 .debug_ranges  0x0000000000000298      0x298 Core/Src/u8g/u8g_font.o
 .debug_ranges  0x0000000000000530      0x130 Core/Src/u8g/u8g_ll_api.o
 .debug_ranges  0x0000000000000660       0x20 Core/Src/u8g/u8g_page.o
 .debug_ranges  0x0000000000000680       0x40 Core/Src/u8g/u8g_pb.o
 .debug_ranges  0x00000000000006c0       0x38 Core/Src/u8g/u8g_pb8v1.o
 .debug_ranges  0x00000000000006f8       0x50 Core/Src/u8g/u8g_rect.o
 .debug_ranges  0x0000000000000748       0x20 Core/Src/u8g/u8g_state.o
 .debug_ranges  0x0000000000000768       0x20 Core/Startup/startup_stm32f401retx.o
 .debug_ranges  0x0000000000000788       0xe0 Drivers/STM32F4xx_HAL_Driver/Src/stm32f4xx_hal.o
 .debug_ranges  0x0000000000000868       0xd8 Drivers/STM32F4xx_HAL_Driver/Src/stm32f4xx_hal_adc.o
 .debug_ranges  0x0000000000000940      0x108 Drivers/STM32F4xx_HAL_Driver/Src/stm32f4xx_hal_cortex.o
 .debug_ranges  0x0000000000000a48       0x80 Drivers/STM32F4xx_HAL_Driver/Src/stm32f4xx_hal_dma.o
 .debug_ranges  0x0000000000000ac8       0x48 Drivers/STM32F4xx_HAL_Driver/Src/stm32f4xx_hal_gpio.o
 .debug_ranges  0x0000000000000b10      0x2b8 Drivers/STM32F4xx_HAL_Driver/Src/stm32f4xx_hal_i2c.o
 .debug_ranges  0x0000000000000dc8       0x78 Drivers/STM32F4xx_HAL_Driver/Src/stm32f4xx_hal_rcc.o
 .debug_ranges  0x0000000000000e40      0x220 Drivers/STM32F4xx_HAL_Driver/Src/stm32f4xx_hal_uart.o

.debug_macro    0x0000000000000000    0x18f44
 .debug_macro   0x0000000000000000      0x21f Core/Src/I2C_LCD1602.o
 .debug_macro   0x000000000000021f      0xaa8 Core/Src/I2C_LCD1602.o
 .debug_macro   0x0000000000000cc7      0x2a1 Core/Src/I2C_LCD1602.o
 .debug_macro   0x0000000000000f68       0x2e Core/Src/I2C_LCD1602.o
 .debug_macro   0x0000000000000f96       0x28 Core/Src/I2C_LCD1602.o
 .debug_macro   0x0000000000000fbe       0x22 Core/Src/I2C_LCD1602.o
 .debug_macro   0x0000000000000fe0       0x8e Core/Src/I2C_LCD1602.o
 .debug_macro   0x000000000000106e       0x51 Core/Src/I2C_LCD1602.o
 .debug_macro   0x00000000000010bf      0x103 Core/Src/I2C_LCD1602.o
 .debug_macro   0x00000000000011c2       0x6a Core/Src/I2C_LCD1602.o
 .debug_macro   0x000000000000122c      0x1df Core/Src/I2C_LCD1602.o
 .debug_macro   0x000000000000140b       0x1c Core/Src/I2C_LCD1602.o
 .debug_macro   0x0000000000001427       0x22 Core/Src/I2C_LCD1602.o
 .debug_macro   0x0000000000001449       0xdf Core/Src/I2C_LCD1602.o
 .debug_macro   0x0000000000001528     0x102d Core/Src/I2C_LCD1602.o
 .debug_macro   0x0000000000002555      0x11f Core/Src/I2C_LCD1602.o
 .debug_macro   0x0000000000002674     0xb850 Core/Src/I2C_LCD1602.o
 .debug_macro   0x000000000000dec4       0x43 Core/Src/I2C_LCD1602.o
 .debug_macro   0x000000000000df07     0x3659 Core/Src/I2C_LCD1602.o
 .debug_macro   0x0000000000011560      0x174 Core/Src/I2C_LCD1602.o
 .debug_macro   0x00000000000116d4       0x5c Core/Src/I2C_LCD1602.o
 .debug_macro   0x0000000000011730      0x416 Core/Src/I2C_LCD1602.o
 .debug_macro   0x0000000000011b46      0x9fe Core/Src/I2C_LCD1602.o
 .debug_macro   0x0000000000012544      0x117 Core/Src/I2C_LCD1602.o
 .debug_macro   0x000000000001265b       0xf8 Core/Src/I2C_LCD1602.o
 .debug_macro   0x0000000000012753       0x82 Core/Src/I2C_LCD1602.o
 .debug_macro   0x00000000000127d5      0x15f Core/Src/I2C_LCD1602.o
 .debug_macro   0x0000000000012934      0x287 Core/Src/I2C_LCD1602.o
 .debug_macro   0x0000000000012bbb       0x5f Core/Src/I2C_LCD1602.o
 .debug_macro   0x0000000000012c1a      0x236 Core/Src/I2C_LCD1602.o
 .debug_macro   0x0000000000012e50      0x9e1 Core/Src/I2C_LCD1602.o
 .debug_macro   0x0000000000013831      0x38b Core/Src/I2C_LCD1602.o
 .debug_macro   0x0000000000013bbc      0x176 Core/Src/I2C_LCD1602.o
 .debug_macro   0x0000000000013d32       0xf9 Core/Src/I2C_LCD1602.o
 .debug_macro   0x0000000000013e2b      0x132 Core/Src/I2C_LCD1602.o
 .debug_macro   0x0000000000013f5d      0x264 Core/Src/I2C_LCD1602.o
 .debug_macro   0x00000000000141c1       0x2e Core/Src/I2C_LCD1602.o
 .debug_macro   0x00000000000141ef      0x1b5 Core/Src/I2C_LCD1602.o
 .debug_macro   0x00000000000143a4       0x22 Core/Src/I2C_LCD1602.o
 .debug_macro   0x00000000000143c6       0xd6 Core/Src/I2C_LCD1602.o
 .debug_macro   0x000000000001449c      0x11a Core/Src/I2C_LCD1602.o
 .debug_macro   0x00000000000145b6       0x85 Core/Src/I2C_LCD1602.o
 .debug_macro   0x000000000001463b       0x89 Core/Src/I2C_LCD1602.o
 .debug_macro   0x00000000000146c4      0x295 Core/Src/I2C_LCD1602.o
 .debug_macro   0x0000000000014959      0x126 Core/Src/I2C_LCD1602.o
 .debug_macro   0x0000000000014a7f       0x94 Core/Src/I2C_LCD1602.o
 .debug_macro   0x0000000000014b13       0x2e Core/Src/I2C_LCD1602.o
 .debug_macro   0x0000000000014b41      0x20a Core/Src/Zeus_define.o
 .debug_macro   0x0000000000014d4b       0x28 Core/Src/Zeus_define.o
 .debug_macro   0x0000000000014d73      0x214 Core/Src/adc.o
 .debug_macro   0x0000000000014f87      0x214 Core/Src/dma.o
 .debug_macro   0x000000000001519b      0x214 Core/Src/gpio.o
 .debug_macro   0x00000000000153af      0x214 Core/Src/i2c.o
 .debug_macro   0x00000000000155c3      0x3d2 Core/Src/main.o
 .debug_macro   0x0000000000015995       0x52 Core/Src/main.o
 .debug_macro   0x00000000000159e7       0x18 Core/Src/main.o
 .debug_macro   0x00000000000159ff       0x3c Core/Src/main.o
 .debug_macro   0x0000000000015a3b       0x34 Core/Src/main.o
 .debug_macro   0x0000000000015a6f       0x16 Core/Src/main.o
 .debug_macro   0x0000000000015a85       0x35 Core/Src/main.o
 .debug_macro   0x0000000000015aba      0x333 Core/Src/main.o
 .debug_macro   0x0000000000015ded       0x10 Core/Src/main.o
 .debug_macro   0x0000000000015dfd       0x16 Core/Src/main.o
 .debug_macro   0x0000000000015e13       0x43 Core/Src/main.o
 .debug_macro   0x0000000000015e56       0x34 Core/Src/main.o
 .debug_macro   0x0000000000015e8a       0x10 Core/Src/main.o
 .debug_macro   0x0000000000015e9a       0x58 Core/Src/main.o
 .debug_macro   0x0000000000015ef2       0x71 Core/Src/main.o
 .debug_macro   0x0000000000015f63       0x1c Core/Src/main.o
 .debug_macro   0x0000000000015f7f      0x12a Core/Src/main.o
 .debug_macro   0x00000000000160a9       0x10 Core/Src/main.o
 .debug_macro   0x00000000000160b9       0x1c Core/Src/main.o
 .debug_macro   0x00000000000160d5       0x52 Core/Src/main.o
 .debug_macro   0x0000000000016127       0x22 Core/Src/main.o
 .debug_macro   0x0000000000016149       0x10 Core/Src/main.o
 .debug_macro   0x0000000000016159       0x40 Core/Src/main.o
 .debug_macro   0x0000000000016199       0xd5 Core/Src/main.o
 .debug_macro   0x000000000001626e       0x1c Core/Src/main.o
 .debug_macro   0x000000000001628a       0x3d Core/Src/main.o
 .debug_macro   0x00000000000162c7       0x16 Core/Src/main.o
 .debug_macro   0x00000000000162dd      0x145 Core/Src/main.o
 .debug_macro   0x0000000000016422       0x34 Core/Src/main.o
 .debug_macro   0x0000000000016456       0x2e Core/Src/main.o
 .debug_macro   0x0000000000016484       0x10 Core/Src/main.o
 .debug_macro   0x0000000000016494      0x3fb Core/Src/main.o
 .debug_macro   0x000000000001688f       0x1c Core/Src/main.o
 .debug_macro   0x00000000000168ab      0x20a Core/Src/stm32f4xx_hal_msp.o
 .debug_macro   0x0000000000016ab5      0x214 Core/Src/stm32f4xx_it.o
 .debug_macro   0x0000000000016cc9       0xff Core/Src/sysmem.o
 .debug_macro   0x0000000000016dc8      0x23b Core/Src/sysmem.o
 .debug_macro   0x0000000000017003      0x201 Core/Src/system_stm32f4xx.o
 .debug_macro   0x0000000000017204      0x214 Core/Src/usart.o
 .debug_macro   0x0000000000017418      0x21c Core/Src/u8g/u8g_arm.o
 .debug_macro   0x0000000000017634       0x86 Core/Src/u8g/u8g_clip.o
 .debug_macro   0x00000000000176ba      0x220 Core/Src/u8g/u8g_com_api.o
 .debug_macro   0x00000000000178da       0x7a Core/Src/u8g/u8g_com_null.o
 .debug_macro   0x0000000000017954       0x93 Core/Src/u8g/u8g_dev_ssd1306_128x64.o
 .debug_macro   0x00000000000179e7       0x80 Core/Src/u8g/u8g_font.o
 .debug_macro   0x0000000000017a67       0x7a Core/Src/u8g/u8g_font_data.o
 .debug_macro   0x0000000000017ae1       0x7e Core/Src/u8g/u8g_ll_api.o