I2C_LCD1602.c:14:6:I2C_LCD1602_Send_Command	32	static
I2C_LCD1602.c:29:6:I2C_LCD1602_Send_Data	32	static
I2C_LCD1602.c:44:6:I2C_LCD1602_Init	8	static
I2C_LCD1602.c:59:6:I2C_LCD1602_Send_string	16	static
I2C_LCD1602.c:63:6:I2C_LCD1602_GotoXY	16	static
I2C_LCD1602.c:69:6:I2C_LCD1602_Send_String_XY	16	static
I2C_LCD1602.c:74:6:I2C_LCD1602_BlinkOn	8	static
I2C_LCD1602.c:75:6:I2C_LCD1602_BlinkOff	8	static
I2C_LCD1602.c:76:6:I2C_LCD1602_CursorOn	8	static
I2C_LCD1602.c:77:6:I2C_LCD1602_CursorOff	8	static
I2C_LCD1602.c:79:6:I2C_LCD1602_Clear	8	static
